Archive member included to satisfy reference by file (symbol)

/home/george/Desktop/Internship/makeself_dir_Ey9llo/STM32/plugins/com.st.stm32cube.ide.mcu.externaltools.gnu-tools-for-stm32.13.3.rel1.linux64_1.0.100.202509120712/tools/bin/../lib/gcc/arm-none-eabi/13.3.1/../../../../arm-none-eabi/lib/thumb/v7e-m+dp/hard/libc_nano.a(libc_a-exit.o)
                              /home/george/Desktop/Internship/makeself_dir_Ey9llo/STM32/plugins/com.st.stm32cube.ide.mcu.externaltools.gnu-tools-for-stm32.13.3.rel1.linux64_1.0.100.202509120712/tools/bin/../lib/gcc/arm-none-eabi/13.3.1/../../../../arm-none-eabi/lib/thumb/v7e-m+dp/hard/crt0.o (exit)
/home/george/Desktop/Internship/makeself_dir_Ey9llo/STM32/plugins/com.st.stm32cube.ide.mcu.externaltools.gnu-tools-for-stm32.13.3.rel1.linux64_1.0.100.202509120712/tools/bin/../lib/gcc/arm-none-eabi/13.3.1/../../../../arm-none-eabi/lib/thumb/v7e-m+dp/hard/libc_nano.a(libc_a-findfp.o)
                              /home/george/Desktop/Internship/makeself_dir_Ey9llo/STM32/plugins/com.st.stm32cube.ide.mcu.externaltools.gnu-tools-for-stm32.13.3.rel1.linux64_1.0.100.202509120712/tools/bin/../lib/gcc/arm-none-eabi/13.3.1/../../../../arm-none-eabi/lib/thumb/v7e-m+dp/hard/libc_nano.a(libc_a-exit.o) (__stdio_exit_handler)
/home/george/Desktop/Internship/makeself_dir_Ey9llo/STM32/plugins/com.st.stm32cube.ide.mcu.externaltools.gnu-tools-for-stm32.13.3.rel1.linux64_1.0.100.202509120712/tools/bin/../lib/gcc/arm-none-eabi/13.3.1/../../../../arm-none-eabi/lib/thumb/v7e-m+dp/hard/libc_nano.a(libc_a-fwalk.o)
                              /home/george/Desktop/Internship/makeself_dir_Ey9llo/STM32/plugins/com.st.stm32cube.ide.mcu.externaltools.gnu-tools-for-stm32.13.3.rel1.linux64_1.0.100.202509120712/tools/bin/../lib/gcc/arm-none-eabi/13.3.1/../../../../arm-none-eabi/lib/thumb/v7e-m+dp/hard/libc_nano.a(libc_a-findfp.o) (_fwalk_sglue)
/home/george/Desktop/Internship/makeself_dir_Ey9llo/STM32/plugins/com.st.stm32cube.ide.mcu.externaltools.gnu-tools-for-stm32.13.3.rel1.linux64_1.0.100.202509120712/tools/bin/../lib/gcc/arm-none-eabi/13.3.1/../../../../arm-none-eabi/lib/thumb/v7e-m+dp/hard/libc_nano.a(libc_a-stdio.o)
                              /home/george/Desktop/Internship/makeself_dir_Ey9llo/STM32/plugins/com.st.stm32cube.ide.mcu.externaltools.gnu-tools-for-stm32.13.3.rel1.linux64_1.0.100.202509120712/tools/bin/../lib/gcc/arm-none-eabi/13.3.1/../../../../arm-none-eabi/lib/thumb/v7e-m+dp/hard/libc_nano.a(libc_a-findfp.o) (__sread)
/home/george/Desktop/Internship/makeself_dir_Ey9llo/STM32/plugins/com.st.stm32cube.ide.mcu.externaltools.gnu-tools-for-stm32.13.3.rel1.linux64_1.0.100.202509120712/tools/bin/../lib/gcc/arm-none-eabi/13.3.1/../../../../arm-none-eabi/lib/thumb/v7e-m+dp/hard/libc_nano.a(libc_a-memset.o)
                              /home/george/Desktop/Internship/makeself_dir_Ey9llo/STM32/plugins/com.st.stm32cube.ide.mcu.externaltools.gnu-tools-for-stm32.13.3.rel1.linux64_1.0.100.202509120712/tools/bin/../lib/gcc/arm-none-eabi/13.3.1/../../../../arm-none-eabi/lib/thumb/v7e-m+dp/hard/crt0.o (memset)
/home/george/Desktop/Internship/makeself_dir_Ey9llo/STM32/plugins/com.st.stm32cube.ide.mcu.externaltools.gnu-tools-for-stm32.13.3.rel1.linux64_1.0.100.202509120712/tools/bin/../lib/gcc/arm-none-eabi/13.3.1/../../../../arm-none-eabi/lib/thumb/v7e-m+dp/hard/libc_nano.a(libc_a-closer.o)
                              /home/george/Desktop/Internship/makeself_dir_Ey9llo/STM32/plugins/com.st.stm32cube.ide.mcu.externaltools.gnu-tools-for-stm32.13.3.rel1.linux64_1.0.100.202509120712/tools/bin/../lib/gcc/arm-none-eabi/13.3.1/../../../../arm-none-eabi/lib/thumb/v7e-m+dp/hard/libc_nano.a(libc_a-stdio.o) (_close_r)
/home/george/Desktop/Internship/makeself_dir_Ey9llo/STM32/plugins/com.st.stm32cube.ide.mcu.externaltools.gnu-tools-for-stm32.13.3.rel1.linux64_1.0.100.202509120712/tools/bin/../lib/gcc/arm-none-eabi/13.3.1/../../../../arm-none-eabi/lib/thumb/v7e-m+dp/hard/libc_nano.a(libc_a-reent.o)
                              /home/george/Desktop/Internship/makeself_dir_Ey9llo/STM32/plugins/com.st.stm32cube.ide.mcu.externaltools.gnu-tools-for-stm32.13.3.rel1.linux64_1.0.100.202509120712/tools/bin/../lib/gcc/arm-none-eabi/13.3.1/../../../../arm-none-eabi/lib/thumb/v7e-m+dp/hard/libc_nano.a(libc_a-closer.o) (errno)
/home/george/Desktop/Internship/makeself_dir_Ey9llo/STM32/plugins/com.st.stm32cube.ide.mcu.externaltools.gnu-tools-for-stm32.13.3.rel1.linux64_1.0.100.202509120712/tools/bin/../lib/gcc/arm-none-eabi/13.3.1/../../../../arm-none-eabi/lib/thumb/v7e-m+dp/hard/libc_nano.a(libc_a-impure.o)
                              /home/george/Desktop/Internship/makeself_dir_Ey9llo/STM32/plugins/com.st.stm32cube.ide.mcu.externaltools.gnu-tools-for-stm32.13.3.rel1.linux64_1.0.100.202509120712/tools/bin/../lib/gcc/arm-none-eabi/13.3.1/../../../../arm-none-eabi/lib/thumb/v7e-m+dp/hard/libc_nano.a(libc_a-reent.o) (_impure_ptr)
[...]
Memory Configuration

Name             Origin             Length             Attributes
RAM_D1           0x24000000         0x00080000         xrw
FLASH            0x08000000         0x00100000         xr
DTCMRAM          0x20000000         0x00020000         xrw
RAM_D2           0x30000000         0x00048000         xrw
RAM_D3           0x38000000         0x00010000         xrw
ITCMRAM          0x00000000         0x00010000         xrw
SHARED_RAM       0x38000000         0x00001000         xrw
*default*        0x00000000         0xffffffff

Linker script and memory map

LOAD /home/george/Desktop/Internship/makeself_dir_Ey9llo/STM32/plugins/com.st.stm32cube.ide.mcu.externaltools.gnu-tools-for-stm32.13.3.rel1.linux64_1.0.100.202509120712/tools/bin/../lib/gcc/arm-none-eabi/13.3.1/thumb/v7e-m+dp/hard/crti.o
LOAD /home/george/Desktop/Internship/makeself_dir_Ey9llo/STM32/plugins/com.st.stm32cube.ide.mcu.externaltools.gnu-tools-for-stm32.13.3.rel1.linux64_1.0.100.202509120712/tools/bin/../lib/gcc/arm-none-eabi/13.3.1/thumb/v7e-m+dp/hard/crtbegin.o
LOAD /home/george/Desktop/Internship/makeself_dir_Ey9llo/STM32/plugins/com.st.stm32cube.ide.mcu.externaltools.gnu-tools-for-stm32.13.3.rel1.linux64_1.0.100.202509120712/tools/bin/../lib/gcc/arm-none-eabi/13.3.1/../../../../arm-none-eabi/lib/thumb/v7e-m+dp/hard/crt0.o
LOAD ./Application/User/Core/adc.o
LOAD ./Application/User/Core/freertos.o
LOAD ./Application/User/Core/gpio.o
LOAD ./Application/User/Core/main.o
LOAD ./Application/User/Core/stm32h7xx_hal_msp.o
LOAD ./Application/User/Core/stm32h7xx_hal_timebase_tim.o
LOAD ./Application/User/Core/stm32h7xx_it.o
LOAD ./Application/User/Core/syscalls.o
LOAD ./Application/User/Core/sysmem.o
LOAD ./Application/User/Core/usart.o
LOAD ./Application/User/Startup/startup_stm32h755zitx.o
LOAD ./Drivers/CMSIS/system_stm32h7xx_dualcore_boot_cm4_cm7.o
LOAD ./Drivers/STM32H7xx_HAL_Driver/stm32h7xx_hal.o
LOAD ./Drivers/STM32H7xx_HAL_Driver/stm32h7xx_hal_adc.o
LOAD ./Drivers/STM32H7xx_HAL_Driver/stm32h7xx_hal_adc_ex.o
LOAD ./Drivers/STM32H7xx_HAL_Driver/stm32h7xx_hal_cortex.o
LOAD ./Drivers/STM32H7xx_HAL_Driver/stm32h7xx_hal_dma.o
LOAD ./Drivers/STM32H7xx_HAL_Driver/stm32h7xx_hal_dma_ex.o
LOAD ./Drivers/STM32H7xx_HAL_Driver/stm32h7xx_hal_exti.o
LOAD ./Drivers/STM32H7xx_HAL_Driver/stm32h7xx_hal_flash.o
LOAD ./Drivers/STM32H7xx_HAL_Driver/stm32h7xx_hal_flash_ex.o
LOAD ./Drivers/STM32H7xx_HAL_Driver/stm32h7xx_hal_gpio.o
LOAD ./Drivers/STM32H7xx_HAL_Driver/stm32h7xx_hal_hsem.o
LOAD ./Drivers/STM32H7xx_HAL_Driver/stm32h7xx_hal_i2c.o
LOAD ./Drivers/STM32H7xx_HAL_Driver/stm32h7xx_hal_i2c_ex.o
LOAD ./Drivers/STM32H7xx_HAL_Driver/stm32h7xx_hal_mdma.o
LOAD ./Drivers/STM32H7xx_HAL_Driver/stm32h7xx_hal_pwr.o
LOAD ./Drivers/STM32H7xx_HAL_Driver/stm32h7xx_hal_pwr_ex.o
LOAD ./Drivers/STM32H7xx_HAL_Driver/stm32h7xx_hal_rcc.o
LOAD ./Drivers/STM32H7xx_HAL_Driver/stm32h7xx_hal_rcc_ex.o
LOAD ./Drivers/STM32H7xx_HAL_Driver/stm32h7xx_hal_tim.o
LOAD ./Drivers/STM32H7xx_HAL_Driver/stm32h7xx_hal_tim_ex.o
LOAD ./Drivers/STM32H7xx_HAL_Driver/stm32h7xx_hal_uart.o
LOAD ./Drivers/STM32H7xx_HAL_Driver/stm32h7xx_hal_uart_ex.o
LOAD ./Middlewares/FreeRTOS/cmsis_os2.o
LOAD ./Middlewares/FreeRTOS/croutine.o
LOAD ./Middlewares/FreeRTOS/event_groups.o
LOAD ./Middlewares/FreeRTOS/heap_4.o
LOAD ./Middlewares/FreeRTOS/list.o
LOAD ./Middlewares/FreeRTOS/port.o
LOAD ./Middlewares/FreeRTOS/queue.o
LOAD ./Middlewares/FreeRTOS/stream_buffer.o
LOAD ./Middlewares/FreeRTOS/tasks.o
LOAD ./Middlewares/FreeRTOS/timers.o
START GROUP
LOAD /home/george/Desktop/Internship/makeself_dir_Ey9llo/STM32/plugins/com.st.stm32cube.ide.mcu.externaltools.gnu-tools-for-stm32.13.3.rel1.linux64_1.0.100.202509120712/tools/bin/../lib/gcc/arm-none-eabi/13.3.1/../../../../arm-none-eabi/lib/thumb/v7e-m+dp/hard/libc_nano.a
LOAD /home/george/Desktop/Internship/makeself_dir_Ey9llo/STM32/plugins/com.st.stm32cube.ide.mcu.externaltools.gnu-tools-for-stm32.13.3.rel1.linux64_1.0.100.202509120712/tools/bin/../lib/gcc/arm-none-eabi/13.3.1/../../../../arm-none-eabi/lib/thumb/v7e-m+dp/hard/libm.a
END GROUP
START GROUP
LOAD /home/george/Desktop/Internship/makeself_dir_Ey9llo/STM32/plugins/com.st.stm32cube.ide.mcu.externaltools.gnu-tools-for-stm32.13.3.rel1.linux64_1.0.100.202509120712/tools/bin/../lib/gcc/arm-none-eabi/13.3.1/thumb/v7e-m+dp/hard/libgcc.a
LOAD /home/george/Desktop/Internship/makeself_dir_Ey9llo/STM32/plugins/com.st.stm32cube.ide.mcu.externaltools.gnu-tools-for-stm32.13.3.rel1.linux64_1.0.100.202509120712/tools/bin/../lib/gcc/arm-none-eabi/13.3.1/../../../../arm-none-eabi/lib/thumb/v7e-m+dp/hard/libc_nano.a
END GROUP
START GROUP
LOAD /home/george/Desktop/Internship/makeself_dir_Ey9llo/STM32/plugins/com.st.stm32cube.ide.mcu.externaltools.gnu-tools-for-stm32.13.3.rel1.linux64_1.0.100.202509120712/tools/bin/../lib/gcc/arm-none-eabi/13.3.1/thumb/v7e-m+dp/hard/libgcc.a
LOAD /home/george/Desktop/Internship/makeself_dir_Ey9llo/STM32/plugins/com.st.stm32cube.ide.mcu.externaltools.gnu-tools-for-stm32.13.3.rel1.linux64_1.0.100.202509120712/tools/bin/../lib/gcc/arm-none-eabi/13.3.1/../../../../arm-none-eabi/lib/thumb/v7e-m+dp/hard/libc_nano.a
LOAD /home/george/Desktop/Internship/makeself_dir_Ey9llo/STM32/plugins/com.st.stm32cube.ide.mcu.externaltools.gnu-tools-for-stm32.13.3.rel1.linux64_1.0.100.202509120712/tools/bin/../lib/gcc/arm-none-eabi/13.3.1/../../../../arm-none-eabi/lib/thumb/v7e-m+dp/hard/libnosys.a
END GROUP
START GROUP
LOAD /home/george/Desktop/Internship/makeself_dir_Ey9llo/STM32/plugins/com.st.stm32cube.ide.mcu.externaltools.gnu-tools-for-stm32.13.3.rel1.linux64_1.0.100.202509120712/tools/bin/../lib/gcc/arm-none-eabi/13.3.1/thumb/v7e-m+dp/hard/libgcc.a
LOAD /home/george/Desktop/Internship/makeself_dir_Ey9llo/STM32/plugins/com.st.stm32cube.ide.mcu.externaltools.gnu-tools-for-stm32.13.3.rel1.linux64_1.0.100.202509120712/tools/bin/../lib/gcc/arm-none-eabi/13.3.1/../../../../arm-none-eabi/lib/thumb/v7e-m+dp/hard/libc_nano.a
LOAD /home/george/Desktop/Internship/makeself_dir_Ey9llo/STM32/plugins/com.st.stm32cube.ide.mcu.externaltools.gnu-tools-for-stm32.13.3.rel1.linux64_1.0.100.202509120712/tools/bin/../lib/gcc/arm-none-eabi/13.3.1/../../../../arm-none-eabi/lib/thumb/v7e-m+dp/hard/libnosys.a
END GROUP
LOAD /home/george/Desktop/Internship/makeself_dir_Ey9llo/STM32/plugins/com.st.stm32cube.ide.mcu.externaltools.gnu-tools-for-stm32.13.3.rel1.linux64_1.0.100.202509120712/tools/bin/../lib/gcc/arm-none-eabi/13.3.1/thumb/v7e-m+dp/hard/crtend.o
LOAD /home/george/Desktop/Internship/makeself_dir_Ey9llo/STM32/plugins/com.st.stm32cube.ide.mcu.externaltools.gnu-tools-for-stm32.13.3.rel1.linux64_1.0.100.202509120712/tools/bin/../lib/gcc/arm-none-eabi/13.3.1/thumb/v7e-m+dp/hard/crtn.o
                0x24080000                        _estack = (ORIGIN (RAM_D1) + LENGTH (RAM_D1))
                0x00000200                        _Min_Heap_Size = 0x200
                0x00000400                        _Min_Stack_Size = 0x400

.isr_vector     0x08000000      0x298
                0x08000000                        . = ALIGN (0x4)
 *(.isr_vector)
 .isr_vector    0x08000000      0x298 ./Application/User/Startup/startup_stm32h755zitx.o
                0x08000000                g_pfnVectors
                0x08000298                        . = ALIGN (0x4)

.text           0x080002a0     0x8a38
                0x080002a0                        . = ALIGN (0x4)
 *(.text)
 .text          0x080002a0       0x40 /home/george/Desktop/Internship/makeself_dir_Ey9llo/STM32/plugins/com.st.stm32cube.ide.mcu.externaltools.gnu-tools-for-stm32.13.3.rel1.linux64_1.0.100.202509120712/tools/bin/../lib/gcc/arm-none-eabi/13.3.1/thumb/v7e-m+dp/hard/crtbegin.o
 *(.text*)
 .text.MX_ADC3_Init
                0x080002e0       0xcc ./Application/User/Core/adc.o
                0x080002e0                MX_ADC3_Init
 .text.HAL_ADC_MspInit
                0x080003ac       0x98 ./Application/User/Core/adc.o
                0x080003ac                HAL_ADC_MspInit
 .text.MX_FREERTOS_Init
                0x08000444       0x24 ./Application/User/Core/freertos.o
                0x08000444                MX_FREERTOS_Init
 .text.StartDefaultTask
                0x08000468       0x10 ./Application/User/Core/freertos.o
                0x08000468                StartDefaultTask
 .text.MX_GPIO_Init
                0x08000478      0x150 ./Application/User/Core/gpio.o
                0x08000478                MX_GPIO_Init
 .text.main     0x080005c8       0xdc ./Application/User/Core/main.o
                0x080005c8                main
 .text.SystemClock_Config
                0x080006a4       0xe4 ./Application/User/Core/main.o
                0x080006a4                SystemClock_Config
 .text.HAL_TIM_PeriodElapsedCallback
                0x08000788       0x24 ./Application/User/Core/main.o
                0x08000788                HAL_TIM_PeriodElapsedCallback
 .text.Error_Handler
                0x080007ac        0xc ./Application/User/Core/main.o
                0x080007ac                Error_Handler
 .text.HAL_MspInit
                0x080007b8       0x4c ./Application/User/Core/stm32h7xx_hal_msp.o
                0x080007b8                HAL_MspInit
 .text.HAL_InitTick
                0x08000804       0xd8 ./Application/User/Core/stm32h7xx_hal_timebase_tim.o
                0x08000804                HAL_InitTick
 .text.NMI_Handler
                0x080008dc        0x8 ./Application/User/Core/stm32h7xx_it.o
                0x080008dc                NMI_Handler
 .text.HardFault_Handler
                0x080008e4        0x8 ./Application/User/Core/stm32h7xx_it.o
                0x080008e4                HardFault_Handler
 .text.MemManage_Handler
                0x080008ec        0x8 ./Application/User/Core/stm32h7xx_it.o
                0x080008ec                MemManage_Handler
 .text.BusFault_Handler
                0x080008f4        0x8 ./Application/User/Core/stm32h7xx_it.o
                0x080008f4                BusFault_Handler
 .text.UsageFault_Handler
                0x080008fc        0x8 ./Application/User/Core/stm32h7xx_it.o
                0x080008fc                UsageFault_Handler
 .text.DebugMon_Handler
                0x08000904        0xe ./Application/User/Core/stm32h7xx_it.o
                0x08000904                DebugMon_Handler
 *fill*         0x08000912        0x2 
 .text.TIM3_IRQHandler
                0x08000914       0x14 ./Application/User/Core/stm32h7xx_it.o
                0x08000914                TIM3_IRQHandler
 .text.HSEM1_IRQHandler
                0x08000928        0xc ./Application/User/Core/stm32h7xx_it.o
                0x08000928                HSEM1_IRQHandler
 .text.Reset_Handler
                0x08000934       0x54 ./Application/User/Startup/startup_stm32h755zitx.o
                0x08000934                Reset_Handler
 .text.Default_Handler
                0x08000988        0x2 ./Application/User/Startup/startup_stm32h755zitx.o
                0x08000988                RTC_Alarm_IRQHandler
                0x08000988                HASH_RNG_IRQHandler
                0x08000988                EXTI2_IRQHandler
                0x08000988                TIM8_CC_IRQHandler
                0x08000988                HRTIM1_Master_IRQHandler
                0x08000988                UART8_IRQHandler
                0x08000988                SPI4_IRQHandler
                0x08000988                TIM1_CC_IRQHandler
                0x08000988                BDMA_Channel6_IRQHandler
                0x08000988                DMA2_Stream5_IRQHandler
                0x08000988                HRTIM1_FLT_IRQHandler
                0x08000988                JPEG_IRQHandler
                0x08000988                DMA1_Stream5_IRQHandler
                0x08000988                BDMA_Channel1_IRQHandler
                0x08000988                HRTIM1_TIMD_IRQHandler
                0x08000988                TAMP_STAMP_IRQHandler
                0x08000988                EXTI3_IRQHandler
                0x08000988                LPTIM4_IRQHandler
                0x08000988                TIM8_TRG_COM_TIM14_IRQHandler
                0x08000988                LPTIM2_IRQHandler
                0x08000988                DFSDM1_FLT1_IRQHandler
                0x08000988                DMAMUX2_OVR_IRQHandler
                0x08000988                TIM8_UP_TIM13_IRQHandler
                0x08000988                I2C3_ER_IRQHandler
                0x08000988                DFSDM1_FLT2_IRQHandler
                0x08000988                MDMA_IRQHandler
                0x08000988                LPTIM3_IRQHandler
                0x08000988                EXTI0_IRQHandler
                0x08000988                I2C2_EV_IRQHandler
                0x08000988                DMA1_Stream2_IRQHandler
                0x08000988                FPU_IRQHandler
                0x08000988                OTG_HS_WKUP_IRQHandler
                0x08000988                FDCAN1_IT1_IRQHandler
                0x08000988                LTDC_ER_IRQHandler
                0x08000988                DMA2_Stream2_IRQHandler
                0x08000988                HRTIM1_TIME_IRQHandler
                0x08000988                SPI1_IRQHandler
                0x08000988                TIM6_DAC_IRQHandler
                0x08000988                DCMI_IRQHandler
                0x08000988                HRTIM1_TIMC_IRQHandler
                0x08000988                DMA2_Stream3_IRQHandler
                0x08000988                SAI2_IRQHandler
                0x08000988                DFSDM1_FLT3_IRQHandler
                0x08000988                USART6_IRQHandler
                0x08000988                TIM17_IRQHandler
                0x08000988                USART3_IRQHandler
                0x08000988                BDMA_Channel7_IRQHandler
                0x08000988                CRYP_IRQHandler
                0x08000988                LPTIM5_IRQHandler
                0x08000988                UART5_IRQHandler
                0x08000988                ADC3_IRQHandler
                0x08000988                DMA2_Stream0_IRQHandler
                0x08000988                TIM4_IRQHandler
                0x08000988                BDMA_Channel2_IRQHandler
                0x08000988                QUADSPI_IRQHandler
                0x08000988                I2C1_EV_IRQHandler
                0x08000988                DMA1_Stream6_IRQHandler
                0x08000988                DMAMUX1_OVR_IRQHandler
                0x08000988                DMA1_Stream1_IRQHandler
                0x08000988                TIM16_IRQHandler
                0x08000988                UART4_IRQHandler
                0x08000988                BDMA_Channel5_IRQHandler
                0x08000988                RCC_IRQHandler
                0x08000988                TIM8_BRK_TIM12_IRQHandler
                0x08000988                TIM1_TRG_COM_IRQHandler
                0x08000988                Default_Handler
                0x08000988                ECC_IRQHandler
                0x08000988                CEC_IRQHandler
                0x08000988                EXTI15_10_IRQHandler
                0x08000988                BDMA_Channel0_IRQHandler
                0x08000988                ADC_IRQHandler
                0x08000988                DMA1_Stream7_IRQHandler
                0x08000988                HRTIM1_TIMA_IRQHandler
                0x08000988                SPI5_IRQHandler
                0x08000988                TIM7_IRQHandler
                0x08000988                SDMMC1_IRQHandler
                0x08000988                TIM5_IRQHandler
                0x08000988                DMA2_Stream7_IRQHandler
                0x08000988                TIM15_IRQHandler
                0x08000988                PVD_AVD_IRQHandler
                0x08000988                I2C3_EV_IRQHandler
                0x08000988                EXTI9_5_IRQHandler
                0x08000988                RTC_WKUP_IRQHandler
                0x08000988                LTDC_IRQHandler
                0x08000988                SAI3_IRQHandler
                0x08000988                ETH_WKUP_IRQHandler
                0x08000988                SPDIF_RX_IRQHandler
                0x08000988                SPI2_IRQHandler
                0x08000988                OTG_HS_EP1_IN_IRQHandler
                0x08000988                DMA1_Stream0_IRQHandler
                0x08000988                CRS_IRQHandler
                0x08000988                CM7_SEV_IRQHandler
                0x08000988                EXTI4_IRQHandler
                0x08000988                CM4_SEV_IRQHandler
                0x08000988                HRTIM1_TIMB_IRQHandler
                0x08000988                FDCAN2_IT1_IRQHandler
                0x08000988                ETH_IRQHandler
                0x08000988                TIM1_UP_IRQHandler
                0x08000988                WWDG_RST_IRQHandler
                0x08000988                BDMA_Channel4_IRQHandler
                0x08000988                OTG_HS_EP1_OUT_IRQHandler
                0x08000988                WWDG_IRQHandler
                0x08000988                SPI6_IRQHandler
                0x08000988                MDIOS_IRQHandler
                0x08000988                I2C4_EV_IRQHandler
                0x08000988                FDCAN2_IT0_IRQHandler
                0x08000988                LPUART1_IRQHandler
                0x08000988                FDCAN1_IT0_IRQHandler
                0x08000988                TIM2_IRQHandler
                0x08000988                OTG_FS_WKUP_IRQHandler
                0x08000988                OTG_HS_IRQHandler
                0x08000988                HSEM2_IRQHandler
                0x08000988                DMA2D_IRQHandler
                0x08000988                TIM1_BRK_IRQHandler
                0x08000988                EXTI1_IRQHandler
                0x08000988                SDMMC2_IRQHandler
                0x08000988                OTG_FS_EP1_OUT_IRQHandler
                0x08000988                BDMA_Channel3_IRQHandler
                0x08000988                HOLD_CORE_IRQHandler
                0x08000988                UART7_IRQHandler
                0x08000988                MDIOS_WKUP_IRQHandler
                0x08000988                USART2_IRQHandler
                0x08000988                DFSDM1_FLT0_IRQHandler
                0x08000988                SAI4_IRQHandler
                0x08000988                I2C2_ER_IRQHandler
                0x08000988                DMA2_Stream1_IRQHandler
                0x08000988                FLASH_IRQHandler
                0x08000988                DMA2_Stream4_IRQHandler
                0x08000988                USART1_IRQHandler
                0x08000988                OTG_FS_IRQHandler
                0x08000988                SPI3_IRQHandler
                0x08000988                WAKEUP_PIN_IRQHandler
                0x08000988                DMA1_Stream4_IRQHandler
                0x08000988                OTG_FS_EP1_IN_IRQHandler
                0x08000988                I2C1_ER_IRQHandler
                0x08000988                FMC_IRQHandler
                0x08000988                FDCAN_CAL_IRQHandler
                0x08000988                SWPMI1_IRQHandler
                0x08000988                COMP1_IRQHandler
                0x08000988                LPTIM1_IRQHandler
                0x08000988                I2C4_ER_IRQHandler
                0x08000988                DMA2_Stream6_IRQHandler
                0x08000988                SAI1_IRQHandler
                0x08000988                DMA1_Stream3_IRQHandler
 *fill*         0x0800098a        0x2 
 .text.SystemInit
                0x0800098c      0x15c ./Drivers/CMSIS/system_stm32h7xx_dualcore_boot_cm4_cm7.o
                0x0800098c                SystemInit
 .text.ExitRun0Mode
                0x08000ae8       0x30 ./Drivers/CMSIS/system_stm32h7xx_dualcore_boot_cm4_cm7.o
                0x08000ae8                ExitRun0Mode
 .text.HAL_Init
                0x08000b18       0x78 ./Drivers/STM32H7xx_HAL_Driver/stm32h7xx_hal.o
                0x08000b18                HAL_Init
 .text.HAL_IncTick
                0x08000b90       0x28 ./Drivers/STM32H7xx_HAL_Driver/stm32h7xx_hal.o
                0x08000b90                HAL_IncTick
 .text.HAL_GetTick
                0x08000bb8       0x18 ./Drivers/STM32H7xx_HAL_Driver/stm32h7xx_hal.o
                0x08000bb8                HAL_GetTick
 .text.HAL_GetREVID
                0x08000bd0       0x18 ./Drivers/STM32H7xx_HAL_Driver/stm32h7xx_hal.o
                0x08000bd0                HAL_GetREVID
 .text.LL_ADC_SetCommonClock
                0x08000be8       0x26 ./Drivers/STM32H7xx_HAL_Driver/stm32h7xx_hal_adc.o
 .text.LL_ADC_SetCommonPathInternalCh
                0x08000c0e       0x26 ./Drivers/STM32H7xx_HAL_Driver/stm32h7xx_hal_adc.o
 .text.LL_ADC_GetCommonPathInternalCh
                0x08000c34       0x1c ./Drivers/STM32H7xx_HAL_Driver/stm32h7xx_hal_adc.o
 .text.LL_ADC_SetChannelPreselection
                0x08000c50       0x66 ./Drivers/STM32H7xx_HAL_Driver/stm32h7xx_hal_adc.o
 .text.LL_ADC_SetOffset
                0x08000cb6       0x40 ./Drivers/STM32H7xx_HAL_Driver/stm32h7xx_hal_adc.o
 .text.LL_ADC_SetDataRightShift
                0x08000cf6       0x32 ./Drivers/STM32H7xx_HAL_Driver/stm32h7xx_hal_adc.o
 .text.LL_ADC_SetOffsetSignedSaturation
                0x08000d28       0x36 ./Drivers/STM32H7xx_HAL_Driver/stm32h7xx_hal_adc.o
 .text.LL_ADC_REG_SetSequencerRanks
                0x08000d5e       0x58 ./Drivers/STM32H7xx_HAL_Driver/stm32h7xx_hal_adc.o
 .text.LL_ADC_SetChannelSamplingTime
                0x08000db6       0x56 ./Drivers/STM32H7xx_HAL_Driver/stm32h7xx_hal_adc.o
 .text.LL_ADC_SetChannelSingleDiff
                0x08000e0c       0x48 ./Drivers/STM32H7xx_HAL_Driver/stm32h7xx_hal_adc.o
 .text.LL_ADC_DisableDeepPowerDown
                0x08000e54       0x24 ./Drivers/STM32H7xx_HAL_Driver/stm32h7xx_hal_adc.o
 .text.LL_ADC_IsDeepPowerDownEnabled
                0x08000e78       0x28 ./Drivers/STM32H7xx_HAL_Driver/stm32h7xx_hal_adc.o
 .text.LL_ADC_EnableInternalRegulator
                0x08000ea0       0x28 ./Drivers/STM32H7xx_HAL_Driver/stm32h7xx_hal_adc.o
 .text.LL_ADC_IsInternalRegulatorEnabled
                0x08000ec8       0x28 ./Drivers/STM32H7xx_HAL_Driver/stm32h7xx_hal_adc.o
 .text.LL_ADC_IsEnabled
                0x08000ef0       0x26 ./Drivers/STM32H7xx_HAL_Driver/stm32h7xx_hal_adc.o
 .text.LL_ADC_REG_IsConversionOngoing
                0x08000f16       0x26 ./Drivers/STM32H7xx_HAL_Driver/stm32h7xx_hal_adc.o
 .text.LL_ADC_INJ_IsConversionOngoing
                0x08000f3c       0x26 ./Drivers/STM32H7xx_HAL_Driver/stm32h7xx_hal_adc.o
 *fill*         0x08000f62        0x2 
 .text.HAL_ADC_Init
                0x08000f64      0x344 ./Drivers/STM32H7xx_HAL_Driver/stm32h7xx_hal_adc.o
                0x08000f64                HAL_ADC_Init
 .text.HAL_ADC_ConfigChannel
                0x080012a8      0x5e0 ./Drivers/STM32H7xx_HAL_Driver/stm32h7xx_hal_adc.o
                0x080012a8                HAL_ADC_ConfigChannel
 .text.ADC_ConfigureBoostMode
                0x08001888      0x218 ./Drivers/STM32H7xx_HAL_Driver/stm32h7xx_hal_adc.o
                0x08001888                ADC_ConfigureBoostMode
 .text.__NVIC_SetPriorityGrouping
                0x08001aa0       0x48 ./Drivers/STM32H7xx_HAL_Driver/stm32h7xx_hal_cortex.o
 .text.__NVIC_GetPriorityGrouping
                0x08001ae8       0x1c ./Drivers/STM32H7xx_HAL_Driver/stm32h7xx_hal_cortex.o
 .text.__NVIC_EnableIRQ
                0x08001b04       0x3c ./Drivers/STM32H7xx_HAL_Driver/stm32h7xx_hal_cortex.o
 .text.__NVIC_SetPriority
                0x08001b40       0x54 ./Drivers/STM32H7xx_HAL_Driver/stm32h7xx_hal_cortex.o
 .text.NVIC_EncodePriority
                0x08001b94       0x66 ./Drivers/STM32H7xx_HAL_Driver/stm32h7xx_hal_cortex.o
 .text.HAL_NVIC_SetPriorityGrouping
                0x08001bfa       0x16 ./Drivers/STM32H7xx_HAL_Driver/stm32h7xx_hal_cortex.o
                0x08001bfa                HAL_NVIC_SetPriorityGrouping
 .text.HAL_NVIC_SetPriority
                0x08001c10       0x34 ./Drivers/STM32H7xx_HAL_Driver/stm32h7xx_hal_cortex.o
                0x08001c10                HAL_NVIC_SetPriority
 .text.HAL_NVIC_EnableIRQ
                0x08001c44       0x1c ./Drivers/STM32H7xx_HAL_Driver/stm32h7xx_hal_cortex.o
                0x08001c44                HAL_NVIC_EnableIRQ
 .text.HAL_GPIO_Init
                0x08001c60      0x360 ./Drivers/STM32H7xx_HAL_Driver/stm32h7xx_hal_gpio.o
                0x08001c60                HAL_GPIO_Init
 .text.HAL_HSEM_FastTake
                0x08001fc0       0x34 ./Drivers/STM32H7xx_HAL_Driver/stm32h7xx_hal_hsem.o
                0x08001fc0                HAL_HSEM_FastTake
 .text.HAL_HSEM_Release
                0x08001ff4       0x28 ./Drivers/STM32H7xx_HAL_Driver/stm32h7xx_hal_hsem.o
                0x08001ff4                HAL_HSEM_Release
 .text.HAL_HSEM_IRQHandler
                0x0800201c       0x34 ./Drivers/STM32H7xx_HAL_Driver/stm32h7xx_hal_hsem.o
                0x0800201c                HAL_HSEM_IRQHandler
 .text.HAL_HSEM_FreeCallback
                0x08002050       0x14 ./Drivers/STM32H7xx_HAL_Driver/stm32h7xx_hal_hsem.o
                0x08002050                HAL_HSEM_FreeCallback
 .text.HAL_PWREx_ConfigSupply
                0x08002064       0xb4 ./Drivers/STM32H7xx_HAL_Driver/stm32h7xx_hal_pwr_ex.o
                0x08002064                HAL_PWREx_ConfigSupply
 .text.HAL_RCC_OscConfig
                0x08002118      0x8b4 ./Drivers/STM32H7xx_HAL_Driver/stm32h7xx_hal_rcc.o
                0x08002118                HAL_RCC_OscConfig
 .text.HAL_RCC_ClockConfig
                0x080029cc      0x36c ./Drivers/STM32H7xx_HAL_Driver/stm32h7xx_hal_rcc.o
                0x080029cc                HAL_RCC_ClockConfig
 .text.HAL_RCC_GetSysClockFreq
                0x08002d38      0x2f4 ./Drivers/STM32H7xx_HAL_Driver/stm32h7xx_hal_rcc.o
                0x08002d38                HAL_RCC_GetSysClockFreq
 .text.HAL_RCC_GetHCLKFreq
                0x0800302c       0x60 ./Drivers/STM32H7xx_HAL_Driver/stm32h7xx_hal_rcc.o
                0x0800302c                HAL_RCC_GetHCLKFreq
 .text.HAL_RCC_GetPCLK1Freq
                0x0800308c       0x2c ./Drivers/STM32H7xx_HAL_Driver/stm32h7xx_hal_rcc.o
                0x0800308c                HAL_RCC_GetPCLK1Freq
 .text.HAL_RCC_GetClockConfig
                0x080030b8       0x84 ./Drivers/STM32H7xx_HAL_Driver/stm32h7xx_hal_rcc.o
                0x080030b8                HAL_RCC_GetClockConfig
 .text.HAL_RCCEx_PeriphCLKConfig
                0x0800313c     0x1414 ./Drivers/STM32H7xx_HAL_Driver/stm32h7xx_hal_rcc_ex.o
                0x0800313c                HAL_RCCEx_PeriphCLKConfig
 .text.HAL_RCCEx_GetPeriphCLKFreq
                0x08004550      0xb00 ./Drivers/STM32H7xx_HAL_Driver/stm32h7xx_hal_rcc_ex.o
                0x08004550                HAL_RCCEx_GetPeriphCLKFreq
 .text.HAL_RCCEx_GetD3PCLK1Freq
                0x08005050       0x2c ./Drivers/STM32H7xx_HAL_Driver/stm32h7xx_hal_rcc_ex.o
                0x08005050                HAL_RCCEx_GetD3PCLK1Freq
 .text.HAL_RCCEx_GetPLL2ClockFreq
                0x0800507c      0x2a8 ./Drivers/STM32H7xx_HAL_Driver/stm32h7xx_hal_rcc_ex.o
                0x0800507c                HAL_RCCEx_GetPLL2ClockFreq
 .text.HAL_RCCEx_GetPLL3ClockFreq
                0x08005324      0x2a8 ./Drivers/STM32H7xx_HAL_Driver/stm32h7xx_hal_rcc_ex.o
                0x08005324                HAL_RCCEx_GetPLL3ClockFreq
 .text.HAL_RCCEx_GetPLL1ClockFreq
                0x080055cc      0x2a4 ./Drivers/STM32H7xx_HAL_Driver/stm32h7xx_hal_rcc_ex.o
                0x080055cc                HAL_RCCEx_GetPLL1ClockFreq
 .text.RCCEx_PLL2_Config
                0x08005870      0x164 ./Drivers/STM32H7xx_HAL_Driver/stm32h7xx_hal_rcc_ex.o
 .text.RCCEx_PLL3_Config
                0x080059d4      0x164 ./Drivers/STM32H7xx_HAL_Driver/stm32h7xx_hal_rcc_ex.o
 .text.HAL_TIM_Base_Init
                0x08005b38       0xae ./Drivers/STM32H7xx_HAL_Driver/stm32h7xx_hal_tim.o
                0x08005b38                HAL_TIM_Base_Init
 .text.HAL_TIM_Base_MspInit
                0x08005be6       0x14 ./Drivers/STM32H7xx_HAL_Driver/stm32h7xx_hal_tim.o
                0x08005be6                HAL_TIM_Base_MspInit
 *fill*         0x08005bfa        0x2 
 .text.HAL_TIM_Base_Start_IT
                0x08005bfc       0xf0 ./Drivers/STM32H7xx_HAL_Driver/stm32h7xx_hal_tim.o
                0x08005bfc                HAL_TIM_Base_Start_IT
 .text.HAL_TIM_IRQHandler
                0x08005cec      0x20e ./Drivers/STM32H7xx_HAL_Driver/stm32h7xx_hal_tim.o
                0x08005cec                HAL_TIM_IRQHandler
 .text.HAL_TIM_OC_DelayElapsedCallback
                0x08005efa       0x14 ./Drivers/STM32H7xx_HAL_Driver/stm32h7xx_hal_tim.o
                0x08005efa                HAL_TIM_OC_DelayElapsedCallback
 .text.HAL_TIM_IC_CaptureCallback
                0x08005f0e       0x14 ./Drivers/STM32H7xx_HAL_Driver/stm32h7xx_hal_tim.o
                0x08005f0e                HAL_TIM_IC_CaptureCallback
 .text.HAL_TIM_PWM_PulseFinishedCallback
                0x08005f22       0x14 ./Drivers/STM32H7xx_HAL_Driver/stm32h7xx_hal_tim.o
                0x08005f22                HAL_TIM_PWM_PulseFinishedCallback
 .text.HAL_TIM_TriggerCallback
                0x08005f36       0x14 ./Drivers/STM32H7xx_HAL_Driver/stm32h7xx_hal_tim.o
                0x08005f36                HAL_TIM_TriggerCallback
 *fill*         0x08005f4a        0x2 
 .text.TIM_Base_SetConfig
                0x08005f4c      0x140 ./Drivers/STM32H7xx_HAL_Driver/stm32h7xx_hal_tim.o
                0x08005f4c                TIM_Base_SetConfig
 .text.HAL_TIMEx_CommutCallback
                0x0800608c       0x14 ./Drivers/STM32H7xx_HAL_Driver/stm32h7xx_hal_tim_ex.o
                0x0800608c                HAL_TIMEx_CommutCallback
 .text.HAL_TIMEx_BreakCallback
                0x080060a0       0x14 ./Drivers/STM32H7xx_HAL_Driver/stm32h7xx_hal_tim_ex.o
                0x080060a0                HAL_TIMEx_BreakCallback
 .text.HAL_TIMEx_Break2Callback
                0x080060b4       0x14 ./Drivers/STM32H7xx_HAL_Driver/stm32h7xx_hal_tim_ex.o
                0x080060b4                HAL_TIMEx_Break2Callback
 .text.__NVIC_SetPriority
                0x080060c8       0x54 ./Middlewares/FreeRTOS/cmsis_os2.o
 .text.SysTick_Handler
                0x0800611c       0x20 ./Middlewares/FreeRTOS/cmsis_os2.o
                0x0800611c                SysTick_Handler
 .text.SVC_Setup
                0x0800613c       0x12 ./Middlewares/FreeRTOS/cmsis_os2.o
 *fill*         0x0800614e        0x2 
 .text.osKernelInitialize
                0x08006150       0x48 ./Middlewares/FreeRTOS/cmsis_os2.o
                0x08006150                osKernelInitialize
 .text.osKernelStart
                0x08006198       0x4c ./Middlewares/FreeRTOS/cmsis_os2.o
                0x08006198                osKernelStart
 .text.osThreadNew
                0x080061e4      0x124 ./Middlewares/FreeRTOS/cmsis_os2.o
                0x080061e4                osThreadNew
 .text.osDelay  0x08006308       0x36 ./Middlewares/FreeRTOS/cmsis_os2.o
                0x08006308                osDelay
 *fill*         0x0800633e        0x2 
 .text.vApplicationGetIdleTaskMemory
                0x08006340       0x34 ./Middlewares/FreeRTOS/cmsis_os2.o
                0x08006340                vApplicationGetIdleTaskMemory
 .text.vApplicationGetTimerTaskMemory
                0x08006374       0x34 ./Middlewares/FreeRTOS/cmsis_os2.o
                0x08006374                vApplicationGetTimerTaskMemory
 .text.pvPortMalloc
                0x080063a8      0x19c ./Middlewares/FreeRTOS/heap_4.o
                0x080063a8                pvPortMalloc
 .text.vPortFree
                0x08006544       0xc8 ./Middlewares/FreeRTOS/heap_4.o
                0x08006544                vPortFree
 .text.prvHeapInit
                0x0800660c       0xc4 ./Middlewares/FreeRTOS/heap_4.o
 .text.prvInsertBlockIntoFreeList
                0x080066d0       0xb4 ./Middlewares/FreeRTOS/heap_4.o
 .text.vListInitialise
                0x08006784       0x40 ./Middlewares/FreeRTOS/list.o
                0x08006784                vListInitialise
 .text.vListInitialiseItem
                0x080067c4       0x1a ./Middlewares/FreeRTOS/list.o
                0x080067c4                vListInitialiseItem
 .text.vListInsertEnd
                0x080067de       0x48 ./Middlewares/FreeRTOS/list.o
                0x080067de                vListInsertEnd
 .text.vListInsert
                0x08006826       0x72 ./Middlewares/FreeRTOS/list.o
                0x08006826                vListInsert
 .text.uxListRemove
                0x08006898       0x54 ./Middlewares/FreeRTOS/list.o
                0x08006898                uxListRemove
 .text.pxPortInitialiseStack
                0x080068ec       0x68 ./Middlewares/FreeRTOS/port.o
                0x080068ec                pxPortInitialiseStack
 .text.prvTaskExitError
                0x08006954       0x5c ./Middlewares/FreeRTOS/port.o
 .text.SVC_Handler
                0x080069b0       0x28 ./Middlewares/FreeRTOS/port.o
                0x080069b0                SVC_Handler
 .text.prvPortStartFirstTask
                0x080069d8       0x28 ./Middlewares/FreeRTOS/port.o
 .text.xPortStartScheduler
                0x08006a00      0x148 ./Middlewares/FreeRTOS/port.o
                0x08006a00                xPortStartScheduler
 .text.vPortEnterCritical
                0x08006b48       0x64 ./Middlewares/FreeRTOS/port.o
                0x08006b48                vPortEnterCritical
 .text.vPortExitCritical
                0x08006bac       0x54 ./Middlewares/FreeRTOS/port.o
                0x08006bac                vPortExitCritical
 .text.PendSV_Handler
                0x08006c00       0x68 ./Middlewares/FreeRTOS/port.o
                0x08006c00                PendSV_Handler
 .text.xPortSysTickHandler
                0x08006c68       0x44 ./Middlewares/FreeRTOS/port.o
                0x08006c68                xPortSysTickHandler
 .text.vPortSetupTimerInterrupt
                0x08006cac       0x48 ./Middlewares/FreeRTOS/port.o
                0x08006cac                vPortSetupTimerInterrupt
 .text.vPortEnableVFP
                0x08006cf4       0x14 ./Middlewares/FreeRTOS/port.o
 .text.vPortValidateInterruptPriority
                0x08006d08       0x84 ./Middlewares/FreeRTOS/port.o
                0x08006d08                vPortValidateInterruptPriority
 .text.xQueueGenericReset
                0x08006d8c       0xd4 ./Middlewares/FreeRTOS/queue.o
                0x08006d8c                xQueueGenericReset
 .text.xQueueGenericCreateStatic
                0x08006e60       0xfa ./Middlewares/FreeRTOS/queue.o
                0x08006e60                xQueueGenericCreateStatic
 .text.prvInitialiseNewQueue
                0x08006f5a       0x46 ./Middlewares/FreeRTOS/queue.o
 .text.xQueueGenericSend
                0x08006fa0      0x204 ./Middlewares/FreeRTOS/queue.o
                0x08006fa0                xQueueGenericSend
 .text.xQueueGenericSendFromISR
                0x080071a4      0x13c ./Middlewares/FreeRTOS/queue.o
                0x080071a4                xQueueGenericSendFromISR
 .text.xQueueReceive
                0x080072e0      0x1c4 ./Middlewares/FreeRTOS/queue.o
                0x080072e0                xQueueReceive
 .text.prvCopyDataToQueue
                0x080074a4       0xd4 ./Middlewares/FreeRTOS/queue.o
 .text.prvCopyDataFromQueue
                0x08007578       0x4c ./Middlewares/FreeRTOS/queue.o
 .text.prvUnlockQueue
                0x080075c4       0xa4 ./Middlewares/FreeRTOS/queue.o
 .text.prvIsQueueEmpty
                0x08007668       0x2c ./Middlewares/FreeRTOS/queue.o
 .text.prvIsQueueFull
                0x08007694       0x30 ./Middlewares/FreeRTOS/queue.o
 .text.vQueueAddToRegistry
                0x080076c4       0x54 ./Middlewares/FreeRTOS/queue.o
                0x080076c4                vQueueAddToRegistry
 .text.vQueueWaitForMessageRestricted
                0x08007718       0x68 ./Middlewares/FreeRTOS/queue.o
                0x08007718                vQueueWaitForMessageRestricted
 .text.xTaskCreateStatic
                0x08007780       0xc0 ./Middlewares/FreeRTOS/tasks.o
                0x08007780                xTaskCreateStatic
 .text.xTaskCreate
                0x08007840       0x8a ./Middlewares/FreeRTOS/tasks.o
                0x08007840                xTaskCreate
 .text.prvInitialiseNewTask
                0x080078ca      0x120 ./Middlewares/FreeRTOS/tasks.o
 *fill*         0x080079ea        0x2 
 .text.prvAddNewTaskToReadyList
                0x080079ec       0xe0 ./Middlewares/FreeRTOS/tasks.o
 .text.vTaskDelay
                0x08007acc       0x6c ./Middlewares/FreeRTOS/tasks.o
                0x08007acc                vTaskDelay
 .text.vTaskStartScheduler
                0x08007b38       0xd0 ./Middlewares/FreeRTOS/tasks.o
                0x08007b38                vTaskStartScheduler
 .text.vTaskSuspendAll
                0x08007c08       0x1c ./Middlewares/FreeRTOS/tasks.o
                0x08007c08                vTaskSuspendAll
 .text.xTaskResumeAll
                0x08007c24      0x13c ./Middlewares/FreeRTOS/tasks.o
                0x08007c24                xTaskResumeAll
 .text.xTaskGetTickCount
                0x08007d60       0x20 ./Middlewares/FreeRTOS/tasks.o
                0x08007d60                xTaskGetTickCount
 .text.xTaskIncrementTick
                0x08007d80      0x174 ./Middlewares/FreeRTOS/tasks.o
                0x08007d80                xTaskIncrementTick
 .text.vTaskSwitchContext
                0x08007ef4       0xbc ./Middlewares/FreeRTOS/tasks.o
                0x08007ef4                vTaskSwitchContext
 .text.vTaskPlaceOnEventList
                0x08007fb0       0x4c ./Middlewares/FreeRTOS/tasks.o
                0x08007fb0                vTaskPlaceOnEventList
 .text.vTaskPlaceOnEventListRestricted
                0x08007ffc       0x58 ./Middlewares/FreeRTOS/tasks.o
                0x08007ffc                vTaskPlaceOnEventListRestricted
 .text.xTaskRemoveFromEventList
                0x08008054       0xc8 ./Middlewares/FreeRTOS/tasks.o
                0x08008054                xTaskRemoveFromEventList
 .text.vTaskInternalSetTimeOutState
                0x0800811c       0x2c ./Middlewares/FreeRTOS/tasks.o
                0x0800811c                vTaskInternalSetTimeOutState
 .text.xTaskCheckForTimeOut
                0x08008148       0xc8 ./Middlewares/FreeRTOS/tasks.o
                0x08008148                xTaskCheckForTimeOut
 .text.vTaskMissedYield
                0x08008210       0x18 ./Middlewares/FreeRTOS/tasks.o
                0x08008210                vTaskMissedYield
 .text.prvIdleTask
                0x08008228       0x30 ./Middlewares/FreeRTOS/tasks.o
 .text.prvInitialiseTaskLists
                0x08008258       0x80 ./Middlewares/FreeRTOS/tasks.o
 .text.prvCheckTasksWaitingTermination
                0x080082d8       0x5c ./Middlewares/FreeRTOS/tasks.o
 .text.prvDeleteTCB
                0x08008334       0x60 ./Middlewares/FreeRTOS/tasks.o
 .text.prvResetNextTaskUnblockTime
                0x08008394       0x40 ./Middlewares/FreeRTOS/tasks.o
 .text.xTaskGetSchedulerState
                0x080083d4       0x3c ./Middlewares/FreeRTOS/tasks.o
                0x080083d4                xTaskGetSchedulerState
 .text.xTaskPriorityDisinherit
                0x08008410       0xe0 ./Middlewares/FreeRTOS/tasks.o
                0x08008410                xTaskPriorityDisinherit
 .text.prvAddCurrentTaskToDelayedList
                0x080084f0       0xa8 ./Middlewares/FreeRTOS/tasks.o
 .text.xTimerCreateTimerTask
                0x08008598       0x94 ./Middlewares/FreeRTOS/timers.o
                0x08008598                xTimerCreateTimerTask
 .text.xTimerGenericCommand
                0x0800862c       0x9c ./Middlewares/FreeRTOS/timers.o
                0x0800862c                xTimerGenericCommand
 .text.prvProcessExpiredTimer
                0x080086c8       0x9c ./Middlewares/FreeRTOS/timers.o
 .text.prvTimerTask
                0x08008764       0x26 ./Middlewares/FreeRTOS/timers.o
 *fill*         0x0800878a        0x2 
 .text.prvProcessTimerOrBlockTask
                0x0800878c       0x9c ./Middlewares/FreeRTOS/timers.o
 .text.prvGetNextExpireTime
                0x08008828       0x48 ./Middlewares/FreeRTOS/timers.o
 .text.prvSampleTimeNow
                0x08008870       0x40 ./Middlewares/FreeRTOS/timers.o
 .text.prvInsertTimerInActiveList
                0x080088b0       0x84 ./Middlewares/FreeRTOS/timers.o
 .text.prvProcessReceivedCommands
                0x08008934      0x1cc ./Middlewares/FreeRTOS/timers.o
 .text.prvSwitchTimerLists
                0x08008b00       0xcc ./Middlewares/FreeRTOS/timers.o
 .text.prvCheckForValidListAndQueue
                0x08008bcc       0x80 ./Middlewares/FreeRTOS/timers.o
 .text.memset   0x08008c4c       0x10 /home/george/Desktop/Internship/makeself_dir_Ey9llo/STM32/plugins/com.st.stm32cube.ide.mcu.externaltools.gnu-tools-for-stm32.13.3.rel1.linux64_1.0.100.202509120712/tools/bin/../lib/gcc/arm-none-eabi/13.3.1/../../../../arm-none-eabi/lib/thumb/v7e-m+dp/hard/libc_nano.a(libc_a-memset.o)
                0x08008c4c                memset
 .text.__libc_init_array
                0x08008c5c       0x48 /home/george/Desktop/Internship/makeself_dir_Ey9llo/STM32/plugins/com.st.stm32cube.ide.mcu.externaltools.gnu-tools-for-stm32.13.3.rel1.linux64_1.0.100.202509120712/tools/bin/../lib/gcc/arm-none-eabi/13.3.1/../../../../arm-none-eabi/lib/thumb/v7e-m+dp/hard/libc_nano.a(libc_a-init.o)
                0x08008c5c                __libc_init_array
 .text.memcpy   0x08008ca4       0x1c /home/george/Desktop/Internship/makeself_dir_Ey9llo/STM32/plugins/com.st.stm32cube.ide.mcu.externaltools.gnu-tools-for-stm32.13.3.rel1.linux64_1.0.100.202509120712/tools/bin/../lib/gcc/arm-none-eabi/13.3.1/../../../../arm-none-eabi/lib/thumb/v7e-m+dp/hard/libc_nano.a(libc_a-memcpy-stub.o)
                0x08008ca4                memcpy
 *(.glue_7)
 .glue_7        0x08008cc0        0x0 linker stubs
 *(.glue_7t)
 .glue_7t       0x08008cc0        0x0 linker stubs
 *(.eh_frame)
 .eh_frame      0x08008cc0        0x0 /home/george/Desktop/Internship/makeself_dir_Ey9llo/STM32/plugins/com.st.stm32cube.ide.mcu.externaltools.gnu-tools-for-stm32.13.3.rel1.linux64_1.0.100.202509120712/tools/bin/../lib/gcc/arm-none-eabi/13.3.1/thumb/v7e-m+dp/hard/crtbegin.o
 *(.init)
 .init          0x08008cc0        0x4 /home/george/Desktop/Internship/makeself_dir_Ey9llo/STM32/plugins/com.st.stm32cube.ide.mcu.externaltools.gnu-tools-for-stm32.13.3.rel1.linux64_1.0.100.202509120712/tools/bin/../lib/gcc/arm-none-eabi/13.3.1/thumb/v7e-m+dp/hard/crti.o
                0x08008cc0                _init
 .init          0x08008cc4        0x8 /home/george/Desktop/Internship/makeself_dir_Ey9llo/STM32/plugins/com.st.stm32cube.ide.mcu.externaltools.gnu-tools-for-stm32.13.3.rel1.linux64_1.0.100.202509120712/tools/bin/../lib/gcc/arm-none-eabi/13.3.1/thumb/v7e-m+dp/hard/crtn.o
 *(.fini)
 .fini          0x08008ccc        0x4 /home/george/Desktop/Internship/makeself_dir_Ey9llo/STM32/plugins/com.st.stm32cube.ide.mcu.externaltools.gnu-tools-for-stm32.13.3.rel1.linux64_1.0.100.202509120712/tools/bin/../lib/gcc/arm-none-eabi/13.3.1/thumb/v7e-m+dp/hard/crti.o
                0x08008ccc                _fini
 .fini          0x08008cd0        0x8 /home/george/Desktop/Internship/makeself_dir_Ey9llo/STM32/plugins/com.st.stm32cube.ide.mcu.externaltools.gnu-tools-for-stm32.13.3.rel1.linux64_1.0.100.202509120712/tools/bin/../lib/gcc/arm-none-eabi/13.3.1/thumb/v7e-m+dp/hard/crtn.o
                0x08008cd8                        . = ALIGN (0x4)
                0x08008cd8                        _etext = .

.vfp11_veneer   0x08008cd8        0x0
 .vfp11_veneer  0x08008cd8        0x0 linker stubs

.v4_bx          0x08008cd8        0x0
 .v4_bx         0x08008cd8        0x0 linker stubs

.iplt           0x08008cd8        0x0
 .iplt          0x08008cd8        0x0 /home/george/Desktop/Internship/makeself_dir_Ey9llo/STM32/plugins/com.st.stm32cube.ide.mcu.externaltools.gnu-tools-for-stm32.13.3.rel1.linux64_1.0.100.202509120712/tools/bin/../lib/gcc/arm-none-eabi/13.3.1/thumb/v7e-m+dp/hard/crtbegin.o

.rodata         0x08008cd8       0x58
                0x08008cd8                        . = ALIGN (0x4)
 *(.rodata)
 .rodata        0x08008cd8        0xc ./Application/User/Core/freertos.o
 .rodata        0x08008ce4        0x5 ./Middlewares/FreeRTOS/tasks.o
 *fill*         0x08008ce9        0x3 
 .rodata        0x08008cec        0xd ./Middlewares/FreeRTOS/timers.o
 *(.rodata*)
 *fill*         0x08008cf9        0x3 
 .rodata.defaultTask_attributes
                0x08008cfc       0x24 ./Application/User/Core/freertos.o
                0x08008cfc                defaultTask_attributes
 .rodata.D1CorePrescTable
                0x08008d20       0x10 ./Drivers/CMSIS/system_stm32h7xx_dualcore_boot_cm4_cm7.o
                0x08008d20                D1CorePrescTable
                0x08008d30                        . = ALIGN (0x4)

.ARM.extab      0x08008d30        0x0
                0x08008d30                        . = ALIGN (0x4)
 *(.ARM.extab* .gnu.linkonce.armextab.*)
                0x08008d30                        . = ALIGN (0x4)

.ARM            0x08008d30        0x0
                0x08008d30                        . = ALIGN (0x4)
                0x08008d30                        __exidx_start = .
 *(.ARM.exidx*)
                0x08008d30                        __exidx_end = .
                0x08008d30                        . = ALIGN (0x4)

.preinit_array  0x08008d30        0x0
                0x08008d30                        . = ALIGN (0x4)
                0x08008d30                        PROVIDE (__preinit_array_start = .)
 *(.preinit_array*)
                0x08008d30                        PROVIDE (__preinit_array_end = .)
                0x08008d30                        . = ALIGN (0x4)

.init_array     0x08008d30        0x4
                0x08008d30                        . = ALIGN (0x4)
                0x08008d30                        PROVIDE (__init_array_start = .)
 *(SORT_BY_NAME(.init_array.*))
 *(.init_array*)
 .init_array    0x08008d30        0x4 /home/george/Desktop/Internship/makeself_dir_Ey9llo/STM32/plugins/com.st.stm32cube.ide.mcu.externaltools.gnu-tools-for-stm32.13.3.rel1.linux64_1.0.100.202509120712/tools/bin/../lib/gcc/arm-none-eabi/13.3.1/thumb/v7e-m+dp/hard/crtbegin.o
                0x08008d34                        PROVIDE (__init_array_end = .)
                0x08008d34                        . = ALIGN (0x4)

.fini_array     0x08008d34        0x4
                0x08008d34                        . = ALIGN (0x4)
                [!provide]                        PROVIDE (__fini_array_start = .)
 *(SORT_BY_NAME(.fini_array.*))
 *(.fini_array*)
 .fini_array    0x08008d34        0x4 /home/george/Desktop/Internship/makeself_dir_Ey9llo/STM32/plugins/com.st.stm32cube.ide.mcu.externaltools.gnu-tools-for-stm32.13.3.rel1.linux64_1.0.100.202509120712/tools/bin/../lib/gcc/arm-none-eabi/13.3.1/thumb/v7e-m+dp/hard/crtbegin.o
                [!provide]                        PROVIDE (__fini_array_end = .)
                0x08008d38                        . = ALIGN (0x4)
                0x08008d38                        _sidata = LOADADDR (.data)

.rel.dyn        0x08008d38        0x0
 .rel.iplt      0x08008d38        0x0 /home/george/Desktop/Internship/makeself_dir_Ey9llo/STM32/plugins/com.st.stm32cube.ide.mcu.externaltools.gnu-tools-for-stm32.13.3.rel1.linux64_1.0.100.202509120712/tools/bin/../lib/gcc/arm-none-eabi/13.3.1/thumb/v7e-m+dp/hard/crtbegin.o

.data           0x24000000       0x14 load address 0x08008d38
                0x24000000                        . = ALIGN (0x4)
                0x24000000                        _sdata = .
 *(.data)
 *(.data*)
 .data.SystemCoreClock
                0x24000000        0x4 ./Drivers/CMSIS/system_stm32h7xx_dualcore_boot_cm4_cm7.o
                0x24000000                SystemCoreClock
 .data.SystemD2Clock
                0x24000004        0x4 ./Drivers/CMSIS/system_stm32h7xx_dualcore_boot_cm4_cm7.o
                0x24000004                SystemD2Clock
 .data.uwTickPrio
                0x24000008        0x4 ./Drivers/STM32H7xx_HAL_Driver/stm32h7xx_hal.o
                0x24000008                uwTickPrio
 .data.uwTickFreq
                0x2400000c        0x1 ./Drivers/STM32H7xx_HAL_Driver/stm32h7xx_hal.o
                0x2400000c                uwTickFreq
 *fill*         0x2400000d        0x3 
 .data.uxCriticalNesting
                0x24000010        0x4 ./Middlewares/FreeRTOS/port.o
 *(.RamFunc)
 *(.RamFunc*)
                0x24000014                        . = ALIGN (0x4)
                0x24000014                        _edata = .

.igot.plt       0x24000014        0x0 load address 0x08008d4c
 .igot.plt      0x24000014        0x0 /home/george/Desktop/Internship/makeself_dir_Ey9llo/STM32/plugins/com.st.stm32cube.ide.mcu.externaltools.gnu-tools-for-stm32.13.3.rel1.linux64_1.0.100.202509120712/tools/bin/../lib/gcc/arm-none-eabi/13.3.1/thumb/v7e-m+dp/hard/crtbegin.o

.shared_ram     0x38000000       0x1c
                0x38000000                        . = ALIGN (0x4)
 *(.shared_ram)
 .shared_ram    0x38000000       0x1c ./Application/User/Core/main.o
                0x38000000                s
                0x3800001c                        . = ALIGN (0x4)
                0x3800001c                        . = ALIGN (0x4)

.bss            0x24000014     0x4a24
                0x24000014                        _sbss = .
                0x24000014                        __bss_start__ = _sbss
 *(.bss)
 .bss           0x24000014       0x1c /home/george/Desktop/Internship/makeself_dir_Ey9llo/STM32/plugins/com.st.stm32cube.ide.mcu.externaltools.gnu-tools-for-stm32.13.3.rel1.linux64_1.0.100.202509120712/tools/bin/../lib/gcc/arm-none-eabi/13.3.1/thumb/v7e-m+dp/hard/crtbegin.o
 *(.bss*)
 .bss.hadc3     0x24000030       0x64 ./Application/User/Core/adc.o
                0x24000030                hadc3
 .bss.defaultTaskHandle
                0x24000094        0x4 ./Application/User/Core/freertos.o
                0x24000094                defaultTaskHandle
 .bss.htim3     0x24000098       0x4c ./Application/User/Core/stm32h7xx_hal_timebase_tim.o
                0x24000098                htim3
 .bss.uwTick    0x240000e4        0x4 ./Drivers/STM32H7xx_HAL_Driver/stm32h7xx_hal.o
                0x240000e4                uwTick
 .bss.KernelState
                0x240000e8        0x4 ./Middlewares/FreeRTOS/cmsis_os2.o
 .bss.Idle_TCB.3
                0x240000ec       0x5c ./Middlewares/FreeRTOS/cmsis_os2.o
 .bss.Idle_Stack.2
                0x24000148      0x200 ./Middlewares/FreeRTOS/cmsis_os2.o
 .bss.Timer_TCB.1
                0x24000348       0x5c ./Middlewares/FreeRTOS/cmsis_os2.o
 .bss.Timer_Stack.0
                0x240003a4      0x400 ./Middlewares/FreeRTOS/cmsis_os2.o
 .bss.ucHeap    0x240007a4     0x3c00 ./Middlewares/FreeRTOS/heap_4.o
 .bss.xStart    0x240043a4        0x8 ./Middlewares/FreeRTOS/heap_4.o
 .bss.pxEnd     0x240043ac        0x4 ./Middlewares/FreeRTOS/heap_4.o
 .bss.xFreeBytesRemaining
                0x240043b0        0x4 ./Middlewares/FreeRTOS/heap_4.o
 .bss.xMinimumEverFreeBytesRemaining
                0x240043b4        0x4 ./Middlewares/FreeRTOS/heap_4.o
 .bss.xNumberOfSuccessfulAllocations
                0x240043b8        0x4 ./Middlewares/FreeRTOS/heap_4.o
 .bss.xNumberOfSuccessfulFrees
                0x240043bc        0x4 ./Middlewares/FreeRTOS/heap_4.o
 .bss.xBlockAllocatedBit
                0x240043c0        0x4 ./Middlewares/FreeRTOS/heap_4.o
 .bss.ucMaxSysCallPriority
                0x240043c4        0x1 ./Middlewares/FreeRTOS/port.o
 *fill*         0x240043c5        0x3 
 .bss.ulMaxPRIGROUPValue
                0x240043c8        0x4 ./Middlewares/FreeRTOS/port.o
 .bss.xQueueRegistry
                0x240043cc       0x40 ./Middlewares/FreeRTOS/queue.o
                0x240043cc                xQueueRegistry
 .bss.pxCurrentTCB
                0x2400440c        0x4 ./Middlewares/FreeRTOS/tasks.o
                0x2400440c                pxCurrentTCB
 .bss.pxReadyTasksLists
                0x24004410      0x460 ./Middlewares/FreeRTOS/tasks.o
 .bss.xDelayedTaskList1
                0x24004870       0x14 ./Middlewares/FreeRTOS/tasks.o
 .bss.xDelayedTaskList2
                0x24004884       0x14 ./Middlewares/FreeRTOS/tasks.o
 .bss.pxDelayedTaskList
                0x24004898        0x4 ./Middlewares/FreeRTOS/tasks.o
 .bss.pxOverflowDelayedTaskList
                0x2400489c        0x4 ./Middlewares/FreeRTOS/tasks.o
 .bss.xPendingReadyList
                0x240048a0       0x14 ./Middlewares/FreeRTOS/tasks.o
 .bss.xTasksWaitingTermination
                0x240048b4       0x14 ./Middlewares/FreeRTOS/tasks.o
 .bss.uxDeletedTasksWaitingCleanUp
                0x240048c8        0x4 ./Middlewares/FreeRTOS/tasks.o
 .bss.xSuspendedTaskList
                0x240048cc       0x14 ./Middlewares/FreeRTOS/tasks.o
 .bss.uxCurrentNumberOfTasks
                0x240048e0        0x4 ./Middlewares/FreeRTOS/tasks.o
 .bss.xTickCount
                0x240048e4        0x4 ./Middlewares/FreeRTOS/tasks.o
 .bss.uxTopReadyPriority
                0x240048e8        0x4 ./Middlewares/FreeRTOS/tasks.o
 .bss.xSchedulerRunning
                0x240048ec        0x4 ./Middlewares/FreeRTOS/tasks.o
 .bss.xPendedTicks
                0x240048f0        0x4 ./Middlewares/FreeRTOS/tasks.o
 .bss.xYieldPending
                0x240048f4        0x4 ./Middlewares/FreeRTOS/tasks.o
 .bss.xNumOfOverflows
                0x240048f8        0x4 ./Middlewares/FreeRTOS/tasks.o
 .bss.uxTaskNumber
                0x240048fc        0x4 ./Middlewares/FreeRTOS/tasks.o
 .bss.xNextTaskUnblockTime
                0x24004900        0x4 ./Middlewares/FreeRTOS/tasks.o
 .bss.xIdleTaskHandle
                0x24004904        0x4 ./Middlewares/FreeRTOS/tasks.o
 .bss.uxSchedulerSuspended
                0x24004908        0x4 ./Middlewares/FreeRTOS/tasks.o
 .bss.xActiveTimerList1
                0x2400490c       0x14 ./Middlewares/FreeRTOS/timers.o
 .bss.xActiveTimerList2
                0x24004920       0x14 ./Middlewares/FreeRTOS/timers.o
 .bss.pxCurrentTimerList
                0x24004934        0x4 ./Middlewares/FreeRTOS/timers.o
 .bss.pxOverflowTimerList
                0x24004938        0x4 ./Middlewares/FreeRTOS/timers.o
 .bss.xTimerQueue
                0x2400493c        0x4 ./Middlewares/FreeRTOS/timers.o
 .bss.xTimerTaskHandle
                0x24004940        0x4 ./Middlewares/FreeRTOS/timers.o
 .bss.xLastTime.2
                0x24004944        0x4 ./Middlewares/FreeRTOS/timers.o
 .bss.ucStaticTimerQueueStorage.1
                0x24004948       0xa0 ./Middlewares/FreeRTOS/timers.o
 .bss.xStaticTimerQueue.0
                0x240049e8       0x50 ./Middlewares/FreeRTOS/timers.o
 *(COMMON)
                0x24004a38                        . = ALIGN (0x4)
                0x24004a38                        _ebss = .
                0x24004a38                        __bss_end__ = _ebss

._user_heap_stack
                0x24004a38      0x600
                0x24004a38                        . = ALIGN (0x8)
                [!provide]                        PROVIDE (end = .)
                0x24004a38                        PROVIDE (_end = .)
                0x24004c38                        . = (. + _Min_Heap_Size)
 *fill*         0x24004a38      0x200 
                0x24005038                        . = (. + _Min_Stack_Size)
 *fill*         0x24004c38      0x400 
                0x24005038                        . = ALIGN (0x8)

/DISCARD/
 libc.a(*)
 libm.a(*)
 libgcc.a(*)

.ARM.attributes
                0x00000000       0x2e
 *(.ARM.attributes)
 .ARM.attributes
                0x00000000       0x20 /home/george/Desktop/Internship/makeself_dir_Ey9llo/STM32/plugins/com.st.stm32cube.ide.mcu.externaltools.gnu-tools-for-stm32.13.3.rel1.linux64_1.0.100.202509120712/tools/bin/../lib/gcc/arm-none-eabi/13.3.1/thumb/v7e-m+dp/hard/crti.o
 .ARM.attributes
                0x00000020       0x32 /home/george/Desktop/Internship/makeself_dir_Ey9llo/STM32/plugins/com.st.stm32cube.ide.mcu.externaltools.gnu-tools-for-stm32.13.3.rel1.linux64_1.0.100.202509120712/tools/bin/../lib/gcc/arm-none-eabi/13.3.1/thumb/v7e-m+dp/hard/crtbegin.o
 .ARM.attributes
                0x00000052       0x32 ./Application/User/Core/adc.o
 .ARM.attributes
                0x00000084       0x32 ./Application/User/Core/freertos.o
 .ARM.attributes
                0x000000b6       0x32 ./Application/User/Core/gpio.o
 .ARM.attributes
                0x000000e8       0x32 ./Application/User/Core/main.o
 .ARM.attributes
                0x0000011a       0x32 ./Application/User/Core/stm32h7xx_hal_msp.o
 .ARM.attributes
                0x0000014c       0x32 ./Application/User/Core/stm32h7xx_hal_timebase_tim.o
 .ARM.attributes
                0x0000017e       0x32 ./Application/User/Core/stm32h7xx_it.o
 .ARM.attributes
                0x000001b0       0x21 ./Application/User/Startup/startup_stm32h755zitx.o
 .ARM.attributes
                0x000001d1       0x32 ./Drivers/CMSIS/system_stm32h7xx_dualcore_boot_cm4_cm7.o
 .ARM.attributes
                0x00000203       0x32 ./Drivers/STM32H7xx_HAL_Driver/stm32h7xx_hal.o
 .ARM.attributes
                0x00000235       0x32 ./Drivers/STM32H7xx_HAL_Driver/stm32h7xx_hal_adc.o
 .ARM.attributes
                0x00000267       0x32 ./Drivers/STM32H7xx_HAL_Driver/stm32h7xx_hal_cortex.o
 .ARM.attributes
                0x00000299       0x32 ./Drivers/STM32H7xx_HAL_Driver/stm32h7xx_hal_gpio.o
 .ARM.attributes
                0x000002cb       0x32 ./Drivers/STM32H7xx_HAL_Driver/stm32h7xx_hal_hsem.o
 .ARM.attributes
                0x000002fd       0x32 ./Drivers/STM32H7xx_HAL_Driver/stm32h7xx_hal_pwr_ex.o
 .ARM.attributes
                0x0000032f       0x32 ./Drivers/STM32H7xx_HAL_Driver/stm32h7xx_hal_rcc.o
 .ARM.attributes
                0x00000361       0x32 ./Drivers/STM32H7xx_HAL_Driver/stm32h7xx_hal_rcc_ex.o
 .ARM.attributes
                0x00000393       0x32 ./Drivers/STM32H7xx_HAL_Driver/stm32h7xx_hal_tim.o
 .ARM.attributes
                0x000003c5       0x32 ./Drivers/STM32H7xx_HAL_Driver/stm32h7xx_hal_tim_ex.o
 .ARM.attributes
                0x000003f7       0x32 ./Middlewares/FreeRTOS/cmsis_os2.o
 .ARM.attributes
                0x00000429       0x32 ./Middlewares/FreeRTOS/heap_4.o
 .ARM.attributes
                0x0000045b       0x32 ./Middlewares/FreeRTOS/list.o
 .ARM.attributes
                0x0000048d       0x32 ./Middlewares/FreeRTOS/port.o
 .ARM.attributes
                0x000004bf       0x32 ./Middlewares/FreeRTOS/queue.o
 .ARM.attributes
                0x000004f1       0x32 ./Middlewares/FreeRTOS/tasks.o
 .ARM.attributes
                0x00000523       0x32 ./Middlewares/FreeRTOS/timers.o
 .ARM.attributes
                0x00000555       0x32 /home/george/Desktop/Internship/makeself_dir_Ey9llo/STM32/plugins/com.st.stm32cube.ide.mcu.externaltools.gnu-tools-for-stm32.13.3.rel1.linux64_1.0.100.202509120712/tools/bin/../lib/gcc/arm-none-eabi/13.3.1/../../../../arm-none-eabi/lib/thumb/v7e-m+dp/hard/libc_nano.a(libc_a-memset.o)
 .ARM.attributes
                0x00000587       0x32 /home/george/Desktop/Internship/makeself_dir_Ey9llo/STM32/plugins/com.st.stm32cube.ide.mcu.externaltools.gnu-tools-for-stm32.13.3.rel1.linux64_1.0.100.202509120712/tools/bin/../lib/gcc/arm-none-eabi/13.3.1/../../../../arm-none-eabi/lib/thumb/v7e-m+dp/hard/libc_nano.a(libc_a-init.o)
 .ARM.attributes
                0x000005b9       0x32 /home/george/Desktop/Internship/makeself_dir_Ey9llo/STM32/plugins/com.st.stm32cube.ide.mcu.externaltools.gnu-tools-for-stm32.13.3.rel1.linux64_1.0.100.202509120712/tools/bin/../lib/gcc/arm-none-eabi/13.3.1/../../../../arm-none-eabi/lib/thumb/v7e-m+dp/hard/libc_nano.a(libc_a-memcpy-stub.o)
 .ARM.attributes
                0x000005eb       0x20 /home/george/Desktop/Internship/makeself_dir_Ey9llo/STM32/plugins/com.st.stm32cube.ide.mcu.externaltools.gnu-tools-for-stm32.13.3.rel1.linux64_1.0.100.202509120712/tools/bin/../lib/gcc/arm-none-eabi/13.3.1/thumb/v7e-m+dp/hard/crtn.o
OUTPUT(team1project0.1_CM7.elf elf32-littlearm)
LOAD linker stubs
LOAD /home/george/Desktop/Internship/makeself_dir_Ey9llo/STM32/plugins/com.st.stm32cube.ide.mcu.externaltools.gnu-tools-for-stm32.13.3.rel1.linux64_1.0.100.202509120712/tools/bin/../lib/gcc/arm-none-eabi/13.3.1/../../../../arm-none-eabi/lib/thumb/v7e-m+dp/hard/libc.a
LOAD /home/george/Desktop/Internship/makeself_dir_Ey9llo/STM32/plugins/com.st.stm32cube.ide.mcu.externaltools.gnu-tools-for-stm32.13.3.rel1.linux64_1.0.100.202509120712/tools/bin/../lib/gcc/arm-none-eabi/13.3.1/../../../../arm-none-eabi/lib/thumb/v7e-m+dp/hard/libm.a
LOAD /home/george/Desktop/Internship/makeself_dir_Ey9llo/STM32/plugins/com.st.stm32cube.ide.mcu.externaltools.gnu-tools-for-stm32.13.3.rel1.linux64_1.0.100.202509120712/tools/bin/../lib/gcc/arm-none-eabi/13.3.1/thumb/v7e-m+dp/hard/libgcc.a

.debug_info     0x00000000    0x1c65e
 .debug_info    0x00000000     0x1073 ./Application/User/Core/adc.o
 .debug_info    0x00001073      0x39b ./Application/User/Core/freertos.o
 .debug_info    0x0000140e      0x608 ./Application/User/Core/gpio.o
 .debug_info    0x00001a16     0x12a4 ./Application/User/Core/main.o
 .debug_info    0x00002cba      0x847 ./Application/User/Core/stm32h7xx_hal_msp.o
 .debug_info    0x00003501     0x10cd ./Application/User/Core/stm32h7xx_hal_timebase_tim.o
 .debug_info    0x000045ce      0x7fc ./Application/User/Core/stm32h7xx_it.o
 .debug_info    0x00004dca       0x30 ./Application/User/Startup/startup_stm32h755zitx.o
 .debug_info    0x00004dfa      0xe73 ./Drivers/CMSIS/system_stm32h7xx_dualcore_boot_cm4_cm7.o
 .debug_info    0x00005c6d     0x177a ./Drivers/STM32H7xx_HAL_Driver/stm32h7xx_hal.o
 .debug_info    0x000073e7     0x1da7 ./Drivers/STM32H7xx_HAL_Driver/stm32h7xx_hal_adc.o
 .debug_info    0x0000918e     0x10d5 ./Drivers/STM32H7xx_HAL_Driver/stm32h7xx_hal_cortex.o
 .debug_info    0x0000a263      0xd06 ./Drivers/STM32H7xx_HAL_Driver/stm32h7xx_hal_gpio.o
 .debug_info    0x0000af69      0x3d3 ./Drivers/STM32H7xx_HAL_Driver/stm32h7xx_hal_hsem.o
 .debug_info    0x0000b33c     0x1225 ./Drivers/STM32H7xx_HAL_Driver/stm32h7xx_hal_pwr_ex.o
 .debug_info    0x0000c561      0xe67 ./Drivers/STM32H7xx_HAL_Driver/stm32h7xx_hal_rcc.o
 .debug_info    0x0000d3c8     0x1303 ./Drivers/STM32H7xx_HAL_Driver/stm32h7xx_hal_rcc_ex.o
 .debug_info    0x0000e6cb     0x2bae ./Drivers/STM32H7xx_HAL_Driver/stm32h7xx_hal_tim.o
 .debug_info    0x00011279     0x17eb ./Drivers/STM32H7xx_HAL_Driver/stm32h7xx_hal_tim_ex.o
 .debug_info    0x00012a64     0x3dab ./Middlewares/FreeRTOS/cmsis_os2.o
 .debug_info    0x0001680f      0x4d5 ./Middlewares/FreeRTOS/heap_4.o
 .debug_info    0x00016ce4      0x2af ./Middlewares/FreeRTOS/list.o
 .debug_info    0x00016f93      0x4de ./Middlewares/FreeRTOS/port.o
 .debug_info    0x00017471     0x1b79 ./Middlewares/FreeRTOS/queue.o
 .debug_info    0x00018fea     0x21ec ./Middlewares/FreeRTOS/tasks.o
 .debug_info    0x0001b1d6     0x1488 ./Middlewares/FreeRTOS/timers.o

.debug_abbrev   0x00000000     0x3bfa
 .debug_abbrev  0x00000000      0x1f1 ./Application/User/Core/adc.o
 .debug_abbrev  0x000001f1      0x12c ./Application/User/Core/freertos.o
 .debug_abbrev  0x0000031d      0x158 ./Application/User/Core/gpio.o
 .debug_abbrev  0x00000475      0x2bb ./Application/User/Core/main.o
 .debug_abbrev  0x00000730      0x11e ./Application/User/Core/stm32h7xx_hal_msp.o
 .debug_abbrev  0x0000084e      0x212 ./Application/User/Core/stm32h7xx_hal_timebase_tim.o
 .debug_abbrev  0x00000a60      0x190 ./Application/User/Core/stm32h7xx_it.o
 .debug_abbrev  0x00000bf0       0x24 ./Application/User/Startup/startup_stm32h755zitx.o
 .debug_abbrev  0x00000c14      0x165 ./Drivers/CMSIS/system_stm32h7xx_dualcore_boot_cm4_cm7.o
 .debug_abbrev  0x00000d79      0x295 ./Drivers/STM32H7xx_HAL_Driver/stm32h7xx_hal.o
 .debug_abbrev  0x0000100e      0x2be ./Drivers/STM32H7xx_HAL_Driver/stm32h7xx_hal_adc.o
 .debug_abbrev  0x000012cc      0x339 ./Drivers/STM32H7xx_HAL_Driver/stm32h7xx_hal_cortex.o
 .debug_abbrev  0x00001605      0x205 ./Drivers/STM32H7xx_HAL_Driver/stm32h7xx_hal_gpio.o
 .debug_abbrev  0x0000180a      0x1d3 ./Drivers/STM32H7xx_HAL_Driver/stm32h7xx_hal_hsem.o
 .debug_abbrev  0x000019dd      0x2d7 ./Drivers/STM32H7xx_HAL_Driver/stm32h7xx_hal_pwr_ex.o
 .debug_abbrev  0x00001cb4      0x2c8 ./Drivers/STM32H7xx_HAL_Driver/stm32h7xx_hal_rcc.o
 .debug_abbrev  0x00001f7c      0x269 ./Drivers/STM32H7xx_HAL_Driver/stm32h7xx_hal_rcc_ex.o
 .debug_abbrev  0x000021e5      0x276 ./Drivers/STM32H7xx_HAL_Driver/stm32h7xx_hal_tim.o
 .debug_abbrev  0x0000245b      0x281 ./Drivers/STM32H7xx_HAL_Driver/stm32h7xx_hal_tim_ex.o
 .debug_abbrev  0x000026dc      0x522 ./Middlewares/FreeRTOS/cmsis_os2.o
 .debug_abbrev  0x00002bfe      0x21d ./Middlewares/FreeRTOS/heap_4.o
 .debug_abbrev  0x00002e1b       0xf5 ./Middlewares/FreeRTOS/list.o
 .debug_abbrev  0x00002f10      0x25c ./Middlewares/FreeRTOS/port.o
 .debug_abbrev  0x0000316c      0x3b6 ./Middlewares/FreeRTOS/queue.o
 .debug_abbrev  0x00003522      0x386 ./Middlewares/FreeRTOS/tasks.o
 .debug_abbrev  0x000038a8      0x352 ./Middlewares/FreeRTOS/timers.o

.debug_aranges  0x00000000     0x1850
 .debug_aranges
                0x00000000       0x30 ./Application/User/Core/adc.o
 .debug_aranges
                0x00000030       0x28 ./Application/User/Core/freertos.o
 .debug_aranges
                0x00000058       0x20 ./Application/User/Core/gpio.o
 .debug_aranges
                0x00000078       0x38 ./Application/User/Core/main.o
 .debug_aranges
                0x000000b0       0x20 ./Application/User/Core/stm32h7xx_hal_msp.o
 .debug_aranges
                0x000000d0       0x30 ./Application/User/Core/stm32h7xx_hal_timebase_tim.o
 .debug_aranges
                0x00000100       0x58 ./Application/User/Core/stm32h7xx_it.o
 .debug_aranges
                0x00000158       0x28 ./Application/User/Startup/startup_stm32h755zitx.o
 .debug_aranges
                0x00000180       0x30 ./Drivers/CMSIS/system_stm32h7xx_dualcore_boot_cm4_cm7.o
 .debug_aranges
                0x000001b0      0x200 ./Drivers/STM32H7xx_HAL_Driver/stm32h7xx_hal.o
 .debug_aranges
                0x000003b0      0x230 ./Drivers/STM32H7xx_HAL_Driver/stm32h7xx_hal_adc.o
 .debug_aranges
                0x000005e0      0x130 ./Drivers/STM32H7xx_HAL_Driver/stm32h7xx_hal_cortex.o
 .debug_aranges
                0x00000710       0x58 ./Drivers/STM32H7xx_HAL_Driver/stm32h7xx_hal_gpio.o
 .debug_aranges
                0x00000768       0x70 ./Drivers/STM32H7xx_HAL_Driver/stm32h7xx_hal_hsem.o
 .debug_aranges
                0x000007d8      0x170 ./Drivers/STM32H7xx_HAL_Driver/stm32h7xx_hal_pwr_ex.o
 .debug_aranges
                0x00000948       0x88 ./Drivers/STM32H7xx_HAL_Driver/stm32h7xx_hal_rcc.o
 .debug_aranges
                0x000009d0      0x100 ./Drivers/STM32H7xx_HAL_Driver/stm32h7xx_hal_rcc_ex.o
 .debug_aranges
                0x00000ad0      0x3e0 ./Drivers/STM32H7xx_HAL_Driver/stm32h7xx_hal_tim.o
 .debug_aranges
                0x00000eb0      0x188 ./Drivers/STM32H7xx_HAL_Driver/stm32h7xx_hal_tim_ex.o
 .debug_aranges
                0x00001038      0x2b0 ./Middlewares/FreeRTOS/cmsis_os2.o
 .debug_aranges
                0x000012e8       0x58 ./Middlewares/FreeRTOS/heap_4.o
 .debug_aranges
                0x00001340       0x40 ./Middlewares/FreeRTOS/list.o
 .debug_aranges
                0x00001380       0x80 ./Middlewares/FreeRTOS/port.o
 .debug_aranges
                0x00001400      0x158 ./Middlewares/FreeRTOS/queue.o
 .debug_aranges
                0x00001558      0x208 ./Middlewares/FreeRTOS/tasks.o
 .debug_aranges
                0x00001760       0xf0 ./Middlewares/FreeRTOS/timers.o

.debug_rnglists
                0x00000000     0x12a5
 .debug_rnglists
                0x00000000       0x21 ./Application/User/Core/adc.o
 .debug_rnglists
                0x00000021       0x19 ./Application/User/Core/freertos.o
 .debug_rnglists
                0x0000003a       0x14 ./Application/User/Core/gpio.o
 .debug_rnglists
                0x0000004e       0x27 ./Application/User/Core/main.o
 .debug_rnglists
                0x00000075       0x13 ./Application/User/Core/stm32h7xx_hal_msp.o
 .debug_rnglists
                0x00000088       0x20 ./Application/User/Core/stm32h7xx_hal_timebase_tim.o
 .debug_rnglists
                0x000000a8       0x3d ./Application/User/Core/stm32h7xx_it.o
 .debug_rnglists
                0x000000e5       0x19 ./Application/User/Startup/startup_stm32h755zitx.o
 .debug_rnglists
                0x000000fe       0x21 ./Drivers/CMSIS/system_stm32h7xx_dualcore_boot_cm4_cm7.o
 .debug_rnglists
                0x0000011f      0x180 ./Drivers/STM32H7xx_HAL_Driver/stm32h7xx_hal.o
 .debug_rnglists
                0x0000029f      0x1af ./Drivers/STM32H7xx_HAL_Driver/stm32h7xx_hal_adc.o
 .debug_rnglists
                0x0000044e       0xe0 ./Drivers/STM32H7xx_HAL_Driver/stm32h7xx_hal_cortex.o
 .debug_rnglists
                0x0000052e       0x3f ./Drivers/STM32H7xx_HAL_Driver/stm32h7xx_hal_gpio.o
 .debug_rnglists
                0x0000056d       0x4f ./Drivers/STM32H7xx_HAL_Driver/stm32h7xx_hal_hsem.o
 .debug_rnglists
                0x000005bc      0x117 ./Drivers/STM32H7xx_HAL_Driver/stm32h7xx_hal_pwr_ex.o
 .debug_rnglists
                0x000006d3       0x68 ./Drivers/STM32H7xx_HAL_Driver/stm32h7xx_hal_rcc.o
 .debug_rnglists
                0x0000073b       0xc6 ./Drivers/STM32H7xx_HAL_Driver/stm32h7xx_hal_rcc_ex.o
 .debug_rnglists
                0x00000801      0x328 ./Drivers/STM32H7xx_HAL_Driver/stm32h7xx_hal_tim.o
 .debug_rnglists
                0x00000b29      0x13f ./Drivers/STM32H7xx_HAL_Driver/stm32h7xx_hal_tim_ex.o
 .debug_rnglists
                0x00000c68      0x212 ./Middlewares/FreeRTOS/cmsis_os2.o
 .debug_rnglists
                0x00000e7a       0x42 ./Middlewares/FreeRTOS/heap_4.o
 .debug_rnglists
                0x00000ebc       0x2b ./Middlewares/FreeRTOS/list.o
 .debug_rnglists
                0x00000ee7       0x5d ./Middlewares/FreeRTOS/port.o
 .debug_rnglists
                0x00000f44      0x109 ./Middlewares/FreeRTOS/queue.o
 .debug_rnglists
                0x0000104d      0x1a0 ./Middlewares/FreeRTOS/tasks.o
 .debug_rnglists
                0x000011ed       0xb8 ./Middlewares/FreeRTOS/timers.o

.debug_macro    0x00000000    0x3ecae
 .debug_macro   0x00000000      0x2df ./Application/User/Core/adc.o
 .debug_macro   0x000002df      0xafc ./Application/User/Core/adc.o
 .debug_macro   0x00000ddb      0x23e ./Application/User/Core/adc.o
 .debug_macro   0x00001019       0x2e ./Application/User/Core/adc.o
 .debug_macro   0x00001047       0x49 ./Application/User/Core/adc.o
 .debug_macro   0x00001090       0x22 ./Application/User/Core/adc.o
 .debug_macro   0x000010b2       0x8e ./Application/User/Core/adc.o
 .debug_macro   0x00001140       0x51 ./Application/User/Core/adc.o
 .debug_macro   0x00001191      0x103 ./Application/User/Core/adc.o
 .debug_macro   0x00001294       0x6a ./Application/User/Core/adc.o
 .debug_macro   0x000012fe      0x1df ./Application/User/Core/adc.o
 .debug_macro   0x000014dd       0x1c ./Application/User/Core/adc.o
 .debug_macro   0x000014f9       0x22 ./Application/User/Core/adc.o
 .debug_macro   0x0000151b       0xfb ./Application/User/Core/adc.o
 .debug_macro   0x00001616     0x1305 ./Application/User/Core/adc.o
 .debug_macro   0x0000291b      0x11f ./Application/User/Core/adc.o
 .debug_macro   0x00002a3a       0x27 ./Application/User/Core/adc.o
 .debug_macro   0x00002a61    0x2769e ./Application/User/Core/adc.o
 .debug_macro   0x0002a0ff       0x6d ./Application/User/Core/adc.o
 .debug_macro   0x0002a16c     0x3d79 ./Application/User/Core/adc.o
 .debug_macro   0x0002dee5      0x190 ./Application/User/Core/adc.o
 .debug_macro   0x0002e075       0x61 ./Application/User/Core/adc.o
 .debug_macro   0x0002e0d6       0x29 ./Application/User/Core/adc.o
 .debug_macro   0x0002e0ff       0x43 ./Application/User/Core/adc.o
 .debug_macro   0x0002e142       0x34 ./Application/User/Core/adc.o
 .debug_macro   0x0002e176      0x370 ./Application/User/Core/adc.o
 .debug_macro   0x0002e4e6       0x16 ./Application/User/Core/adc.o
 .debug_macro   0x0002e4fc       0x4a ./Application/User/Core/adc.o
 .debug_macro   0x0002e546       0x34 ./Application/User/Core/adc.o
 .debug_macro   0x0002e57a       0x10 ./Application/User/Core/adc.o
 .debug_macro   0x0002e58a       0x58 ./Application/User/Core/adc.o
 .debug_macro   0x0002e5e2       0x8e ./Application/User/Core/adc.o
 .debug_macro   0x0002e670       0x1c ./Application/User/Core/adc.o
 .debug_macro   0x0002e68c      0x185 ./Application/User/Core/adc.o
 .debug_macro   0x0002e811      0x19b ./Application/User/Core/adc.o
 .debug_macro   0x0002e9ac       0x5d ./Application/User/Core/adc.o
 .debug_macro   0x0002ea09     0x3b99 ./Application/User/Core/adc.o
 .debug_macro   0x000325a2     0x1072 ./Application/User/Core/adc.o
 .debug_macro   0x00033614      0x154 ./Application/User/Core/adc.o
 .debug_macro   0x00033768      0x130 ./Application/User/Core/adc.o
 .debug_macro   0x00033898      0x3c2 ./Application/User/Core/adc.o
 .debug_macro   0x00033c5a       0xac ./Application/User/Core/adc.o
 .debug_macro   0x00033d06      0x72d ./Application/User/Core/adc.o
 .debug_macro   0x00034433      0x228 ./Application/User/Core/adc.o
 .debug_macro   0x0003465b       0x66 ./Application/User/Core/adc.o
 .debug_macro   0x000346c1      0x3bb ./Application/User/Core/adc.o
 .debug_macro   0x00034a7c      0x407 ./Application/User/Core/adc.o
 .debug_macro   0x00034e83      0x27c ./Application/User/Core/adc.o
 .debug_macro   0x000350ff     0x1044 ./Application/User/Core/adc.o
 .debug_macro   0x00036143      0x6cc ./Application/User/Core/adc.o
 .debug_macro   0x0003680f      0x383 ./Application/User/Core/adc.o
 .debug_macro   0x00036b92      0x3ca ./Application/User/Core/adc.o
 .debug_macro   0x00036f5c      0x4a2 ./Application/User/Core/adc.o
 .debug_macro   0x000373fe       0x51 ./Application/User/Core/adc.o
 .debug_macro   0x0003744f       0x4a ./Application/User/Core/adc.o
 .debug_macro   0x00037499      0x22c ./Application/User/Core/adc.o
 .debug_macro   0x000376c5       0x67 ./Application/User/Core/adc.o
 .debug_macro   0x0003772c       0xa5 ./Application/User/Core/adc.o
 .debug_macro   0x000377d1      0x218 ./Application/User/Core/adc.o
 .debug_macro   0x000379e9      0x2ea ./Application/User/Core/adc.o
 .debug_macro   0x00037cd3       0x35 ./Application/User/Core/adc.o
 .debug_macro   0x00037d08      0xafa ./Application/User/Core/adc.o
 .debug_macro   0x00038802      0x29f ./Application/User/Core/adc.o
 .debug_macro   0x00038aa1      0x693 ./Application/User/Core/adc.o
 .debug_macro   0x00039134       0xa6 ./Application/User/Core/adc.o
 .debug_macro   0x000391da      0x7a4 ./Application/User/Core/adc.o
 .debug_macro   0x0003997e      0x35f ./Application/User/Core/freertos.o
 .debug_macro   0x00039cdd      0x169 ./Application/User/Core/freertos.o
 .debug_macro   0x00039e46      0x15a ./Application/User/Core/freertos.o
 .debug_macro   0x00039fa0       0xc9 ./Application/User/Core/freertos.o
 .debug_macro   0x0003a069       0x1c ./Application/User/Core/freertos.o
 .debug_macro   0x0003a085       0x26 ./Application/User/Core/freertos.o
 .debug_macro   0x0003a0ab      0x4c5 ./Application/User/Core/freertos.o
 .debug_macro   0x0003a570       0xb5 ./Application/User/Core/freertos.o
 .debug_macro   0x0003a625       0xaa ./Application/User/Core/freertos.o
 .debug_macro   0x0003a6cf       0x6c ./Application/User/Core/freertos.o
 .debug_macro   0x0003a73b       0x74 ./Application/User/Core/freertos.o
 .debug_macro   0x0003a7af       0xdd ./Application/User/Core/freertos.o
 .debug_macro   0x0003a88c      0x2df ./Application/User/Core/gpio.o
 .debug_macro   0x0003ab6b      0x393 ./Application/User/Core/main.o
 .debug_macro   0x0003aefe      0x169 ./Application/User/Core/main.o
 .debug_macro   0x0003b067       0x66 ./Application/User/Core/main.o
 .debug_macro   0x0003b0cd      0x2d5 ./Application/User/Core/stm32h7xx_hal_msp.o
 .debug_macro   0x0003b3a2      0x2cb ./Application/User/Core/stm32h7xx_hal_timebase_tim.o
 .debug_macro   0x0003b66d      0x2df ./Application/User/Core/stm32h7xx_it.o
 .debug_macro   0x0003b94c      0x2cb ./Drivers/CMSIS/system_stm32h7xx_dualcore_boot_cm4_cm7.o
 .debug_macro   0x0003bc17      0x2f5 ./Drivers/STM32H7xx_HAL_Driver/stm32h7xx_hal.o
 .debug_macro   0x0003bf0c      0x2ef ./Drivers/STM32H7xx_HAL_Driver/stm32h7xx_hal_adc.o
 .debug_macro   0x0003c1fb      0x2cb ./Drivers/STM32H7xx_HAL_Driver/stm32h7xx_hal_cortex.o
 .debug_macro   0x0003c4c6      0x2df ./Drivers/STM32H7xx_HAL_Driver/stm32h7xx_hal_gpio.o
 .debug_macro   0x0003c7a5      0x2dd ./Drivers/STM32H7xx_HAL_Driver/stm32h7xx_hal_hsem.o
 .debug_macro   0x0003ca82      0x304 ./Drivers/STM32H7xx_HAL_Driver/stm32h7xx_hal_pwr_ex.o
 .debug_macro   0x0003cd86      0x2ef ./Drivers/STM32H7xx_HAL_Driver/stm32h7xx_hal_rcc.o
 .debug_macro   0x0003d075      0x2e9 ./Drivers/STM32H7xx_HAL_Driver/stm32h7xx_hal_rcc_ex.o
 .debug_macro   0x0003d35e      0x2cc ./Drivers/STM32H7xx_HAL_Driver/stm32h7xx_hal_tim.o
 .debug_macro   0x0003d62a      0x2cb ./Drivers/STM32H7xx_HAL_Driver/stm32h7xx_hal_tim_ex.o
 .debug_macro   0x0003d8f5      0x42a ./Middlewares/FreeRTOS/cmsis_os2.o
 .debug_macro   0x0003dd1f       0x10 ./Middlewares/FreeRTOS/cmsis_os2.o
 .debug_macro   0x0003dd2f       0x20 ./Middlewares/FreeRTOS/cmsis_os2.o
 .debug_macro   0x0003dd4f       0x10 ./Middlewares/FreeRTOS/cmsis_os2.o
 .debug_macro   0x0003dd5f       0xf5 ./Middlewares/FreeRTOS/cmsis_os2.o
 .debug_macro   0x0003de54       0x91 ./Middlewares/FreeRTOS/cmsis_os2.o
 .debug_macro   0x0003dee5       0x8d ./Middlewares/FreeRTOS/cmsis_os2.o
 .debug_macro   0x0003df72       0x9a ./Middlewares/FreeRTOS/cmsis_os2.o
 .debug_macro   0x0003e00c       0x22 ./Middlewares/FreeRTOS/cmsis_os2.o
 .debug_macro   0x0003e02e      0x1ae ./Middlewares/FreeRTOS/heap_4.o
 .debug_macro   0x0003e1dc      0x187 ./Middlewares/FreeRTOS/list.o
 .debug_macro   0x0003e363      0x196 ./Middlewares/FreeRTOS/port.o
 .debug_macro   0x0003e4f9      0x216 ./Middlewares/FreeRTOS/queue.o
 .debug_macro   0x0003e70f       0x16 ./Middlewares/FreeRTOS/queue.o
 .debug_macro   0x0003e725       0x87 ./Middlewares/FreeRTOS/queue.o
 .debug_macro   0x0003e7ac      0x27f ./Middlewares/FreeRTOS/tasks.o
 .debug_macro   0x0003ea2b       0x10 ./Middlewares/FreeRTOS/tasks.o
 .debug_macro   0x0003ea3b      0x1dc ./Middlewares/FreeRTOS/timers.o
 .debug_macro   0x0003ec17       0x97 ./Middlewares/FreeRTOS/timers.o

.debug_line     0x00000000    0x1d5d9
 .debug_line    0x00000000      0xa04 ./Application/User/Core/adc.o
 .debug_line    0x00000a04      0xad6 ./Application/User/Core/freertos.o
 .debug_line    0x000014da      0x9a2 ./Application/User/Core/gpio.o
 .debug_line    0x00001e7c      0xbf3 ./Application/User/Core/main.o
 .debug_line    0x00002a6f      0x952 ./Application/User/Core/stm32h7xx_hal_msp.o
 .debug_line    0x000033c1      0x9c6 ./Application/User/Core/stm32h7xx_hal_timebase_tim.o
 .debug_line    0x00003d87      0x9f1 ./Application/User/Core/stm32h7xx_it.o
 .debug_line    0x00004778       0x7b ./Application/User/Startup/startup_stm32h755zitx.o
 .debug_line    0x000047f3      0xb6f ./Drivers/CMSIS/system_stm32h7xx_dualcore_boot_cm4_cm7.o
 .debug_line    0x00005362     0x1083 ./Drivers/STM32H7xx_HAL_Driver/stm32h7xx_hal.o
 .debug_line    0x000063e5     0x23f2 ./Drivers/STM32H7xx_HAL_Driver/stm32h7xx_hal_adc.o
 .debug_line    0x000087d7      0xf1a ./Drivers/STM32H7xx_HAL_Driver/stm32h7xx_hal_cortex.o
 .debug_line    0x000096f1      0xdad ./Drivers/STM32H7xx_HAL_Driver/stm32h7xx_hal_gpio.o
 .debug_line    0x0000a49e      0xac2 ./Drivers/STM32H7xx_HAL_Driver/stm32h7xx_hal_hsem.o
 .debug_line    0x0000af60     0x11ed ./Drivers/STM32H7xx_HAL_Driver/stm32h7xx_hal_pwr_ex.o
 .debug_line    0x0000c14d     0x15cb ./Drivers/STM32H7xx_HAL_Driver/stm32h7xx_hal_rcc.o
 .debug_line    0x0000d718     0x1eef ./Drivers/STM32H7xx_HAL_Driver/stm32h7xx_hal_rcc_ex.o
 .debug_line    0x0000f607     0x4078 ./Drivers/STM32H7xx_HAL_Driver/stm32h7xx_hal_tim.o
 .debug_line    0x0001367f     0x1dea ./Drivers/STM32H7xx_HAL_Driver/stm32h7xx_hal_tim_ex.o
 .debug_line    0x00015469     0x25fc ./Middlewares/FreeRTOS/cmsis_os2.o
 .debug_line    0x00017a65      0x9c2 ./Middlewares/FreeRTOS/heap_4.o
 .debug_line    0x00018427      0x7ab ./Middlewares/FreeRTOS/list.o
 .debug_line    0x00018bd2      0x861 ./Middlewares/FreeRTOS/port.o
 .debug_line    0x00019433     0x171c ./Middlewares/FreeRTOS/queue.o
 .debug_line    0x0001ab4f     0x1c9f ./Middlewares/FreeRTOS/tasks.o
 .debug_line    0x0001c7ee      0xdeb ./Middlewares/FreeRTOS/timers.o

.debug_str      0x00000000   0x1a52e4
 .debug_str     0x00000000   0x1a52e4 ./Application/User/Core/adc.o
                             0x1957c4 (size before relaxing)
 .debug_str     0x001a52e4        0x0 ./Application/User/Core/freertos.o
                             0x1999d7 (size before relaxing)
 .debug_str     0x001a52e4        0x0 ./Application/User/Core/gpio.o
                             0x194e28 (size before relaxing)
 .debug_str     0x001a52e4        0x0 ./Application/User/Core/main.o
                             0x19a1b7 (size before relaxing)
 .debug_str     0x001a52e4        0x0 ./Application/User/Core/stm32h7xx_hal_msp.o
                             0x195627 (size before relaxing)
 .debug_str     0x001a52e4        0x0 ./Application/User/Core/stm32h7xx_hal_timebase_tim.o
                             0x195de6 (size before relaxing)
 .debug_str     0x001a52e4        0x0 ./Application/User/Core/stm32h7xx_it.o
                             0x19524f (size before relaxing)
 .debug_str     0x001a52e4        0x0 ./Application/User/Startup/startup_stm32h755zitx.o
                                 0x9e (size before relaxing)
 .debug_str     0x001a52e4        0x0 ./Drivers/CMSIS/system_stm32h7xx_dualcore_boot_cm4_cm7.o
                             0x195184 (size before relaxing)
 .debug_str     0x001a52e4        0x0 ./Drivers/STM32H7xx_HAL_Driver/stm32h7xx_hal.o
                             0x1961f1 (size before relaxing)
 .debug_str     0x001a52e4        0x0 ./Drivers/STM32H7xx_HAL_Driver/stm32h7xx_hal_adc.o
                             0x195e9d (size before relaxing)
 .debug_str     0x001a52e4        0x0 ./Drivers/STM32H7xx_HAL_Driver/stm32h7xx_hal_cortex.o
                             0x195a58 (size before relaxing)
 .debug_str     0x001a52e4        0x0 ./Drivers/STM32H7xx_HAL_Driver/stm32h7xx_hal_gpio.o
                             0x1950e3 (size before relaxing)
 .debug_str     0x001a52e4        0x0 ./Drivers/STM32H7xx_HAL_Driver/stm32h7xx_hal_hsem.o
                             0x194d6e (size before relaxing)
 .debug_str     0x001a52e4        0x0 ./Drivers/STM32H7xx_HAL_Driver/stm32h7xx_hal_pwr_ex.o
                             0x1955ee (size before relaxing)
 .debug_str     0x001a52e4        0x0 ./Drivers/STM32H7xx_HAL_Driver/stm32h7xx_hal_rcc.o
                             0x195464 (size before relaxing)
 .debug_str     0x001a52e4        0x0 ./Drivers/STM32H7xx_HAL_Driver/stm32h7xx_hal_rcc_ex.o
                             0x195999 (size before relaxing)
 .debug_str     0x001a52e4        0x0 ./Drivers/STM32H7xx_HAL_Driver/stm32h7xx_hal_tim.o
                             0x1961f0 (size before relaxing)
 .debug_str     0x001a52e4        0x0 ./Drivers/STM32H7xx_HAL_Driver/stm32h7xx_hal_tim_ex.o
                             0x195b18 (size before relaxing)
 .debug_str     0x001a52e4        0x0 ./Middlewares/FreeRTOS/cmsis_os2.o
                             0x19cca6 (size before relaxing)
 .debug_str     0x001a52e4        0x0 ./Middlewares/FreeRTOS/heap_4.o
                               0xb60b (size before relaxing)
 .debug_str     0x001a52e4        0x0 ./Middlewares/FreeRTOS/list.o
                               0xacc9 (size before relaxing)
 .debug_str     0x001a52e4        0x0 ./Middlewares/FreeRTOS/port.o
                               0x886f (size before relaxing)
 .debug_str     0x001a52e4        0x0 ./Middlewares/FreeRTOS/queue.o
                               0xc809 (size before relaxing)
 .debug_str     0x001a52e4        0x0 ./Middlewares/FreeRTOS/tasks.o
                               0xd2c6 (size before relaxing)
 .debug_str     0x001a52e4        0x0 ./Middlewares/FreeRTOS/timers.o
                               0xcd3b (size before relaxing)

.comment        0x00000000       0x43
 .comment       0x00000000       0x43 ./Application/User/Core/adc.o
                                 0x44 (size before relaxing)
 .comment       0x00000043        0x0 ./Application/User/Core/freertos.o
                                 0x44 (size before relaxing)
 .comment       0x00000043        0x0 ./Application/User/Core/gpio.o
                                 0x44 (size before relaxing)
 .comment       0x00000043        0x0 ./Application/User/Core/main.o
                                 0x44 (size before relaxing)
 .comment       0x00000043        0x0 ./Application/User/Core/stm32h7xx_hal_msp.o
                                 0x44 (size before relaxing)
 .comment       0x00000043        0x0 ./Application/User/Core/stm32h7xx_hal_timebase_tim.o
                                 0x44 (size before relaxing)
 .comment       0x00000043        0x0 ./Application/User/Core/stm32h7xx_it.o
                                 0x44 (size before relaxing)
 .comment       0x00000043        0x0 ./Drivers/CMSIS/system_stm32h7xx_dualcore_boot_cm4_cm7.o
                                 0x44 (size before relaxing)
 .comment       0x00000043        0x0 ./Drivers/STM32H7xx_HAL_Driver/stm32h7xx_hal.o
                                 0x44 (size before relaxing)
 .comment       0x00000043        0x0 ./Drivers/STM32H7xx_HAL_Driver/stm32h7xx_hal_adc.o
                                 0x44 (size before relaxing)
 .comment       0x00000043        0x0 ./Drivers/STM32H7xx_HAL_Driver/stm32h7xx_hal_cortex.o
                                 0x44 (size before relaxing)
 .comment       0x00000043        0x0 ./Drivers/STM32H7xx_HAL_Driver/stm32h7xx_hal_gpio.o
                                 0x44 (size before relaxing)
 .comment       0x00000043        0x0 ./Drivers/STM32H7xx_HAL_Driver/stm32h7xx_hal_hsem.o
                                 0x44 (size before relaxing)
 .comment       0x00000043        0x0 ./Drivers/STM32H7xx_HAL_Driver/stm32h7xx_hal_pwr_ex.o
                                 0x44 (size before relaxing)
 .comment       0x00000043        0x0 ./Drivers/STM32H7xx_HAL_Driver/stm32h7xx_hal_rcc.o
                                 0x44 (size before relaxing)
 .comment       0x00000043        0x0 ./Drivers/STM32H7xx_HAL_Driver/stm32h7xx_hal_rcc_ex.o
                                 0x44 (size before relaxing)
 .comment       0x00000043        0x0 ./Drivers/STM32H7xx_HAL_Driver/stm32h7xx_hal_tim.o
                                 0x44 (size before relaxing)
 .comment       0x00000043        0x0 ./Drivers/STM32H7xx_HAL_Driver/stm32h7xx_hal_tim_ex.o
                                 0x44 (size before relaxing)
 .comment       0x00000043        0x0 ./Middlewares/FreeRTOS/cmsis_os2.o
                                 0x44 (size before relaxing)
 .comment       0x00000043        0x0 ./Middlewares/FreeRTOS/heap_4.o
                                 0x44 (size before relaxing)
 .comment       0x00000043        0x0 ./Middlewares/FreeRTOS/list.o
                                 0x44 (size before relaxing)
 .comment       0x00000043        0x0 ./Middlewares/FreeRTOS/port.o
                                 0x44 (size before relaxing)
 .comment       0x00000043        0x0 ./Middlewares/FreeRTOS/queue.o
                                 0x44 (size before relaxing)
 .comment       0x00000043        0x0 ./Middlewares/FreeRTOS/tasks.o
                                 0x44 (size before relaxing)
 .comment       0x00000043        0x0 ./Middlewares/FreeRTOS/timers.o
                                 0x44 (size before relaxing)

.debug_frame    0x00000000     0x6630
 .debug_frame   0x00000000       0x84 ./Application/User/Core/adc.o
 .debug_frame   0x00000084       0x4c ./Application/User/Core/freertos.o
 .debug_frame   0x000000d0       0x34 ./Application/User/Core/gpio.o
 .debug_frame   0x00000104       0x90 ./Application/User/Core/main.o
 .debug_frame   0x00000194       0x34 ./Application/User/Core/stm32h7xx_hal_msp.o
 .debug_frame   0x000001c8       0x74 ./Application/User/Core/stm32h7xx_hal_timebase_tim.o
 .debug_frame   0x0000023c       0xe0 ./Application/User/Core/stm32h7xx_it.o
 .debug_frame   0x0000031c       0x78 ./Drivers/CMSIS/system_stm32h7xx_dualcore_boot_cm4_cm7.o
 .debug_frame   0x00000394      0x848 ./Drivers/STM32H7xx_HAL_Driver/stm32h7xx_hal.o
 .debug_frame   0x00000bdc      0xa50 ./Drivers/STM32H7xx_HAL_Driver/stm32h7xx_hal_adc.o
 .debug_frame   0x0000162c      0x508 ./Drivers/STM32H7xx_HAL_Driver/stm32h7xx_hal_cortex.o
 .debug_frame   0x00001b34      0x14c ./Drivers/STM32H7xx_HAL_Driver/stm32h7xx_hal_gpio.o
 .debug_frame   0x00001c80      0x1bc ./Drivers/STM32H7xx_HAL_Driver/stm32h7xx_hal_hsem.o
 .debug_frame   0x00001e3c      0x5ec ./Drivers/STM32H7xx_HAL_Driver/stm32h7xx_hal_pwr_ex.o
 .debug_frame   0x00002428      0x1f8 ./Drivers/STM32H7xx_HAL_Driver/stm32h7xx_hal_rcc.o
 .debug_frame   0x00002620      0x43c ./Drivers/STM32H7xx_HAL_Driver/stm32h7xx_hal_rcc_ex.o
 .debug_frame   0x00002a5c     0x121c ./Drivers/STM32H7xx_HAL_Driver/stm32h7xx_hal_tim.o
 .debug_frame   0x00003c78      0x6d8 ./Drivers/STM32H7xx_HAL_Driver/stm32h7xx_hal_tim_ex.o
 .debug_frame   0x00004350      0xbe4 ./Middlewares/FreeRTOS/cmsis_os2.o
 .debug_frame   0x00004f34      0x12c ./Middlewares/FreeRTOS/heap_4.o
 .debug_frame   0x00005060       0xd8 ./Middlewares/FreeRTOS/list.o
 .debug_frame   0x00005138      0x1a8 ./Middlewares/FreeRTOS/port.o
 .debug_frame   0x000052e0      0x5ec ./Middlewares/FreeRTOS/queue.o
 .debug_frame   0x000058cc      0x8f0 ./Middlewares/FreeRTOS/tasks.o
 .debug_frame   0x000061bc      0x400 ./Middlewares/FreeRTOS/timers.o
 .debug_frame   0x000065bc       0x20 /home/george/Desktop/Internship/makeself_dir_Ey9llo/STM32/plugins/com.st.stm32cube.ide.mcu.externaltools.gnu-tools-for-stm32.13.3.rel1.linux64_1.0.100.202509120712/tools/bin/../lib/gcc/arm-none-eabi/13.3.1/../../../../arm-none-eabi/lib/thumb/v7e-m+dp/hard/libc_nano.a(libc_a-memset.o)
 .debug_frame   0x000065dc       0x2c /home/george/Desktop/Internship/makeself_dir_Ey9llo/STM32/plugins/com.st.stm32cube.ide.mcu.externaltools.gnu-tools-for-stm32.13.3.rel1.linux64_1.0.100.202509120712/tools/bin/../lib/gcc/arm-none-eabi/13.3.1/../../../../arm-none-eabi/lib/thumb/v7e-m+dp/hard/libc_nano.a(libc_a-init.o)
 .debug_frame   0x00006608       0x28 /home/george/Desktop/Internship/makeself_dir_Ey9llo/STM32/plugins/com.st.stm32cube.ide.mcu.externaltools.gnu-tools-for-stm32.13.3.rel1.linux64_1.0.100.202509120712/tools/bin/../lib/gcc/arm-none-eabi/13.3.1/../../../../arm-none-eabi/lib/thumb/v7e-m+dp/hard/libc_nano.a(libc_a-memcpy-stub.o)

.debug_line_str
                0x00000000       0x82
 .debug_line_str
                0x00000000       0x82 ./Application/User/Startup/startup_stm32h755zitx.o
