/home/vijay/Documents/STM/team1project/CM4/Core/Src/freertos.c:113:6:MX_FREERTOS_Init	8	static
/home/vijay/Documents/STM/team1project/CM4/Core/Src/freertos.c:162:6:StartDefaultTask	16	static
/home/vijay/Documents/STM/team1project/CM4/Core/Src/freertos.c:180:6:Encodetransmit	16	static
/home/vijay/Documents/STM/team1project/CM4/Core/Src/freertos.c:198:6:Board1_M4_transmit	144	static
/home/vijay/Documents/STM/team1project/CM4/Core/Src/freertos.c:215:13:Notify_M7_via_HSEM	16	static
/home/vijay/Documents/STM/team1project/CM4/Core/Src/freertos.c:222:6:HAL_GPIO_EXTI_Callback	24	static
