/home/george/STM32CubeIDE/workspace_2.0.0/team1project/CM4/Core/Src/stm32h7xx_it.c:72:6:NMI_Handler	4	static
/home/george/STM32CubeIDE/workspace_2.0.0/team1project/CM4/Core/Src/stm32h7xx_it.c:87:6:HardFault_Handler	4	static
/home/george/STM32CubeIDE/workspace_2.0.0/team1project/CM4/Core/Src/stm32h7xx_it.c:102:6:MemManage_Handler	4	static
/home/george/STM32CubeIDE/workspace_2.0.0/team1project/CM4/Core/Src/stm32h7xx_it.c:117:6:BusFault_Handler	4	static
/home/george/STM32CubeIDE/workspace_2.0.0/team1project/CM4/Core/Src/stm32h7xx_it.c:132:6:UsageFault_Handler	4	static
/home/george/STM32CubeIDE/workspace_2.0.0/team1project/CM4/Core/Src/stm32h7xx_it.c:147:6:DebugMon_Handler	4	static
/home/george/STM32CubeIDE/workspace_2.0.0/team1project/CM4/Core/Src/stm32h7xx_it.c:167:6:EXTI9_5_IRQHandler	8	static
/home/george/STM32CubeIDE/workspace_2.0.0/team1project/CM4/Core/Src/stm32h7xx_it.c:181:6:TIM2_IRQHandler	8	static
/home/george/STM32CubeIDE/workspace_2.0.0/team1project/CM4/Core/Src/stm32h7xx_it.c:195:6:TIM4_IRQHandler	8	static
/home/george/STM32CubeIDE/workspace_2.0.0/team1project/CM4/Core/Src/stm32h7xx_it.c:209:6:USART2_IRQHandler	8	static
/home/george/STM32CubeIDE/workspace_2.0.0/team1project/CM4/Core/Src/stm32h7xx_it.c:223:6:EXTI15_10_IRQHandler	8	static
/home/george/STM32CubeIDE/workspace_2.0.0/team1project/CM4/Core/Src/stm32h7xx_it.c:239:6:HSEM2_IRQHandler	8	static
