Archive member included to satisfy reference by file (symbol)

/home/george/Desktop/Internship/makeself_dir_Ey9llo/STM32/plugins/com.st.stm32cube.ide.mcu.externaltools.gnu-tools-for-stm32.13.3.rel1.linux64_1.0.100.202509120712/tools/bin/../lib/gcc/arm-none-eabi/13.3.1/../../../../arm-none-eabi/lib/thumb/v7e-m+fp/hard/libc_nano.a(libc_a-exit.o)
                              /home/george/Desktop/Internship/makeself_dir_Ey9llo/STM32/plugins/com.st.stm32cube.ide.mcu.externaltools.gnu-tools-for-stm32.13.3.rel1.linux64_1.0.100.202509120712/tools/bin/../lib/gcc/arm-none-eabi/13.3.1/../../../../arm-none-eabi/lib/thumb/v7e-m+fp/hard/crt0.o (exit)
/home/george/Desktop/Internship/makeself_dir_Ey9llo/STM32/plugins/com.st.stm32cube.ide.mcu.externaltools.gnu-tools-for-stm32.13.3.rel1.linux64_1.0.100.202509120712/tools/bin/../lib/gcc/arm-none-eabi/13.3.1/../../../../arm-none-eabi/lib/thumb/v7e-m+fp/hard/libc_nano.a(libc_a-nano-vfprintf_float.o)
                              (_printf_float)
/home/george/Desktop/Internship/makeself_dir_Ey9llo/STM32/plugins/com.st.stm32cube.ide.mcu.externaltools.gnu-tools-for-stm32.13.3.rel1.linux64_1.0.100.202509120712/tools/bin/../lib/gcc/arm-none-eabi/13.3.1/../../../../arm-none-eabi/lib/thumb/v7e-m+fp/hard/libc_nano.a(libc_a-nano-vfprintf_i.o)
                              /home/george/Desktop/Internship/makeself_dir_Ey9llo/STM32/plugins/com.st.stm32cube.ide.mcu.externaltools.gnu-tools-for-stm32.13.3.rel1.linux64_1.0.100.202509120712/tools/bin/../lib/gcc/arm-none-eabi/13.3.1/../../../../arm-none-eabi/lib/thumb/v7e-m+fp/hard/libc_nano.a(libc_a-nano-vfprintf_float.o) (_printf_common)
/home/george/Desktop/Internship/makeself_dir_Ey9llo/STM32/plugins/com.st.stm32cube.ide.mcu.externaltools.gnu-tools-for-stm32.13.3.rel1.linux64_1.0.100.202509120712/tools/bin/../lib/gcc/arm-none-eabi/13.3.1/../../../../arm-none-eabi/lib/thumb/v7e-m+fp/hard/libc_nano.a(libc_a-nano-vfscanf_float.o)
                              (_scanf_float)
/home/george/Desktop/Internship/makeself_dir_Ey9llo/STM32/plugins/com.st.stm32cube.ide.mcu.externaltools.gnu-tools-for-stm32.13.3.rel1.linux64_1.0.100.202509120712/tools/bin/../lib/gcc/arm-none-eabi/13.3.1/../../../../arm-none-eabi/lib/thumb/v7e-m+fp/hard/libc_nano.a(libc_a-findfp.o)
                              /home/george/Desktop/Internship/makeself_dir_Ey9llo/STM32/plugins/com.st.stm32cube.ide.mcu.externaltools.gnu-tools-for-stm32.13.3.rel1.linux64_1.0.100.202509120712/tools/bin/../lib/gcc/arm-none-eabi/13.3.1/../../../../arm-none-eabi/lib/thumb/v7e-m+fp/hard/libc_nano.a(libc_a-exit.o) (__stdio_exit_handler)
/home/george/Desktop/Internship/makeself_dir_Ey9llo/STM32/plugins/com.st.stm32cube.ide.mcu.externaltools.gnu-tools-for-stm32.13.3.rel1.linux64_1.0.100.202509120712/tools/bin/../lib/gcc/arm-none-eabi/13.3.1/../../../../arm-none-eabi/lib/thumb/v7e-m+fp/hard/libc_nano.a(libc_a-fwalk.o)
                              /home/george/Desktop/Internship/makeself_dir_Ey9llo/STM32/plugins/com.st.stm32cube.ide.mcu.externaltools.gnu-tools-for-stm32.13.3.rel1.linux64_1.0.100.202509120712/tools/bin/../lib/gcc/arm-none-eabi/13.3.1/../../../../arm-none-eabi/lib/thumb/v7e-m+fp/hard/libc_nano.a(libc_a-findfp.o) (_fwalk_sglue)
/home/george/Desktop/Internship/makeself_dir_Ey9llo/STM32/plugins/com.st.stm32cube.ide.mcu.externaltools.gnu-tools-for-stm32.13.3.rel1.linux64_1.0.100.202509120712/tools/bin/../lib/gcc/arm-none-eabi/13.3.1/../../../../arm-none-eabi/lib/thumb/v7e-m+fp/hard/libc_nano.a(libc_a-printf.o)
                              ./Application/User/Core/freertos.o (printf)
/home/george/Desktop/Internship/makeself_dir_Ey9llo/STM32/plugins/com.st.stm32cube.ide.mcu.externaltools.gnu-tools-for-stm32.13.3.rel1.linux64_1.0.100.202509120712/tools/bin/../lib/gcc/arm-none-eabi/13.3.1/../../../../arm-none-eabi/lib/thumb/v7e-m+fp/hard/libc_nano.a(libc_a-snprintf.o)
                              ./Application/User/Core/freertos.o (snprintf)
/home/george/Desktop/Internship/makeself_dir_Ey9llo/STM32/plugins/com.st.stm32cube.ide.mcu.externaltools.gnu-tools-for-stm32.13.3.rel1.linux64_1.0.100.202509120712/tools/bin/../lib/gcc/arm-none-eabi/13.3.1/../../../../arm-none-eabi/lib/thumb/v7e-m+fp/hard/libc_nano.a(libc_a-sprintf.o)
                              /home/george/Desktop/Internship/makeself_dir_Ey9llo/STM32/plugins/com.st.stm32cube.ide.mcu.externaltools.gnu-tools-for-stm32.13.3.rel1.linux64_1.0.100.202509120712/tools/bin/../lib/gcc/arm-none-eabi/13.3.1/../../../../arm-none-eabi/lib/thumb/v7e-m+fp/hard/libc_nano.a(libc_a-nano-vfscanf_float.o) (sprintf)
/home/george/Desktop/Internship/makeself_dir_Ey9llo/STM32/plugins/com.st.stm32cube.ide.mcu.externaltools.gnu-tools-for-stm32.13.3.rel1.linux64_1.0.100.202509120712/tools/bin/../lib/gcc/arm-none-eabi/13.3.1/../../../../arm-none-eabi/lib/thumb/v7e-m+fp/hard/libc_nano.a(libc_a-stdio.o)
[...]
Memory Configuration

Name             Origin             Length             Attributes
FLASH            0x08100000         0x00100000         xr
RAM              0x10000000         0x00048000         xrw
SHARED_RAM       0x38000000         0x00001000         xrw
*default*        0x00000000         0xffffffff

Linker script and memory map

LOAD /home/george/Desktop/Internship/makeself_dir_Ey9llo/STM32/plugins/com.st.stm32cube.ide.mcu.externaltools.gnu-tools-for-stm32.13.3.rel1.linux64_1.0.100.202509120712/tools/bin/../lib/gcc/arm-none-eabi/13.3.1/thumb/v7e-m+fp/hard/crti.o
LOAD /home/george/Desktop/Internship/makeself_dir_Ey9llo/STM32/plugins/com.st.stm32cube.ide.mcu.externaltools.gnu-tools-for-stm32.13.3.rel1.linux64_1.0.100.202509120712/tools/bin/../lib/gcc/arm-none-eabi/13.3.1/thumb/v7e-m+fp/hard/crtbegin.o
LOAD /home/george/Desktop/Internship/makeself_dir_Ey9llo/STM32/plugins/com.st.stm32cube.ide.mcu.externaltools.gnu-tools-for-stm32.13.3.rel1.linux64_1.0.100.202509120712/tools/bin/../lib/gcc/arm-none-eabi/13.3.1/../../../../arm-none-eabi/lib/thumb/v7e-m+fp/hard/crt0.o
LOAD ./Application/User/Core/freertos.o
LOAD ./Application/User/Core/gpio.o
LOAD ./Application/User/Core/main.o
LOAD ./Application/User/Core/stm32h7xx_hal_msp.o
LOAD ./Application/User/Core/stm32h7xx_hal_timebase_tim.o
LOAD ./Application/User/Core/stm32h7xx_it.o
LOAD ./Application/User/Core/syscalls.o
LOAD ./Application/User/Core/sysmem.o
LOAD ./Application/User/Core/tim.o
LOAD ./Application/User/Core/usart.o
LOAD ./Application/User/Startup/startup_stm32h755zitx.o
LOAD ./Drivers/CMSIS/system_stm32h7xx_dualcore_boot_cm4_cm7.o
LOAD ./Drivers/STM32H7xx_HAL_Driver/stm32h7xx_hal.o
LOAD ./Drivers/STM32H7xx_HAL_Driver/stm32h7xx_hal_cortex.o
LOAD ./Drivers/STM32H7xx_HAL_Driver/stm32h7xx_hal_dma.o
LOAD ./Drivers/STM32H7xx_HAL_Driver/stm32h7xx_hal_dma_ex.o
LOAD ./Drivers/STM32H7xx_HAL_Driver/stm32h7xx_hal_exti.o
LOAD ./Drivers/STM32H7xx_HAL_Driver/stm32h7xx_hal_flash.o
LOAD ./Drivers/STM32H7xx_HAL_Driver/stm32h7xx_hal_flash_ex.o
LOAD ./Drivers/STM32H7xx_HAL_Driver/stm32h7xx_hal_gpio.o
LOAD ./Drivers/STM32H7xx_HAL_Driver/stm32h7xx_hal_hsem.o
LOAD ./Drivers/STM32H7xx_HAL_Driver/stm32h7xx_hal_i2c.o
LOAD ./Drivers/STM32H7xx_HAL_Driver/stm32h7xx_hal_i2c_ex.o
LOAD ./Drivers/STM32H7xx_HAL_Driver/stm32h7xx_hal_mdma.o
LOAD ./Drivers/STM32H7xx_HAL_Driver/stm32h7xx_hal_pwr.o
LOAD ./Drivers/STM32H7xx_HAL_Driver/stm32h7xx_hal_pwr_ex.o
LOAD ./Drivers/STM32H7xx_HAL_Driver/stm32h7xx_hal_rcc.o
LOAD ./Drivers/STM32H7xx_HAL_Driver/stm32h7xx_hal_rcc_ex.o
LOAD ./Drivers/STM32H7xx_HAL_Driver/stm32h7xx_hal_tim.o
LOAD ./Drivers/STM32H7xx_HAL_Driver/stm32h7xx_hal_tim_ex.o
LOAD ./Drivers/STM32H7xx_HAL_Driver/stm32h7xx_hal_uart.o
LOAD ./Drivers/STM32H7xx_HAL_Driver/stm32h7xx_hal_uart_ex.o
LOAD ./Middlewares/FreeRTOS/cmsis_os2.o
LOAD ./Middlewares/FreeRTOS/croutine.o
LOAD ./Middlewares/FreeRTOS/event_groups.o
LOAD ./Middlewares/FreeRTOS/heap_4.o
LOAD ./Middlewares/FreeRTOS/list.o
LOAD ./Middlewares/FreeRTOS/port.o
LOAD ./Middlewares/FreeRTOS/queue.o
LOAD ./Middlewares/FreeRTOS/stream_buffer.o
LOAD ./Middlewares/FreeRTOS/tasks.o
LOAD ./Middlewares/FreeRTOS/timers.o
START GROUP
LOAD /home/george/Desktop/Internship/makeself_dir_Ey9llo/STM32/plugins/com.st.stm32cube.ide.mcu.externaltools.gnu-tools-for-stm32.13.3.rel1.linux64_1.0.100.202509120712/tools/bin/../lib/gcc/arm-none-eabi/13.3.1/../../../../arm-none-eabi/lib/thumb/v7e-m+fp/hard/libc_nano.a
LOAD /home/george/Desktop/Internship/makeself_dir_Ey9llo/STM32/plugins/com.st.stm32cube.ide.mcu.externaltools.gnu-tools-for-stm32.13.3.rel1.linux64_1.0.100.202509120712/tools/bin/../lib/gcc/arm-none-eabi/13.3.1/../../../../arm-none-eabi/lib/thumb/v7e-m+fp/hard/libm.a
END GROUP
START GROUP
LOAD /home/george/Desktop/Internship/makeself_dir_Ey9llo/STM32/plugins/com.st.stm32cube.ide.mcu.externaltools.gnu-tools-for-stm32.13.3.rel1.linux64_1.0.100.202509120712/tools/bin/../lib/gcc/arm-none-eabi/13.3.1/thumb/v7e-m+fp/hard/libgcc.a
LOAD /home/george/Desktop/Internship/makeself_dir_Ey9llo/STM32/plugins/com.st.stm32cube.ide.mcu.externaltools.gnu-tools-for-stm32.13.3.rel1.linux64_1.0.100.202509120712/tools/bin/../lib/gcc/arm-none-eabi/13.3.1/../../../../arm-none-eabi/lib/thumb/v7e-m+fp/hard/libc_nano.a
END GROUP
START GROUP
LOAD /home/george/Desktop/Internship/makeself_dir_Ey9llo/STM32/plugins/com.st.stm32cube.ide.mcu.externaltools.gnu-tools-for-stm32.13.3.rel1.linux64_1.0.100.202509120712/tools/bin/../lib/gcc/arm-none-eabi/13.3.1/thumb/v7e-m+fp/hard/libgcc.a
LOAD /home/george/Desktop/Internship/makeself_dir_Ey9llo/STM32/plugins/com.st.stm32cube.ide.mcu.externaltools.gnu-tools-for-stm32.13.3.rel1.linux64_1.0.100.202509120712/tools/bin/../lib/gcc/arm-none-eabi/13.3.1/../../../../arm-none-eabi/lib/thumb/v7e-m+fp/hard/libc_nano.a
LOAD /home/george/Desktop/Internship/makeself_dir_Ey9llo/STM32/plugins/com.st.stm32cube.ide.mcu.externaltools.gnu-tools-for-stm32.13.3.rel1.linux64_1.0.100.202509120712/tools/bin/../lib/gcc/arm-none-eabi/13.3.1/../../../../arm-none-eabi/lib/thumb/v7e-m+fp/hard/libnosys.a
END GROUP
START GROUP
LOAD /home/george/Desktop/Internship/makeself_dir_Ey9llo/STM32/plugins/com.st.stm32cube.ide.mcu.externaltools.gnu-tools-for-stm32.13.3.rel1.linux64_1.0.100.202509120712/tools/bin/../lib/gcc/arm-none-eabi/13.3.1/thumb/v7e-m+fp/hard/libgcc.a
LOAD /home/george/Desktop/Internship/makeself_dir_Ey9llo/STM32/plugins/com.st.stm32cube.ide.mcu.externaltools.gnu-tools-for-stm32.13.3.rel1.linux64_1.0.100.202509120712/tools/bin/../lib/gcc/arm-none-eabi/13.3.1/../../../../arm-none-eabi/lib/thumb/v7e-m+fp/hard/libc_nano.a
LOAD /home/george/Desktop/Internship/makeself_dir_Ey9llo/STM32/plugins/com.st.stm32cube.ide.mcu.externaltools.gnu-tools-for-stm32.13.3.rel1.linux64_1.0.100.202509120712/tools/bin/../lib/gcc/arm-none-eabi/13.3.1/../../../../arm-none-eabi/lib/thumb/v7e-m+fp/hard/libnosys.a
END GROUP
LOAD /home/george/Desktop/Internship/makeself_dir_Ey9llo/STM32/plugins/com.st.stm32cube.ide.mcu.externaltools.gnu-tools-for-stm32.13.3.rel1.linux64_1.0.100.202509120712/tools/bin/../lib/gcc/arm-none-eabi/13.3.1/thumb/v7e-m+fp/hard/crtend.o
LOAD /home/george/Desktop/Internship/makeself_dir_Ey9llo/STM32/plugins/com.st.stm32cube.ide.mcu.externaltools.gnu-tools-for-stm32.13.3.rel1.linux64_1.0.100.202509120712/tools/bin/../lib/gcc/arm-none-eabi/13.3.1/thumb/v7e-m+fp/hard/crtn.o
                0x10048000                        _estack = (ORIGIN (RAM) + LENGTH (RAM))
                0x00000200                        _Min_Heap_Size = 0x200
                0x00000400                        _Min_Stack_Size = 0x400

.isr_vector     0x08100000      0x298
                0x08100000                        . = ALIGN (0x4)
 *(.isr_vector)
 .isr_vector    0x08100000      0x298 ./Application/User/Startup/startup_stm32h755zitx.o
                0x08100000                g_pfnVectors
                0x08100298                        . = ALIGN (0x4)

.text           0x081002a0     0xefe4
                0x081002a0                        . = ALIGN (0x4)
 *(.text)
 .text          0x081002a0       0x40 /home/george/Desktop/Internship/makeself_dir_Ey9llo/STM32/plugins/com.st.stm32cube.ide.mcu.externaltools.gnu-tools-for-stm32.13.3.rel1.linux64_1.0.100.202509120712/tools/bin/../lib/gcc/arm-none-eabi/13.3.1/thumb/v7e-m+fp/hard/crtbegin.o
 .text          0x081002e0       0xa0 /home/george/Desktop/Internship/makeself_dir_Ey9llo/STM32/plugins/com.st.stm32cube.ide.mcu.externaltools.gnu-tools-for-stm32.13.3.rel1.linux64_1.0.100.202509120712/tools/bin/../lib/gcc/arm-none-eabi/13.3.1/../../../../arm-none-eabi/lib/thumb/v7e-m+fp/hard/libc_nano.a(libc_a-memchr.o)
                0x081002e0                memchr
 .text          0x08100380       0x10 /home/george/Desktop/Internship/makeself_dir_Ey9llo/STM32/plugins/com.st.stm32cube.ide.mcu.externaltools.gnu-tools-for-stm32.13.3.rel1.linux64_1.0.100.202509120712/tools/bin/../lib/gcc/arm-none-eabi/13.3.1/../../../../arm-none-eabi/lib/thumb/v7e-m+fp/hard/libc_nano.a(libc_a-strlen.o)
                0x08100380                strlen
 .text          0x08100390      0x378 /home/george/Desktop/Internship/makeself_dir_Ey9llo/STM32/plugins/com.st.stm32cube.ide.mcu.externaltools.gnu-tools-for-stm32.13.3.rel1.linux64_1.0.100.202509120712/tools/bin/../lib/gcc/arm-none-eabi/13.3.1/thumb/v7e-m+fp/hard/libgcc.a(_arm_addsubdf3.o)
                0x08100390                __aeabi_drsub
                0x08100398                __aeabi_dsub
                0x08100398                __subdf3
                0x0810039c                __adddf3
                0x0810039c                __aeabi_dadd
                0x08100614                __aeabi_ui2d
                0x08100614                __floatunsidf
                0x08100634                __floatsidf
                0x08100634                __aeabi_i2d
                0x08100658                __extendsfdf2
                0x08100658                __aeabi_f2d
                0x0810069c                __aeabi_ul2d
                0x0810069c                __floatundidf
                0x081006ac                __floatdidf
                0x081006ac                __aeabi_l2d
 .text          0x08100708      0x424 /home/george/Desktop/Internship/makeself_dir_Ey9llo/STM32/plugins/com.st.stm32cube.ide.mcu.externaltools.gnu-tools-for-stm32.13.3.rel1.linux64_1.0.100.202509120712/tools/bin/../lib/gcc/arm-none-eabi/13.3.1/thumb/v7e-m+fp/hard/libgcc.a(_arm_muldivdf3.o)
                0x08100708                __aeabi_dmul
                0x08100708                __muldf3
                0x0810095c                __aeabi_ddiv
                0x0810095c                __divdf3
 .text          0x08100b2c      0x110 /home/george/Desktop/Internship/makeself_dir_Ey9llo/STM32/plugins/com.st.stm32cube.ide.mcu.externaltools.gnu-tools-for-stm32.13.3.rel1.linux64_1.0.100.202509120712/tools/bin/../lib/gcc/arm-none-eabi/13.3.1/thumb/v7e-m+fp/hard/libgcc.a(_arm_cmpdf2.o)
                0x08100b2c                __gtdf2
                0x08100b2c                __gedf2
                0x08100b34                __ltdf2
                0x08100b34                __ledf2
                0x08100b3c                __cmpdf2
                0x08100b3c                __eqdf2
                0x08100b3c                __nedf2
                0x08100bb8                __aeabi_cdrcmple
                0x08100bc8                __aeabi_cdcmple
                0x08100bc8                __aeabi_cdcmpeq
                0x08100bd8                __aeabi_dcmpeq
                0x08100bec                __aeabi_dcmplt
                0x08100c00                __aeabi_dcmple
                0x08100c14                __aeabi_dcmpge
                0x08100c28                __aeabi_dcmpgt
 .text          0x08100c3c       0x2c /home/george/Desktop/Internship/makeself_dir_Ey9llo/STM32/plugins/com.st.stm32cube.ide.mcu.externaltools.gnu-tools-for-stm32.13.3.rel1.linux64_1.0.100.202509120712/tools/bin/../lib/gcc/arm-none-eabi/13.3.1/thumb/v7e-m+fp/hard/libgcc.a(_arm_unorddf2.o)
                0x08100c3c                __aeabi_dcmpun
                0x08100c3c                __unorddf2
 .text          0x08100c68       0x50 /home/george/Desktop/Internship/makeself_dir_Ey9llo/STM32/plugins/com.st.stm32cube.ide.mcu.externaltools.gnu-tools-for-stm32.13.3.rel1.linux64_1.0.100.202509120712/tools/bin/../lib/gcc/arm-none-eabi/13.3.1/thumb/v7e-m+fp/hard/libgcc.a(_arm_fixdfsi.o)
                0x08100c68                __fixdfsi
                0x08100c68                __aeabi_d2iz
 .text          0x08100cb8       0x40 /home/george/Desktop/Internship/makeself_dir_Ey9llo/STM32/plugins/com.st.stm32cube.ide.mcu.externaltools.gnu-tools-for-stm32.13.3.rel1.linux64_1.0.100.202509120712/tools/bin/../lib/gcc/arm-none-eabi/13.3.1/thumb/v7e-m+fp/hard/libgcc.a(_arm_fixunsdfsi.o)
                0x08100cb8                __fixunsdfsi
                0x08100cb8                __aeabi_d2uiz
 .text          0x08100cf8       0xa0 /home/george/Desktop/Internship/makeself_dir_Ey9llo/STM32/plugins/com.st.stm32cube.ide.mcu.externaltools.gnu-tools-for-stm32.13.3.rel1.linux64_1.0.100.202509120712/tools/bin/../lib/gcc/arm-none-eabi/13.3.1/thumb/v7e-m+fp/hard/libgcc.a(_arm_truncdfsf2.o)
                0x08100cf8                __aeabi_d2f
                0x08100cf8                __truncdfsf2
 .text          0x08100d98       0x30 /home/george/Desktop/Internship/makeself_dir_Ey9llo/STM32/plugins/com.st.stm32cube.ide.mcu.externaltools.gnu-tools-for-stm32.13.3.rel1.linux64_1.0.100.202509120712/tools/bin/../lib/gcc/arm-none-eabi/13.3.1/thumb/v7e-m+fp/hard/libgcc.a(_aeabi_uldivmod.o)
                0x08100d98                __aeabi_uldivmod
 .text          0x08100dc8       0x30 /home/george/Desktop/Internship/makeself_dir_Ey9llo/STM32/plugins/com.st.stm32cube.ide.mcu.externaltools.gnu-tools-for-stm32.13.3.rel1.linux64_1.0.100.202509120712/tools/bin/../lib/gcc/arm-none-eabi/13.3.1/thumb/v7e-m+fp/hard/libgcc.a(_fixdfdi.o)
                0x08100dc8                __aeabi_d2lz
                0x08100dc8                __fixdfdi
 .text          0x08100df8       0x3c /home/george/Desktop/Internship/makeself_dir_Ey9llo/STM32/plugins/com.st.stm32cube.ide.mcu.externaltools.gnu-tools-for-stm32.13.3.rel1.linux64_1.0.100.202509120712/tools/bin/../lib/gcc/arm-none-eabi/13.3.1/thumb/v7e-m+fp/hard/libgcc.a(_fixunsdfdi.o)
                0x08100df8                __aeabi_d2ulz
                0x08100df8                __fixunsdfdi
 .text          0x08100e34      0x2f8 /home/george/Desktop/Internship/makeself_dir_Ey9llo/STM32/plugins/com.st.stm32cube.ide.mcu.externaltools.gnu-tools-for-stm32.13.3.rel1.linux64_1.0.100.202509120712/tools/bin/../lib/gcc/arm-none-eabi/13.3.1/thumb/v7e-m+fp/hard/libgcc.a(_udivmoddi4.o)
                0x08100e34                __udivmoddi4
 .text          0x0810112c        0x4 /home/george/Desktop/Internship/makeself_dir_Ey9llo/STM32/plugins/com.st.stm32cube.ide.mcu.externaltools.gnu-tools-for-stm32.13.3.rel1.linux64_1.0.100.202509120712/tools/bin/../lib/gcc/arm-none-eabi/13.3.1/thumb/v7e-m+fp/hard/libgcc.a(_dvmd_tls.o)
                0x0810112c                __aeabi_ldiv0
                0x0810112c                __aeabi_idiv0
 *(.text*)
 .text.MX_FREERTOS_Init
                0x08101130       0x58 ./Application/User/Core/freertos.o
                0x08101130                MX_FREERTOS_Init
 .text.StartDefaultTask
                0x08101188       0x10 ./Application/User/Core/freertos.o
                0x08101188                StartDefaultTask
 .text.Encodetransmit
                0x08101198       0x50 ./Application/User/Core/freertos.o
                0x08101198                Encodetransmit
 .text.Board1_M4_transmit
                0x081011e8       0x90 ./Application/User/Core/freertos.o
                0x081011e8                Board1_M4_transmit
 .text.MX_GPIO_Init
                0x08101278       0xfc ./Application/User/Core/gpio.o
                0x08101278                MX_GPIO_Init
 .text.main     0x08101374       0x98 ./Application/User/Core/main.o
                0x08101374                main
 .text.HAL_TIM_PeriodElapsedCallback
                0x0810140c       0x3c ./Application/User/Core/main.o
                0x0810140c                HAL_TIM_PeriodElapsedCallback
 .text.Error_Handler
                0x08101448        0xc ./Application/User/Core/main.o
                0x08101448                Error_Handler
 .text.HAL_MspInit
                0x08101454       0x4c ./Application/User/Core/stm32h7xx_hal_msp.o
                0x08101454                HAL_MspInit
 .text.HAL_InitTick
                0x081014a0       0xd8 ./Application/User/Core/stm32h7xx_hal_timebase_tim.o
                0x081014a0                HAL_InitTick
 .text.NMI_Handler
                0x08101578        0x8 ./Application/User/Core/stm32h7xx_it.o
                0x08101578                NMI_Handler
 .text.HardFault_Handler
                0x08101580        0x8 ./Application/User/Core/stm32h7xx_it.o
                0x08101580                HardFault_Handler
 .text.MemManage_Handler
                0x08101588        0x8 ./Application/User/Core/stm32h7xx_it.o
                0x08101588                MemManage_Handler
 .text.BusFault_Handler
                0x08101590        0x8 ./Application/User/Core/stm32h7xx_it.o
                0x08101590                BusFault_Handler
 .text.UsageFault_Handler
                0x08101598        0x8 ./Application/User/Core/stm32h7xx_it.o
                0x08101598                UsageFault_Handler
 .text.DebugMon_Handler
                0x081015a0        0xe ./Application/User/Core/stm32h7xx_it.o
                0x081015a0                DebugMon_Handler
 .text.EXTI9_5_IRQHandler
                0x081015ae       0x10 ./Application/User/Core/stm32h7xx_it.o
                0x081015ae                EXTI9_5_IRQHandler
 *fill*         0x081015be        0x2 
 .text.TIM2_IRQHandler
                0x081015c0       0x14 ./Application/User/Core/stm32h7xx_it.o
                0x081015c0                TIM2_IRQHandler
 .text.TIM4_IRQHandler
                0x081015d4       0x14 ./Application/User/Core/stm32h7xx_it.o
                0x081015d4                TIM4_IRQHandler
 .text.USART2_IRQHandler
                0x081015e8       0x14 ./Application/User/Core/stm32h7xx_it.o
                0x081015e8                USART2_IRQHandler
 .text.EXTI15_10_IRQHandler
                0x081015fc       0x20 ./Application/User/Core/stm32h7xx_it.o
                0x081015fc                EXTI15_10_IRQHandler
 .text.HSEM2_IRQHandler
                0x0810161c        0xc ./Application/User/Core/stm32h7xx_it.o
                0x0810161c                HSEM2_IRQHandler
 .text._getpid  0x08101628       0x10 ./Application/User/Core/syscalls.o
                0x08101628                _getpid
 .text._kill    0x08101638       0x20 ./Application/User/Core/syscalls.o
                0x08101638                _kill
 .text._exit    0x08101658       0x16 ./Application/User/Core/syscalls.o
                0x08101658                _exit
 .text._read    0x0810166e       0x3a ./Application/User/Core/syscalls.o
                0x0810166e                _read
 .text._close   0x081016a8       0x18 ./Application/User/Core/syscalls.o
                0x081016a8                _close
 .text._fstat   0x081016c0       0x20 ./Application/User/Core/syscalls.o
                0x081016c0                _fstat
 .text._isatty  0x081016e0       0x16 ./Application/User/Core/syscalls.o
                0x081016e0                _isatty
 .text._lseek   0x081016f6       0x1a ./Application/User/Core/syscalls.o
                0x081016f6                _lseek
 .text._sbrk    0x08101710       0x6c ./Application/User/Core/sysmem.o
                0x08101710                _sbrk
 .text.MX_TIM2_Init
                0x0810177c       0xa4 ./Application/User/Core/tim.o
                0x0810177c                MX_TIM2_Init
 .text.HAL_TIM_Base_MspInit
                0x08101820       0x4c ./Application/User/Core/tim.o
                0x08101820                HAL_TIM_Base_MspInit
 .text.MX_USART2_UART_Init
                0x0810186c       0x98 ./Application/User/Core/usart.o
                0x0810186c                MX_USART2_UART_Init
 .text.MX_USART3_UART_Init
                0x08101904       0x98 ./Application/User/Core/usart.o
                0x08101904                MX_USART3_UART_Init
 .text.HAL_UART_MspInit
                0x0810199c      0x1cc ./Application/User/Core/usart.o
                0x0810199c                HAL_UART_MspInit
 .text._write   0x08101b68       0x2c ./Application/User/Core/usart.o
                0x08101b68                _write
 .text.Reset_Handler
                0x08101b94       0x54 ./Application/User/Startup/startup_stm32h755zitx.o
                0x08101b94                Reset_Handler
 .text.Default_Handler
                0x08101be8        0x2 ./Application/User/Startup/startup_stm32h755zitx.o
                0x08101be8                RTC_Alarm_IRQHandler
                0x08101be8                HASH_RNG_IRQHandler
                0x08101be8                EXTI2_IRQHandler
                0x08101be8                TIM8_CC_IRQHandler
                0x08101be8                HRTIM1_Master_IRQHandler
                0x08101be8                UART8_IRQHandler
                0x08101be8                SPI4_IRQHandler
                0x08101be8                TIM1_CC_IRQHandler
                0x08101be8                BDMA_Channel6_IRQHandler
                0x08101be8                DMA2_Stream5_IRQHandler
                0x08101be8                HRTIM1_FLT_IRQHandler
                0x08101be8                JPEG_IRQHandler
                0x08101be8                DMA1_Stream5_IRQHandler
                0x08101be8                BDMA_Channel1_IRQHandler
                0x08101be8                HRTIM1_TIMD_IRQHandler
                0x08101be8                TAMP_STAMP_IRQHandler
                0x08101be8                EXTI3_IRQHandler
                0x08101be8                LPTIM4_IRQHandler
                0x08101be8                TIM8_TRG_COM_TIM14_IRQHandler
                0x08101be8                LPTIM2_IRQHandler
                0x08101be8                DFSDM1_FLT1_IRQHandler
                0x08101be8                DMAMUX2_OVR_IRQHandler
                0x08101be8                TIM8_UP_TIM13_IRQHandler
                0x08101be8                I2C3_ER_IRQHandler
                0x08101be8                DFSDM1_FLT2_IRQHandler
                0x08101be8                MDMA_IRQHandler
                0x08101be8                LPTIM3_IRQHandler
                0x08101be8                HSEM1_IRQHandler
                0x08101be8                EXTI0_IRQHandler
                0x08101be8                I2C2_EV_IRQHandler
                0x08101be8                DMA1_Stream2_IRQHandler
                0x08101be8                FPU_IRQHandler
                0x08101be8                OTG_HS_WKUP_IRQHandler
                0x08101be8                FDCAN1_IT1_IRQHandler
                0x08101be8                LTDC_ER_IRQHandler
                0x08101be8                DMA2_Stream2_IRQHandler
                0x08101be8                HRTIM1_TIME_IRQHandler
                0x08101be8                SPI1_IRQHandler
                0x08101be8                TIM6_DAC_IRQHandler
                0x08101be8                DCMI_IRQHandler
                0x08101be8                HRTIM1_TIMC_IRQHandler
                0x08101be8                DMA2_Stream3_IRQHandler
                0x08101be8                SAI2_IRQHandler
                0x08101be8                DFSDM1_FLT3_IRQHandler
                0x08101be8                USART6_IRQHandler
                0x08101be8                TIM17_IRQHandler
                0x08101be8                USART3_IRQHandler
                0x08101be8                BDMA_Channel7_IRQHandler
                0x08101be8                CRYP_IRQHandler
                0x08101be8                LPTIM5_IRQHandler
                0x08101be8                UART5_IRQHandler
                0x08101be8                ADC3_IRQHandler
                0x08101be8                DMA2_Stream0_IRQHandler
                0x08101be8                BDMA_Channel2_IRQHandler
                0x08101be8                QUADSPI_IRQHandler
                0x08101be8                I2C1_EV_IRQHandler
                0x08101be8                DMA1_Stream6_IRQHandler
                0x08101be8                DMAMUX1_OVR_IRQHandler
                0x08101be8                DMA1_Stream1_IRQHandler
                0x08101be8                TIM16_IRQHandler
                0x08101be8                UART4_IRQHandler
                0x08101be8                BDMA_Channel5_IRQHandler
                0x08101be8                TIM3_IRQHandler
                0x08101be8                RCC_IRQHandler
                0x08101be8                TIM8_BRK_TIM12_IRQHandler
                0x08101be8                TIM1_TRG_COM_IRQHandler
                0x08101be8                Default_Handler
                0x08101be8                ECC_IRQHandler
                0x08101be8                CEC_IRQHandler
                0x08101be8                BDMA_Channel0_IRQHandler
                0x08101be8                ADC_IRQHandler
                0x08101be8                DMA1_Stream7_IRQHandler
                0x08101be8                HRTIM1_TIMA_IRQHandler
                0x08101be8                SPI5_IRQHandler
                0x08101be8                TIM7_IRQHandler
                0x08101be8                SDMMC1_IRQHandler
                0x08101be8                TIM5_IRQHandler
                0x08101be8                DMA2_Stream7_IRQHandler
                0x08101be8                TIM15_IRQHandler
                0x08101be8                PVD_AVD_IRQHandler
                0x08101be8                I2C3_EV_IRQHandler
                0x08101be8                RTC_WKUP_IRQHandler
                0x08101be8                LTDC_IRQHandler
                0x08101be8                SAI3_IRQHandler
                0x08101be8                ETH_WKUP_IRQHandler
                0x08101be8                SPDIF_RX_IRQHandler
                0x08101be8                SPI2_IRQHandler
                0x08101be8                OTG_HS_EP1_IN_IRQHandler
                0x08101be8                DMA1_Stream0_IRQHandler
                0x08101be8                CRS_IRQHandler
                0x08101be8                CM7_SEV_IRQHandler
                0x08101be8                EXTI4_IRQHandler
                0x08101be8                CM4_SEV_IRQHandler
                0x08101be8                HRTIM1_TIMB_IRQHandler
                0x08101be8                FDCAN2_IT1_IRQHandler
                0x08101be8                ETH_IRQHandler
                0x08101be8                TIM1_UP_IRQHandler
                0x08101be8                WWDG_RST_IRQHandler
                0x08101be8                BDMA_Channel4_IRQHandler
                0x08101be8                OTG_HS_EP1_OUT_IRQHandler
                0x08101be8                WWDG_IRQHandler
                0x08101be8                SPI6_IRQHandler
                0x08101be8                MDIOS_IRQHandler
                0x08101be8                I2C4_EV_IRQHandler
                0x08101be8                FDCAN2_IT0_IRQHandler
                0x08101be8                LPUART1_IRQHandler
                0x08101be8                FDCAN1_IT0_IRQHandler
                0x08101be8                OTG_FS_WKUP_IRQHandler
                0x08101be8                OTG_HS_IRQHandler
                0x08101be8                DMA2D_IRQHandler
                0x08101be8                TIM1_BRK_IRQHandler
                0x08101be8                EXTI1_IRQHandler
                0x08101be8                SDMMC2_IRQHandler
                0x08101be8                OTG_FS_EP1_OUT_IRQHandler
                0x08101be8                BDMA_Channel3_IRQHandler
                0x08101be8                HOLD_CORE_IRQHandler
                0x08101be8                UART7_IRQHandler
                0x08101be8                MDIOS_WKUP_IRQHandler
                0x08101be8                DFSDM1_FLT0_IRQHandler
                0x08101be8                SAI4_IRQHandler
                0x08101be8                I2C2_ER_IRQHandler
                0x08101be8                DMA2_Stream1_IRQHandler
                0x08101be8                FLASH_IRQHandler
                0x08101be8                DMA2_Stream4_IRQHandler
                0x08101be8                USART1_IRQHandler
                0x08101be8                OTG_FS_IRQHandler
                0x08101be8                SPI3_IRQHandler
                0x08101be8                WAKEUP_PIN_IRQHandler
                0x08101be8                DMA1_Stream4_IRQHandler
                0x08101be8                OTG_FS_EP1_IN_IRQHandler
                0x08101be8                I2C1_ER_IRQHandler
                0x08101be8                FMC_IRQHandler
                0x08101be8                FDCAN_CAL_IRQHandler
                0x08101be8                SWPMI1_IRQHandler
                0x08101be8                COMP1_IRQHandler
                0x08101be8                LPTIM1_IRQHandler
                0x08101be8                I2C4_ER_IRQHandler
                0x08101be8                DMA2_Stream6_IRQHandler
                0x08101be8                SAI1_IRQHandler
                0x08101be8                DMA1_Stream3_IRQHandler
 *fill*         0x08101bea        0x2 
 .text.SystemInit
                0x08101bec       0x30 ./Drivers/CMSIS/system_stm32h7xx_dualcore_boot_cm4_cm7.o
                0x08101bec                SystemInit
 .text.ExitRun0Mode
                0x08101c1c       0x30 ./Drivers/CMSIS/system_stm32h7xx_dualcore_boot_cm4_cm7.o
                0x08101c1c                ExitRun0Mode
 .text.HAL_Init
                0x08101c4c       0xbc ./Drivers/STM32H7xx_HAL_Driver/stm32h7xx_hal.o
                0x08101c4c                HAL_Init
 .text.HAL_IncTick
                0x08101d08       0x28 ./Drivers/STM32H7xx_HAL_Driver/stm32h7xx_hal.o
                0x08101d08                HAL_IncTick
 .text.HAL_GetTick
                0x08101d30       0x18 ./Drivers/STM32H7xx_HAL_Driver/stm32h7xx_hal.o
                0x08101d30                HAL_GetTick
 .text.__NVIC_SetPriorityGrouping
                0x08101d48       0x48 ./Drivers/STM32H7xx_HAL_Driver/stm32h7xx_hal_cortex.o
 .text.__NVIC_GetPriorityGrouping
                0x08101d90       0x1c ./Drivers/STM32H7xx_HAL_Driver/stm32h7xx_hal_cortex.o
 .text.__NVIC_EnableIRQ
                0x08101dac       0x3c ./Drivers/STM32H7xx_HAL_Driver/stm32h7xx_hal_cortex.o
 .text.__NVIC_SetPriority
                0x08101de8       0x54 ./Drivers/STM32H7xx_HAL_Driver/stm32h7xx_hal_cortex.o
 .text.NVIC_EncodePriority
                0x08101e3c       0x66 ./Drivers/STM32H7xx_HAL_Driver/stm32h7xx_hal_cortex.o
 .text.HAL_NVIC_SetPriorityGrouping
                0x08101ea2       0x16 ./Drivers/STM32H7xx_HAL_Driver/stm32h7xx_hal_cortex.o
                0x08101ea2                HAL_NVIC_SetPriorityGrouping
 .text.HAL_NVIC_SetPriority
                0x08101eb8       0x34 ./Drivers/STM32H7xx_HAL_Driver/stm32h7xx_hal_cortex.o
                0x08101eb8                HAL_NVIC_SetPriority
 .text.HAL_NVIC_EnableIRQ
                0x08101eec       0x1c ./Drivers/STM32H7xx_HAL_Driver/stm32h7xx_hal_cortex.o
                0x08101eec                HAL_NVIC_EnableIRQ
 .text.HAL_GetCurrentCPUID
                0x08101f08       0x24 ./Drivers/STM32H7xx_HAL_Driver/stm32h7xx_hal_cortex.o
                0x08101f08                HAL_GetCurrentCPUID
 .text.HAL_DMA_Abort
                0x08101f2c      0x63c ./Drivers/STM32H7xx_HAL_Driver/stm32h7xx_hal_dma.o
                0x08101f2c                HAL_DMA_Abort
 .text.HAL_DMA_Abort_IT
                0x08102568      0x48c ./Drivers/STM32H7xx_HAL_Driver/stm32h7xx_hal_dma.o
                0x08102568                HAL_DMA_Abort_IT
 .text.HAL_GPIO_Init
                0x081029f4      0x360 ./Drivers/STM32H7xx_HAL_Driver/stm32h7xx_hal_gpio.o
                0x081029f4                HAL_GPIO_Init
 .text.HAL_GPIO_EXTI_IRQHandler
                0x08102d54       0x34 ./Drivers/STM32H7xx_HAL_Driver/stm32h7xx_hal_gpio.o
                0x08102d54                HAL_GPIO_EXTI_IRQHandler
 .text.HAL_GPIO_EXTI_Callback
                0x08102d88       0x16 ./Drivers/STM32H7xx_HAL_Driver/stm32h7xx_hal_gpio.o
                0x08102d88                HAL_GPIO_EXTI_Callback
 *fill*         0x08102d9e        0x2 
 .text.HAL_HSEM_ActivateNotification
                0x08102da0       0x24 ./Drivers/STM32H7xx_HAL_Driver/stm32h7xx_hal_hsem.o
                0x08102da0                HAL_HSEM_ActivateNotification
 .text.HAL_HSEM_IRQHandler
                0x08102dc4       0x34 ./Drivers/STM32H7xx_HAL_Driver/stm32h7xx_hal_hsem.o
                0x08102dc4                HAL_HSEM_IRQHandler
 .text.HAL_HSEM_FreeCallback
                0x08102df8       0x14 ./Drivers/STM32H7xx_HAL_Driver/stm32h7xx_hal_hsem.o
                0x08102df8                HAL_HSEM_FreeCallback
 .text.HAL_PWREx_EnterSTOPMode
                0x08102e0c       0xf4 ./Drivers/STM32H7xx_HAL_Driver/stm32h7xx_hal_pwr_ex.o
                0x08102e0c                HAL_PWREx_EnterSTOPMode
 .text.HAL_PWREx_ClearPendingEvent
                0x08102f00       0x1a ./Drivers/STM32H7xx_HAL_Driver/stm32h7xx_hal_pwr_ex.o
                0x08102f00                HAL_PWREx_ClearPendingEvent
 *fill*         0x08102f1a        0x2 
 .text.HAL_RCC_GetSysClockFreq
                0x08102f1c      0x2f4 ./Drivers/STM32H7xx_HAL_Driver/stm32h7xx_hal_rcc.o
                0x08102f1c                HAL_RCC_GetSysClockFreq
 .text.HAL_RCC_GetHCLKFreq
                0x08103210       0x64 ./Drivers/STM32H7xx_HAL_Driver/stm32h7xx_hal_rcc.o
                0x08103210                HAL_RCC_GetHCLKFreq
 .text.HAL_RCC_GetPCLK1Freq
                0x08103274       0x2c ./Drivers/STM32H7xx_HAL_Driver/stm32h7xx_hal_rcc.o
                0x08103274                HAL_RCC_GetPCLK1Freq
 .text.HAL_RCC_GetPCLK2Freq
                0x081032a0       0x2c ./Drivers/STM32H7xx_HAL_Driver/stm32h7xx_hal_rcc.o
                0x081032a0                HAL_RCC_GetPCLK2Freq
 .text.HAL_RCC_GetClockConfig
                0x081032cc       0x84 ./Drivers/STM32H7xx_HAL_Driver/stm32h7xx_hal_rcc.o
                0x081032cc                HAL_RCC_GetClockConfig
 .text.HAL_RCCEx_PeriphCLKConfig
                0x08103350     0x1414 ./Drivers/STM32H7xx_HAL_Driver/stm32h7xx_hal_rcc_ex.o
                0x08103350                HAL_RCCEx_PeriphCLKConfig
 .text.HAL_RCCEx_GetD3PCLK1Freq
                0x08104764       0x2c ./Drivers/STM32H7xx_HAL_Driver/stm32h7xx_hal_rcc_ex.o
                0x08104764                HAL_RCCEx_GetD3PCLK1Freq
 .text.HAL_RCCEx_GetPLL2ClockFreq
                0x08104790      0x2a8 ./Drivers/STM32H7xx_HAL_Driver/stm32h7xx_hal_rcc_ex.o
                0x08104790                HAL_RCCEx_GetPLL2ClockFreq
 .text.HAL_RCCEx_GetPLL3ClockFreq
                0x08104a38      0x2a8 ./Drivers/STM32H7xx_HAL_Driver/stm32h7xx_hal_rcc_ex.o
                0x08104a38                HAL_RCCEx_GetPLL3ClockFreq
 .text.RCCEx_PLL2_Config
                0x08104ce0      0x164 ./Drivers/STM32H7xx_HAL_Driver/stm32h7xx_hal_rcc_ex.o
 .text.RCCEx_PLL3_Config
                0x08104e44      0x164 ./Drivers/STM32H7xx_HAL_Driver/stm32h7xx_hal_rcc_ex.o
 .text.HAL_TIM_Base_Init
                0x08104fa8       0xae ./Drivers/STM32H7xx_HAL_Driver/stm32h7xx_hal_tim.o
                0x08104fa8                HAL_TIM_Base_Init
 *fill*         0x08105056        0x2 
 .text.HAL_TIM_Base_Start_IT
                0x08105058       0xf0 ./Drivers/STM32H7xx_HAL_Driver/stm32h7xx_hal_tim.o
                0x08105058                HAL_TIM_Base_Start_IT
 .text.HAL_TIM_IRQHandler
                0x08105148      0x20e ./Drivers/STM32H7xx_HAL_Driver/stm32h7xx_hal_tim.o
                0x08105148                HAL_TIM_IRQHandler
 *fill*         0x08105356        0x2 
 .text.HAL_TIM_ConfigClockSource
                0x08105358      0x1f0 ./Drivers/STM32H7xx_HAL_Driver/stm32h7xx_hal_tim.o
                0x08105358                HAL_TIM_ConfigClockSource
 .text.HAL_TIM_OC_DelayElapsedCallback
                0x08105548       0x14 ./Drivers/STM32H7xx_HAL_Driver/stm32h7xx_hal_tim.o
                0x08105548                HAL_TIM_OC_DelayElapsedCallback
 .text.HAL_TIM_IC_CaptureCallback
                0x0810555c       0x14 ./Drivers/STM32H7xx_HAL_Driver/stm32h7xx_hal_tim.o
                0x0810555c                HAL_TIM_IC_CaptureCallback
 .text.HAL_TIM_PWM_PulseFinishedCallback
                0x08105570       0x14 ./Drivers/STM32H7xx_HAL_Driver/stm32h7xx_hal_tim.o
                0x08105570                HAL_TIM_PWM_PulseFinishedCallback
 .text.HAL_TIM_TriggerCallback
                0x08105584       0x14 ./Drivers/STM32H7xx_HAL_Driver/stm32h7xx_hal_tim.o
                0x08105584                HAL_TIM_TriggerCallback
 .text.TIM_Base_SetConfig
                0x08105598      0x140 ./Drivers/STM32H7xx_HAL_Driver/stm32h7xx_hal_tim.o
                0x08105598                TIM_Base_SetConfig
 .text.TIM_TI1_ConfigInputStage
                0x081056d8       0x5e ./Drivers/STM32H7xx_HAL_Driver/stm32h7xx_hal_tim.o
 .text.TIM_TI2_ConfigInputStage
                0x08105736       0x60 ./Drivers/STM32H7xx_HAL_Driver/stm32h7xx_hal_tim.o
 .text.TIM_ITRx_SetConfig
                0x08105796       0x3a ./Drivers/STM32H7xx_HAL_Driver/stm32h7xx_hal_tim.o
 .text.TIM_ETR_SetConfig
                0x081057d0       0x40 ./Drivers/STM32H7xx_HAL_Driver/stm32h7xx_hal_tim.o
                0x081057d0                TIM_ETR_SetConfig
 .text.HAL_TIMEx_MasterConfigSynchronization
                0x08105810      0x11c ./Drivers/STM32H7xx_HAL_Driver/stm32h7xx_hal_tim_ex.o
                0x08105810                HAL_TIMEx_MasterConfigSynchronization
 .text.HAL_TIMEx_CommutCallback
                0x0810592c       0x14 ./Drivers/STM32H7xx_HAL_Driver/stm32h7xx_hal_tim_ex.o
                0x0810592c                HAL_TIMEx_CommutCallback
 .text.HAL_TIMEx_BreakCallback
                0x08105940       0x14 ./Drivers/STM32H7xx_HAL_Driver/stm32h7xx_hal_tim_ex.o
                0x08105940                HAL_TIMEx_BreakCallback
 .text.HAL_TIMEx_Break2Callback
                0x08105954       0x14 ./Drivers/STM32H7xx_HAL_Driver/stm32h7xx_hal_tim_ex.o
                0x08105954                HAL_TIMEx_Break2Callback
 .text.HAL_UART_Init
                0x08105968       0xa0 ./Drivers/STM32H7xx_HAL_Driver/stm32h7xx_hal_uart.o
                0x08105968                HAL_UART_Init
 .text.HAL_UART_Transmit
                0x08105a08      0x11c ./Drivers/STM32H7xx_HAL_Driver/stm32h7xx_hal_uart.o
                0x08105a08                HAL_UART_Transmit
 .text.HAL_UART_IRQHandler
                0x08105b24      0x7ac ./Drivers/STM32H7xx_HAL_Driver/stm32h7xx_hal_uart.o
                0x08105b24                HAL_UART_IRQHandler
 .text.HAL_UART_TxCpltCallback
                0x081062d0       0x14 ./Drivers/STM32H7xx_HAL_Driver/stm32h7xx_hal_uart.o
                0x081062d0                HAL_UART_TxCpltCallback
 .text.HAL_UART_ErrorCallback
                0x081062e4       0x14 ./Drivers/STM32H7xx_HAL_Driver/stm32h7xx_hal_uart.o
                0x081062e4                HAL_UART_ErrorCallback
 .text.HAL_UARTEx_RxEventCallback
                0x081062f8       0x18 ./Drivers/STM32H7xx_HAL_Driver/stm32h7xx_hal_uart.o
                0x081062f8                HAL_UARTEx_RxEventCallback
 .text.UART_SetConfig
                0x08106310      0xad0 ./Drivers/STM32H7xx_HAL_Driver/stm32h7xx_hal_uart.o
                0x08106310                UART_SetConfig
 .text.UART_AdvFeatureConfig
                0x08106de0      0x144 ./Drivers/STM32H7xx_HAL_Driver/stm32h7xx_hal_uart.o
                0x08106de0                UART_AdvFeatureConfig
 .text.UART_CheckIdleState
                0x08106f24      0x154 ./Drivers/STM32H7xx_HAL_Driver/stm32h7xx_hal_uart.o
                0x08106f24                UART_CheckIdleState
 .text.UART_WaitOnFlagUntilTimeout
                0x08107078       0xda ./Drivers/STM32H7xx_HAL_Driver/stm32h7xx_hal_uart.o
                0x08107078                UART_WaitOnFlagUntilTimeout
 .text.UART_EndRxTransfer
                0x08107152       0xcc ./Drivers/STM32H7xx_HAL_Driver/stm32h7xx_hal_uart.o
 .text.UART_DMAAbortOnError
                0x0810721e       0x24 ./Drivers/STM32H7xx_HAL_Driver/stm32h7xx_hal_uart.o
 .text.UART_EndTransmit_IT
                0x08107242       0x56 ./Drivers/STM32H7xx_HAL_Driver/stm32h7xx_hal_uart.o
 .text.HAL_UARTEx_WakeupCallback
                0x08107298       0x14 ./Drivers/STM32H7xx_HAL_Driver/stm32h7xx_hal_uart_ex.o
                0x08107298                HAL_UARTEx_WakeupCallback
 .text.HAL_UARTEx_RxFifoFullCallback
                0x081072ac       0x14 ./Drivers/STM32H7xx_HAL_Driver/stm32h7xx_hal_uart_ex.o
                0x081072ac                HAL_UARTEx_RxFifoFullCallback
 .text.HAL_UARTEx_TxFifoEmptyCallback
                0x081072c0       0x14 ./Drivers/STM32H7xx_HAL_Driver/stm32h7xx_hal_uart_ex.o
                0x081072c0                HAL_UARTEx_TxFifoEmptyCallback
 .text.HAL_UARTEx_DisableFifoMode
                0x081072d4       0x72 ./Drivers/STM32H7xx_HAL_Driver/stm32h7xx_hal_uart_ex.o
                0x081072d4                HAL_UARTEx_DisableFifoMode
 .text.HAL_UARTEx_SetTxFifoThreshold
                0x08107346       0x7c ./Drivers/STM32H7xx_HAL_Driver/stm32h7xx_hal_uart_ex.o
                0x08107346                HAL_UARTEx_SetTxFifoThreshold
 .text.HAL_UARTEx_SetRxFifoThreshold
                0x081073c2       0x7c ./Drivers/STM32H7xx_HAL_Driver/stm32h7xx_hal_uart_ex.o
                0x081073c2                HAL_UARTEx_SetRxFifoThreshold
 *fill*         0x0810743e        0x2 
 .text.UARTEx_SetNbDataToProcess
                0x08107440       0x9c ./Drivers/STM32H7xx_HAL_Driver/stm32h7xx_hal_uart_ex.o
 .text.__NVIC_SetPriority
                0x081074dc       0x54 ./Middlewares/FreeRTOS/cmsis_os2.o
 .text.SysTick_Handler
                0x08107530       0x20 ./Middlewares/FreeRTOS/cmsis_os2.o
                0x08107530                SysTick_Handler
 .text.SVC_Setup
                0x08107550       0x12 ./Middlewares/FreeRTOS/cmsis_os2.o
 *fill*         0x08107562        0x2 
 .text.osKernelInitialize
                0x08107564       0x48 ./Middlewares/FreeRTOS/cmsis_os2.o
                0x08107564                osKernelInitialize
 .text.osKernelStart
                0x081075ac       0x4c ./Middlewares/FreeRTOS/cmsis_os2.o
                0x081075ac                osKernelStart
 .text.osThreadNew
                0x081075f8      0x126 ./Middlewares/FreeRTOS/cmsis_os2.o
                0x081075f8                osThreadNew
 .text.osDelay  0x0810771e       0x36 ./Middlewares/FreeRTOS/cmsis_os2.o
                0x0810771e                osDelay
 .text.osSemaphoreNew
                0x08107754      0x112 ./Middlewares/FreeRTOS/cmsis_os2.o
                0x08107754                osSemaphoreNew
 *fill*         0x08107866        0x2 
 .text.osSemaphoreAcquire
                0x08107868       0xa4 ./Middlewares/FreeRTOS/cmsis_os2.o
                0x08107868                osSemaphoreAcquire
 .text.osSemaphoreRelease
                0x0810790c       0x88 ./Middlewares/FreeRTOS/cmsis_os2.o
                0x0810790c                osSemaphoreRelease
 .text.vApplicationGetIdleTaskMemory
                0x08107994       0x34 ./Middlewares/FreeRTOS/cmsis_os2.o
                0x08107994                vApplicationGetIdleTaskMemory
 .text.vApplicationGetTimerTaskMemory
                0x081079c8       0x34 ./Middlewares/FreeRTOS/cmsis_os2.o
                0x081079c8                vApplicationGetTimerTaskMemory
 .text.pvPortMalloc
                0x081079fc      0x19c ./Middlewares/FreeRTOS/heap_4.o
                0x081079fc                pvPortMalloc
 .text.vPortFree
                0x08107b98       0xc8 ./Middlewares/FreeRTOS/heap_4.o
                0x08107b98                vPortFree
 .text.prvHeapInit
                0x08107c60       0xc4 ./Middlewares/FreeRTOS/heap_4.o
 .text.prvInsertBlockIntoFreeList
                0x08107d24       0xb4 ./Middlewares/FreeRTOS/heap_4.o
 .text.vListInitialise
                0x08107dd8       0x40 ./Middlewares/FreeRTOS/list.o
                0x08107dd8                vListInitialise
 .text.vListInitialiseItem
                0x08107e18       0x1a ./Middlewares/FreeRTOS/list.o
                0x08107e18                vListInitialiseItem
 .text.vListInsertEnd
                0x08107e32       0x48 ./Middlewares/FreeRTOS/list.o
                0x08107e32                vListInsertEnd
 .text.vListInsert
                0x08107e7a       0x72 ./Middlewares/FreeRTOS/list.o
                0x08107e7a                vListInsert
 .text.uxListRemove
                0x08107eec       0x54 ./Middlewares/FreeRTOS/list.o
                0x08107eec                uxListRemove
 .text.pxPortInitialiseStack
                0x08107f40       0x68 ./Middlewares/FreeRTOS/port.o
                0x08107f40                pxPortInitialiseStack
 .text.prvTaskExitError
                0x08107fa8       0x5c ./Middlewares/FreeRTOS/port.o
 *fill*         0x08108004        0xc 
 .text.SVC_Handler
                0x08108010       0x28 ./Middlewares/FreeRTOS/port.o
                0x08108010                SVC_Handler
 .text.prvPortStartFirstTask
                0x08108038       0x28 ./Middlewares/FreeRTOS/port.o
 .text.xPortStartScheduler
                0x08108060      0x148 ./Middlewares/FreeRTOS/port.o
                0x08108060                xPortStartScheduler
 .text.vPortEnterCritical
                0x081081a8       0x64 ./Middlewares/FreeRTOS/port.o
                0x081081a8                vPortEnterCritical
 .text.vPortExitCritical
                0x0810820c       0x54 ./Middlewares/FreeRTOS/port.o
                0x0810820c                vPortExitCritical
 .text.PendSV_Handler
                0x08108260       0x68 ./Middlewares/FreeRTOS/port.o
                0x08108260                PendSV_Handler
 .text.xPortSysTickHandler
                0x081082c8       0x44 ./Middlewares/FreeRTOS/port.o
                0x081082c8                xPortSysTickHandler
 .text.vPortSetupTimerInterrupt
                0x0810830c       0x48 ./Middlewares/FreeRTOS/port.o
                0x0810830c                vPortSetupTimerInterrupt
 .text.vPortEnableVFP
                0x08108354       0x14 ./Middlewares/FreeRTOS/port.o
 .text.vPortValidateInterruptPriority
                0x08108368       0x84 ./Middlewares/FreeRTOS/port.o
                0x08108368                vPortValidateInterruptPriority
 .text.xQueueGenericReset
                0x081083ec       0xd4 ./Middlewares/FreeRTOS/queue.o
                0x081083ec                xQueueGenericReset
 .text.xQueueGenericCreateStatic
                0x081084c0       0xfa ./Middlewares/FreeRTOS/queue.o
                0x081084c0                xQueueGenericCreateStatic
 .text.xQueueGenericCreate
                0x081085ba       0x76 ./Middlewares/FreeRTOS/queue.o
                0x081085ba                xQueueGenericCreate
 .text.prvInitialiseNewQueue
                0x08108630       0x46 ./Middlewares/FreeRTOS/queue.o
 .text.xQueueCreateCountingSemaphoreStatic
                0x08108676       0x72 ./Middlewares/FreeRTOS/queue.o
                0x08108676                xQueueCreateCountingSemaphoreStatic
 .text.xQueueCreateCountingSemaphore
                0x081086e8       0x6a ./Middlewares/FreeRTOS/queue.o
                0x081086e8                xQueueCreateCountingSemaphore
 *fill*         0x08108752        0x2 
 .text.xQueueGenericSend
                0x08108754      0x204 ./Middlewares/FreeRTOS/queue.o
                0x08108754                xQueueGenericSend
 .text.xQueueGenericSendFromISR
                0x08108958      0x13c ./Middlewares/FreeRTOS/queue.o
                0x08108958                xQueueGenericSendFromISR
 .text.xQueueGiveFromISR
                0x08108a94      0x120 ./Middlewares/FreeRTOS/queue.o
                0x08108a94                xQueueGiveFromISR
 .text.xQueueReceive
                0x08108bb4      0x1c4 ./Middlewares/FreeRTOS/queue.o
                0x08108bb4                xQueueReceive
 .text.xQueueSemaphoreTake
                0x08108d78      0x220 ./Middlewares/FreeRTOS/queue.o
                0x08108d78                xQueueSemaphoreTake
 .text.xQueueReceiveFromISR
                0x08108f98      0x104 ./Middlewares/FreeRTOS/queue.o
                0x08108f98                xQueueReceiveFromISR
 .text.vQueueDelete
                0x0810909c       0x48 ./Middlewares/FreeRTOS/queue.o
                0x0810909c                vQueueDelete
 .text.prvGetDisinheritPriorityAfterTimeout
                0x081090e4       0x30 ./Middlewares/FreeRTOS/queue.o
 .text.prvCopyDataToQueue
                0x08109114       0xd4 ./Middlewares/FreeRTOS/queue.o
 .text.prvCopyDataFromQueue
                0x081091e8       0x4c ./Middlewares/FreeRTOS/queue.o
 .text.prvUnlockQueue
                0x08109234       0xa4 ./Middlewares/FreeRTOS/queue.o
 .text.prvIsQueueEmpty
                0x081092d8       0x2c ./Middlewares/FreeRTOS/queue.o
 .text.prvIsQueueFull
                0x08109304       0x30 ./Middlewares/FreeRTOS/queue.o
 .text.vQueueAddToRegistry
                0x08109334       0x54 ./Middlewares/FreeRTOS/queue.o
                0x08109334                vQueueAddToRegistry
 .text.vQueueUnregisterQueue
                0x08109388       0x54 ./Middlewares/FreeRTOS/queue.o
                0x08109388                vQueueUnregisterQueue
 .text.vQueueWaitForMessageRestricted
                0x081093dc       0x68 ./Middlewares/FreeRTOS/queue.o
                0x081093dc                vQueueWaitForMessageRestricted
 .text.xTaskCreateStatic
                0x08109444       0xc0 ./Middlewares/FreeRTOS/tasks.o
                0x08109444                xTaskCreateStatic
 .text.xTaskCreate
                0x08109504       0x8a ./Middlewares/FreeRTOS/tasks.o
                0x08109504                xTaskCreate
 .text.prvInitialiseNewTask
                0x0810958e      0x120 ./Middlewares/FreeRTOS/tasks.o
 *fill*         0x081096ae        0x2 
 .text.prvAddNewTaskToReadyList
                0x081096b0       0xe0 ./Middlewares/FreeRTOS/tasks.o
 .text.vTaskDelay
                0x08109790       0x6c ./Middlewares/FreeRTOS/tasks.o
                0x08109790                vTaskDelay
 .text.vTaskStartScheduler
                0x081097fc       0xd0 ./Middlewares/FreeRTOS/tasks.o
                0x081097fc                vTaskStartScheduler
 .text.vTaskSuspendAll
                0x081098cc       0x1c ./Middlewares/FreeRTOS/tasks.o
                0x081098cc                vTaskSuspendAll
 .text.xTaskResumeAll
                0x081098e8      0x13c ./Middlewares/FreeRTOS/tasks.o
                0x081098e8                xTaskResumeAll
 .text.xTaskGetTickCount
                0x08109a24       0x20 ./Middlewares/FreeRTOS/tasks.o
                0x08109a24                xTaskGetTickCount
 .text.xTaskIncrementTick
                0x08109a44      0x174 ./Middlewares/FreeRTOS/tasks.o
                0x08109a44                xTaskIncrementTick
 .text.vTaskSwitchContext
                0x08109bb8       0xbc ./Middlewares/FreeRTOS/tasks.o
                0x08109bb8                vTaskSwitchContext
 .text.vTaskPlaceOnEventList
                0x08109c74       0x4c ./Middlewares/FreeRTOS/tasks.o
                0x08109c74                vTaskPlaceOnEventList
 .text.vTaskPlaceOnEventListRestricted
                0x08109cc0       0x58 ./Middlewares/FreeRTOS/tasks.o
                0x08109cc0                vTaskPlaceOnEventListRestricted
 .text.xTaskRemoveFromEventList
                0x08109d18       0xc8 ./Middlewares/FreeRTOS/tasks.o
                0x08109d18                xTaskRemoveFromEventList
 .text.vTaskInternalSetTimeOutState
                0x08109de0       0x2c ./Middlewares/FreeRTOS/tasks.o
                0x08109de0                vTaskInternalSetTimeOutState
 .text.xTaskCheckForTimeOut
                0x08109e0c       0xc8 ./Middlewares/FreeRTOS/tasks.o
                0x08109e0c                xTaskCheckForTimeOut
 .text.vTaskMissedYield
                0x08109ed4       0x18 ./Middlewares/FreeRTOS/tasks.o
                0x08109ed4                vTaskMissedYield
 .text.prvIdleTask
                0x08109eec       0x30 ./Middlewares/FreeRTOS/tasks.o
 .text.prvInitialiseTaskLists
                0x08109f1c       0x80 ./Middlewares/FreeRTOS/tasks.o
 .text.prvCheckTasksWaitingTermination
                0x08109f9c       0x5c ./Middlewares/FreeRTOS/tasks.o
 .text.prvDeleteTCB
                0x08109ff8       0x60 ./Middlewares/FreeRTOS/tasks.o
 .text.prvResetNextTaskUnblockTime
                0x0810a058       0x40 ./Middlewares/FreeRTOS/tasks.o
 .text.xTaskGetSchedulerState
                0x0810a098       0x3c ./Middlewares/FreeRTOS/tasks.o
                0x0810a098                xTaskGetSchedulerState
 .text.xTaskPriorityInherit
                0x0810a0d4       0xd0 ./Middlewares/FreeRTOS/tasks.o
                0x0810a0d4                xTaskPriorityInherit
 .text.xTaskPriorityDisinherit
                0x0810a1a4       0xe0 ./Middlewares/FreeRTOS/tasks.o
                0x0810a1a4                xTaskPriorityDisinherit
 .text.vTaskPriorityDisinheritAfterTimeout
                0x0810a284      0x108 ./Middlewares/FreeRTOS/tasks.o
                0x0810a284                vTaskPriorityDisinheritAfterTimeout
 .text.pvTaskIncrementMutexHeldCount
                0x0810a38c       0x28 ./Middlewares/FreeRTOS/tasks.o
                0x0810a38c                pvTaskIncrementMutexHeldCount
 .text.prvAddCurrentTaskToDelayedList
                0x0810a3b4       0xa8 ./Middlewares/FreeRTOS/tasks.o
 .text.xTimerCreateTimerTask
                0x0810a45c       0x94 ./Middlewares/FreeRTOS/timers.o
                0x0810a45c                xTimerCreateTimerTask
 .text.xTimerGenericCommand
                0x0810a4f0       0x9c ./Middlewares/FreeRTOS/timers.o
                0x0810a4f0                xTimerGenericCommand
 .text.prvProcessExpiredTimer
                0x0810a58c       0x9c ./Middlewares/FreeRTOS/timers.o
 .text.prvTimerTask
                0x0810a628       0x26 ./Middlewares/FreeRTOS/timers.o
 *fill*         0x0810a64e        0x2 
 .text.prvProcessTimerOrBlockTask
                0x0810a650       0x9c ./Middlewares/FreeRTOS/timers.o
 .text.prvGetNextExpireTime
                0x0810a6ec       0x48 ./Middlewares/FreeRTOS/timers.o
 .text.prvSampleTimeNow
                0x0810a734       0x40 ./Middlewares/FreeRTOS/timers.o
 .text.prvInsertTimerInActiveList
                0x0810a774       0x84 ./Middlewares/FreeRTOS/timers.o
 .text.prvProcessReceivedCommands
                0x0810a7f8      0x1cc ./Middlewares/FreeRTOS/timers.o
 .text.prvSwitchTimerLists
                0x0810a9c4       0xcc ./Middlewares/FreeRTOS/timers.o
 .text.prvCheckForValidListAndQueue
                0x0810aa90       0x80 ./Middlewares/FreeRTOS/timers.o
 .text.__cvt    0x0810ab10       0xca /home/george/Desktop/Internship/makeself_dir_Ey9llo/STM32/plugins/com.st.stm32cube.ide.mcu.externaltools.gnu-tools-for-stm32.13.3.rel1.linux64_1.0.100.202509120712/tools/bin/../lib/gcc/arm-none-eabi/13.3.1/../../../../arm-none-eabi/lib/thumb/v7e-m+fp/hard/libc_nano.a(libc_a-nano-vfprintf_float.o)
                0x0810ab10                __cvt
 .text.__exponent
                0x0810abda       0x74 /home/george/Desktop/Internship/makeself_dir_Ey9llo/STM32/plugins/com.st.stm32cube.ide.mcu.externaltools.gnu-tools-for-stm32.13.3.rel1.linux64_1.0.100.202509120712/tools/bin/../lib/gcc/arm-none-eabi/13.3.1/../../../../arm-none-eabi/lib/thumb/v7e-m+fp/hard/libc_nano.a(libc_a-nano-vfprintf_float.o)
                0x0810abda                __exponent
 *fill*         0x0810ac4e        0x2 
 .text._printf_float
                0x0810ac50      0x454 /home/george/Desktop/Internship/makeself_dir_Ey9llo/STM32/plugins/com.st.stm32cube.ide.mcu.externaltools.gnu-tools-for-stm32.13.3.rel1.linux64_1.0.100.202509120712/tools/bin/../lib/gcc/arm-none-eabi/13.3.1/../../../../arm-none-eabi/lib/thumb/v7e-m+fp/hard/libc_nano.a(libc_a-nano-vfprintf_float.o)
                0x0810ac50                _printf_float
 .text._printf_common
                0x0810b0a4       0xda /home/george/Desktop/Internship/makeself_dir_Ey9llo/STM32/plugins/com.st.stm32cube.ide.mcu.externaltools.gnu-tools-for-stm32.13.3.rel1.linux64_1.0.100.202509120712/tools/bin/../lib/gcc/arm-none-eabi/13.3.1/../../../../arm-none-eabi/lib/thumb/v7e-m+fp/hard/libc_nano.a(libc_a-nano-vfprintf_i.o)
                0x0810b0a4                _printf_common
 *fill*         0x0810b17e        0x2 
 .text._printf_i
                0x0810b180      0x23c /home/george/Desktop/Internship/makeself_dir_Ey9llo/STM32/plugins/com.st.stm32cube.ide.mcu.externaltools.gnu-tools-for-stm32.13.3.rel1.linux64_1.0.100.202509120712/tools/bin/../lib/gcc/arm-none-eabi/13.3.1/../../../../arm-none-eabi/lib/thumb/v7e-m+fp/hard/libc_nano.a(libc_a-nano-vfprintf_i.o)
                0x0810b180                _printf_i
 .text._scanf_float
                0x0810b3bc      0x41c /home/george/Desktop/Internship/makeself_dir_Ey9llo/STM32/plugins/com.st.stm32cube.ide.mcu.externaltools.gnu-tools-for-stm32.13.3.rel1.linux64_1.0.100.202509120712/tools/bin/../lib/gcc/arm-none-eabi/13.3.1/../../../../arm-none-eabi/lib/thumb/v7e-m+fp/hard/libc_nano.a(libc_a-nano-vfscanf_float.o)
                0x0810b3bc                _scanf_float
 .text.std      0x0810b7d8       0x6c /home/george/Desktop/Internship/makeself_dir_Ey9llo/STM32/plugins/com.st.stm32cube.ide.mcu.externaltools.gnu-tools-for-stm32.13.3.rel1.linux64_1.0.100.202509120712/tools/bin/../lib/gcc/arm-none-eabi/13.3.1/../../../../arm-none-eabi/lib/thumb/v7e-m+fp/hard/libc_nano.a(libc_a-findfp.o)
 .text.stdio_exit_handler
                0x0810b844       0x18 /home/george/Desktop/Internship/makeself_dir_Ey9llo/STM32/plugins/com.st.stm32cube.ide.mcu.externaltools.gnu-tools-for-stm32.13.3.rel1.linux64_1.0.100.202509120712/tools/bin/../lib/gcc/arm-none-eabi/13.3.1/../../../../arm-none-eabi/lib/thumb/v7e-m+fp/hard/libc_nano.a(libc_a-findfp.o)
 .text.cleanup_stdio
                0x0810b85c       0x40 /home/george/Desktop/Internship/makeself_dir_Ey9llo/STM32/plugins/com.st.stm32cube.ide.mcu.externaltools.gnu-tools-for-stm32.13.3.rel1.linux64_1.0.100.202509120712/tools/bin/../lib/gcc/arm-none-eabi/13.3.1/../../../../arm-none-eabi/lib/thumb/v7e-m+fp/hard/libc_nano.a(libc_a-findfp.o)
 .text.global_stdio_init.part.0
                0x0810b89c       0x3c /home/george/Desktop/Internship/makeself_dir_Ey9llo/STM32/plugins/com.st.stm32cube.ide.mcu.externaltools.gnu-tools-for-stm32.13.3.rel1.linux64_1.0.100.202509120712/tools/bin/../lib/gcc/arm-none-eabi/13.3.1/../../../../arm-none-eabi/lib/thumb/v7e-m+fp/hard/libc_nano.a(libc_a-findfp.o)
 .text.__sfp_lock_acquire
                0x0810b8d8        0xc /home/george/Desktop/Internship/makeself_dir_Ey9llo/STM32/plugins/com.st.stm32cube.ide.mcu.externaltools.gnu-tools-for-stm32.13.3.rel1.linux64_1.0.100.202509120712/tools/bin/../lib/gcc/arm-none-eabi/13.3.1/../../../../arm-none-eabi/lib/thumb/v7e-m+fp/hard/libc_nano.a(libc_a-findfp.o)
                0x0810b8d8                __sfp_lock_acquire
 .text.__sfp_lock_release
                0x0810b8e4        0xc /home/george/Desktop/Internship/makeself_dir_Ey9llo/STM32/plugins/com.st.stm32cube.ide.mcu.externaltools.gnu-tools-for-stm32.13.3.rel1.linux64_1.0.100.202509120712/tools/bin/../lib/gcc/arm-none-eabi/13.3.1/../../../../arm-none-eabi/lib/thumb/v7e-m+fp/hard/libc_nano.a(libc_a-findfp.o)
                0x0810b8e4                __sfp_lock_release
 .text.__sinit  0x0810b8f0       0x30 /home/george/Desktop/Internship/makeself_dir_Ey9llo/STM32/plugins/com.st.stm32cube.ide.mcu.externaltools.gnu-tools-for-stm32.13.3.rel1.linux64_1.0.100.202509120712/tools/bin/../lib/gcc/arm-none-eabi/13.3.1/../../../../arm-none-eabi/lib/thumb/v7e-m+fp/hard/libc_nano.a(libc_a-findfp.o)
                0x0810b8f0                __sinit
 .text._fwalk_sglue
                0x0810b920       0x3c /home/george/Desktop/Internship/makeself_dir_Ey9llo/STM32/plugins/com.st.stm32cube.ide.mcu.externaltools.gnu-tools-for-stm32.13.3.rel1.linux64_1.0.100.202509120712/tools/bin/../lib/gcc/arm-none-eabi/13.3.1/../../../../arm-none-eabi/lib/thumb/v7e-m+fp/hard/libc_nano.a(libc_a-fwalk.o)
                0x0810b920                _fwalk_sglue
 .text.printf   0x0810b95c       0x24 /home/george/Desktop/Internship/makeself_dir_Ey9llo/STM32/plugins/com.st.stm32cube.ide.mcu.externaltools.gnu-tools-for-stm32.13.3.rel1.linux64_1.0.100.202509120712/tools/bin/../lib/gcc/arm-none-eabi/13.3.1/../../../../arm-none-eabi/lib/thumb/v7e-m+fp/hard/libc_nano.a(libc_a-printf.o)
                0x0810b95c                printf
                0x0810b95c                iprintf
 .text.snprintf
                0x0810b980       0x6c /home/george/Desktop/Internship/makeself_dir_Ey9llo/STM32/plugins/com.st.stm32cube.ide.mcu.externaltools.gnu-tools-for-stm32.13.3.rel1.linux64_1.0.100.202509120712/tools/bin/../lib/gcc/arm-none-eabi/13.3.1/../../../../arm-none-eabi/lib/thumb/v7e-m+fp/hard/libc_nano.a(libc_a-snprintf.o)
                0x0810b980                snprintf
                0x0810b980                sniprintf
 .text.sprintf  0x0810b9ec       0x44 /home/george/Desktop/Internship/makeself_dir_Ey9llo/STM32/plugins/com.st.stm32cube.ide.mcu.externaltools.gnu-tools-for-stm32.13.3.rel1.linux64_1.0.100.202509120712/tools/bin/../lib/gcc/arm-none-eabi/13.3.1/../../../../arm-none-eabi/lib/thumb/v7e-m+fp/hard/libc_nano.a(libc_a-sprintf.o)
                0x0810b9ec                sprintf
                0x0810b9ec                siprintf
 .text.__sread  0x0810ba30       0x22 /home/george/Desktop/Internship/makeself_dir_Ey9llo/STM32/plugins/com.st.stm32cube.ide.mcu.externaltools.gnu-tools-for-stm32.13.3.rel1.linux64_1.0.100.202509120712/tools/bin/../lib/gcc/arm-none-eabi/13.3.1/../../../../arm-none-eabi/lib/thumb/v7e-m+fp/hard/libc_nano.a(libc_a-stdio.o)
                0x0810ba30                __sread
 .text.__swrite
                0x0810ba52       0x38 /home/george/Desktop/Internship/makeself_dir_Ey9llo/STM32/plugins/com.st.stm32cube.ide.mcu.externaltools.gnu-tools-for-stm32.13.3.rel1.linux64_1.0.100.202509120712/tools/bin/../lib/gcc/arm-none-eabi/13.3.1/../../../../arm-none-eabi/lib/thumb/v7e-m+fp/hard/libc_nano.a(libc_a-stdio.o)
                0x0810ba52                __swrite
 .text.__sseek  0x0810ba8a       0x24 /home/george/Desktop/Internship/makeself_dir_Ey9llo/STM32/plugins/com.st.stm32cube.ide.mcu.externaltools.gnu-tools-for-stm32.13.3.rel1.linux64_1.0.100.202509120712/tools/bin/../lib/gcc/arm-none-eabi/13.3.1/../../../../arm-none-eabi/lib/thumb/v7e-m+fp/hard/libc_nano.a(libc_a-stdio.o)
                0x0810ba8a                __sseek
 .text.__sclose
                0x0810baae        0x8 /home/george/Desktop/Internship/makeself_dir_Ey9llo/STM32/plugins/com.st.stm32cube.ide.mcu.externaltools.gnu-tools-for-stm32.13.3.rel1.linux64_1.0.100.202509120712/tools/bin/../lib/gcc/arm-none-eabi/13.3.1/../../../../arm-none-eabi/lib/thumb/v7e-m+fp/hard/libc_nano.a(libc_a-stdio.o)
                0x0810baae                __sclose
 .text.memset   0x0810bab6       0x10 /home/george/Desktop/Internship/makeself_dir_Ey9llo/STM32/plugins/com.st.stm32cube.ide.mcu.externaltools.gnu-tools-for-stm32.13.3.rel1.linux64_1.0.100.202509120712/tools/bin/../lib/gcc/arm-none-eabi/13.3.1/../../../../arm-none-eabi/lib/thumb/v7e-m+fp/hard/libc_nano.a(libc_a-memset.o)
                0x0810bab6                memset
 *fill*         0x0810bac6        0x2 
 .text._localeconv_r
                0x0810bac8        0x8 /home/george/Desktop/Internship/makeself_dir_Ey9llo/STM32/plugins/com.st.stm32cube.ide.mcu.externaltools.gnu-tools-for-stm32.13.3.rel1.linux64_1.0.100.202509120712/tools/bin/../lib/gcc/arm-none-eabi/13.3.1/../../../../arm-none-eabi/lib/thumb/v7e-m+fp/hard/libc_nano.a(libc_a-localeconv.o)
                0x0810bac8                _localeconv_r
 .text._close_r
                0x0810bad0       0x20 /home/george/Desktop/Internship/makeself_dir_Ey9llo/STM32/plugins/com.st.stm32cube.ide.mcu.externaltools.gnu-tools-for-stm32.13.3.rel1.linux64_1.0.100.202509120712/tools/bin/../lib/gcc/arm-none-eabi/13.3.1/../../../../arm-none-eabi/lib/thumb/v7e-m+fp/hard/libc_nano.a(libc_a-closer.o)
                0x0810bad0                _close_r
 .text._lseek_r
                0x0810baf0       0x24 /home/george/Desktop/Internship/makeself_dir_Ey9llo/STM32/plugins/com.st.stm32cube.ide.mcu.externaltools.gnu-tools-for-stm32.13.3.rel1.linux64_1.0.100.202509120712/tools/bin/../lib/gcc/arm-none-eabi/13.3.1/../../../../arm-none-eabi/lib/thumb/v7e-m+fp/hard/libc_nano.a(libc_a-lseekr.o)
                0x0810baf0                _lseek_r
 .text._read_r  0x0810bb14       0x24 /home/george/Desktop/Internship/makeself_dir_Ey9llo/STM32/plugins/com.st.stm32cube.ide.mcu.externaltools.gnu-tools-for-stm32.13.3.rel1.linux64_1.0.100.202509120712/tools/bin/../lib/gcc/arm-none-eabi/13.3.1/../../../../arm-none-eabi/lib/thumb/v7e-m+fp/hard/libc_nano.a(libc_a-readr.o)
                0x0810bb14                _read_r
 .text._write_r
                0x0810bb38       0x24 /home/george/Desktop/Internship/makeself_dir_Ey9llo/STM32/plugins/com.st.stm32cube.ide.mcu.externaltools.gnu-tools-for-stm32.13.3.rel1.linux64_1.0.100.202509120712/tools/bin/../lib/gcc/arm-none-eabi/13.3.1/../../../../arm-none-eabi/lib/thumb/v7e-m+fp/hard/libc_nano.a(libc_a-writer.o)
                0x0810bb38                _write_r
 .text.__errno  0x0810bb5c        0xc /home/george/Desktop/Internship/makeself_dir_Ey9llo/STM32/plugins/com.st.stm32cube.ide.mcu.externaltools.gnu-tools-for-stm32.13.3.rel1.linux64_1.0.100.202509120712/tools/bin/../lib/gcc/arm-none-eabi/13.3.1/../../../../arm-none-eabi/lib/thumb/v7e-m+fp/hard/libc_nano.a(libc_a-errno.o)
                0x0810bb5c                __errno
 .text.__libc_init_array
                0x0810bb68       0x48 /home/george/Desktop/Internship/makeself_dir_Ey9llo/STM32/plugins/com.st.stm32cube.ide.mcu.externaltools.gnu-tools-for-stm32.13.3.rel1.linux64_1.0.100.202509120712/tools/bin/../lib/gcc/arm-none-eabi/13.3.1/../../../../arm-none-eabi/lib/thumb/v7e-m+fp/hard/libc_nano.a(libc_a-init.o)
                0x0810bb68                __libc_init_array
 .text.__retarget_lock_init_recursive
                0x0810bbb0        0x2 /home/george/Desktop/Internship/makeself_dir_Ey9llo/STM32/plugins/com.st.stm32cube.ide.mcu.externaltools.gnu-tools-for-stm32.13.3.rel1.linux64_1.0.100.202509120712/tools/bin/../lib/gcc/arm-none-eabi/13.3.1/../../../../arm-none-eabi/lib/thumb/v7e-m+fp/hard/libc_nano.a(libc_a-lock.o)
                0x0810bbb0                __retarget_lock_init_recursive
 .text.__retarget_lock_acquire_recursive
                0x0810bbb2        0x2 /home/george/Desktop/Internship/makeself_dir_Ey9llo/STM32/plugins/com.st.stm32cube.ide.mcu.externaltools.gnu-tools-for-stm32.13.3.rel1.linux64_1.0.100.202509120712/tools/bin/../lib/gcc/arm-none-eabi/13.3.1/../../../../arm-none-eabi/lib/thumb/v7e-m+fp/hard/libc_nano.a(libc_a-lock.o)
                0x0810bbb2                __retarget_lock_acquire_recursive
 .text.__retarget_lock_release_recursive
                0x0810bbb4        0x2 /home/george/Desktop/Internship/makeself_dir_Ey9llo/STM32/plugins/com.st.stm32cube.ide.mcu.externaltools.gnu-tools-for-stm32.13.3.rel1.linux64_1.0.100.202509120712/tools/bin/../lib/gcc/arm-none-eabi/13.3.1/../../../../arm-none-eabi/lib/thumb/v7e-m+fp/hard/libc_nano.a(libc_a-lock.o)
                0x0810bbb4                __retarget_lock_release_recursive
 .text.memcpy   0x0810bbb6       0x1c /home/george/Desktop/Internship/makeself_dir_Ey9llo/STM32/plugins/com.st.stm32cube.ide.mcu.externaltools.gnu-tools-for-stm32.13.3.rel1.linux64_1.0.100.202509120712/tools/bin/../lib/gcc/arm-none-eabi/13.3.1/../../../../arm-none-eabi/lib/thumb/v7e-m+fp/hard/libc_nano.a(libc_a-memcpy-stub.o)
                0x0810bbb6                memcpy
 *fill*         0x0810bbd2        0x2 
 .text.nanf     0x0810bbd4        0xc /home/george/Desktop/Internship/makeself_dir_Ey9llo/STM32/plugins/com.st.stm32cube.ide.mcu.externaltools.gnu-tools-for-stm32.13.3.rel1.linux64_1.0.100.202509120712/tools/bin/../lib/gcc/arm-none-eabi/13.3.1/../../../../arm-none-eabi/lib/thumb/v7e-m+fp/hard/libc_nano.a(libm_a-sf_nan.o)
                0x0810bbd4                nanf
 .text.quorem   0x0810bbe0      0x110 /home/george/Desktop/Internship/makeself_dir_Ey9llo/STM32/plugins/com.st.stm32cube.ide.mcu.externaltools.gnu-tools-for-stm32.13.3.rel1.linux64_1.0.100.202509120712/tools/bin/../lib/gcc/arm-none-eabi/13.3.1/../../../../arm-none-eabi/lib/thumb/v7e-m+fp/hard/libc_nano.a(libc_a-dtoa.o)
 .text._dtoa_r  0x0810bcf0      0xba0 /home/george/Desktop/Internship/makeself_dir_Ey9llo/STM32/plugins/com.st.stm32cube.ide.mcu.externaltools.gnu-tools-for-stm32.13.3.rel1.linux64_1.0.100.202509120712/tools/bin/../lib/gcc/arm-none-eabi/13.3.1/../../../../arm-none-eabi/lib/thumb/v7e-m+fp/hard/libc_nano.a(libc_a-dtoa.o)
                0x0810bcf0                _dtoa_r
 .text._free_r  0x0810c890       0x94 /home/george/Desktop/Internship/makeself_dir_Ey9llo/STM32/plugins/com.st.stm32cube.ide.mcu.externaltools.gnu-tools-for-stm32.13.3.rel1.linux64_1.0.100.202509120712/tools/bin/../lib/gcc/arm-none-eabi/13.3.1/../../../../arm-none-eabi/lib/thumb/v7e-m+fp/hard/libc_nano.a(libc_a-freer.o)
                0x0810c890                _free_r
 .text.malloc   0x0810c924       0x10 /home/george/Desktop/Internship/makeself_dir_Ey9llo/STM32/plugins/com.st.stm32cube.ide.mcu.externaltools.gnu-tools-for-stm32.13.3.rel1.linux64_1.0.100.202509120712/tools/bin/../lib/gcc/arm-none-eabi/13.3.1/../../../../arm-none-eabi/lib/thumb/v7e-m+fp/hard/libc_nano.a(libc_a-malloc.o)
                0x0810c924                malloc
 .text.sbrk_aligned
                0x0810c934       0x44 /home/george/Desktop/Internship/makeself_dir_Ey9llo/STM32/plugins/com.st.stm32cube.ide.mcu.externaltools.gnu-tools-for-stm32.13.3.rel1.linux64_1.0.100.202509120712/tools/bin/../lib/gcc/arm-none-eabi/13.3.1/../../../../arm-none-eabi/lib/thumb/v7e-m+fp/hard/libc_nano.a(libc_a-mallocr.o)
 .text._malloc_r
                0x0810c978      0x100 /home/george/Desktop/Internship/makeself_dir_Ey9llo/STM32/plugins/com.st.stm32cube.ide.mcu.externaltools.gnu-tools-for-stm32.13.3.rel1.linux64_1.0.100.202509120712/tools/bin/../lib/gcc/arm-none-eabi/13.3.1/../../../../arm-none-eabi/lib/thumb/v7e-m+fp/hard/libc_nano.a(libc_a-mallocr.o)
                0x0810c978                _malloc_r
 .text.__malloc_lock
                0x0810ca78        0xc /home/george/Desktop/Internship/makeself_dir_Ey9llo/STM32/plugins/com.st.stm32cube.ide.mcu.externaltools.gnu-tools-for-stm32.13.3.rel1.linux64_1.0.100.202509120712/tools/bin/../lib/gcc/arm-none-eabi/13.3.1/../../../../arm-none-eabi/lib/thumb/v7e-m+fp/hard/libc_nano.a(libc_a-mlock.o)
                0x0810ca78                __malloc_lock
 .text.__malloc_unlock
                0x0810ca84        0xc /home/george/Desktop/Internship/makeself_dir_Ey9llo/STM32/plugins/com.st.stm32cube.ide.mcu.externaltools.gnu-tools-for-stm32.13.3.rel1.linux64_1.0.100.202509120712/tools/bin/../lib/gcc/arm-none-eabi/13.3.1/../../../../arm-none-eabi/lib/thumb/v7e-m+fp/hard/libc_nano.a(libc_a-mlock.o)
                0x0810ca84                __malloc_unlock
 .text._Balloc  0x0810ca90       0x80 /home/george/Desktop/Internship/makeself_dir_Ey9llo/STM32/plugins/com.st.stm32cube.ide.mcu.externaltools.gnu-tools-for-stm32.13.3.rel1.linux64_1.0.100.202509120712/tools/bin/../lib/gcc/arm-none-eabi/13.3.1/../../../../arm-none-eabi/lib/thumb/v7e-m+fp/hard/libc_nano.a(libc_a-mprec.o)
                0x0810ca90                _Balloc
 .text._Bfree   0x0810cb10       0x44 /home/george/Desktop/Internship/makeself_dir_Ey9llo/STM32/plugins/com.st.stm32cube.ide.mcu.externaltools.gnu-tools-for-stm32.13.3.rel1.linux64_1.0.100.202509120712/tools/bin/../lib/gcc/arm-none-eabi/13.3.1/../../../../arm-none-eabi/lib/thumb/v7e-m+fp/hard/libc_nano.a(libc_a-mprec.o)
                0x0810cb10                _Bfree
 .text.__multadd
                0x0810cb54       0x8c /home/george/Desktop/Internship/makeself_dir_Ey9llo/STM32/plugins/com.st.stm32cube.ide.mcu.externaltools.gnu-tools-for-stm32.13.3.rel1.linux64_1.0.100.202509120712/tools/bin/../lib/gcc/arm-none-eabi/13.3.1/../../../../arm-none-eabi/lib/thumb/v7e-m+fp/hard/libc_nano.a(libc_a-mprec.o)
                0x0810cb54                __multadd
 .text.__s2b    0x0810cbe0       0x94 /home/george/Desktop/Internship/makeself_dir_Ey9llo/STM32/plugins/com.st.stm32cube.ide.mcu.externaltools.gnu-tools-for-stm32.13.3.rel1.linux64_1.0.100.202509120712/tools/bin/../lib/gcc/arm-none-eabi/13.3.1/../../../../arm-none-eabi/lib/thumb/v7e-m+fp/hard/libc_nano.a(libc_a-mprec.o)
                0x0810cbe0                __s2b
 .text.__hi0bits
                0x0810cc74       0x3e /home/george/Desktop/Internship/makeself_dir_Ey9llo/STM32/plugins/com.st.stm32cube.ide.mcu.externaltools.gnu-tools-for-stm32.13.3.rel1.linux64_1.0.100.202509120712/tools/bin/../lib/gcc/arm-none-eabi/13.3.1/../../../../arm-none-eabi/lib/thumb/v7e-m+fp/hard/libc_nano.a(libc_a-mprec.o)
                0x0810cc74                __hi0bits
 .text.__lo0bits
                0x0810ccb2       0x5a /home/george/Desktop/Internship/makeself_dir_Ey9llo/STM32/plugins/com.st.stm32cube.ide.mcu.externaltools.gnu-tools-for-stm32.13.3.rel1.linux64_1.0.100.202509120712/tools/bin/../lib/gcc/arm-none-eabi/13.3.1/../../../../arm-none-eabi/lib/thumb/v7e-m+fp/hard/libc_nano.a(libc_a-mprec.o)
                0x0810ccb2                __lo0bits
 .text.__i2b    0x0810cd0c       0x2c /home/george/Desktop/Internship/makeself_dir_Ey9llo/STM32/plugins/com.st.stm32cube.ide.mcu.externaltools.gnu-tools-for-stm32.13.3.rel1.linux64_1.0.100.202509120712/tools/bin/../lib/gcc/arm-none-eabi/13.3.1/../../../../arm-none-eabi/lib/thumb/v7e-m+fp/hard/libc_nano.a(libc_a-mprec.o)
                0x0810cd0c                __i2b
 .text.__multiply
                0x0810cd38      0x144 /home/george/Desktop/Internship/makeself_dir_Ey9llo/STM32/plugins/com.st.stm32cube.ide.mcu.externaltools.gnu-tools-for-stm32.13.3.rel1.linux64_1.0.100.202509120712/tools/bin/../lib/gcc/arm-none-eabi/13.3.1/../../../../arm-none-eabi/lib/thumb/v7e-m+fp/hard/libc_nano.a(libc_a-mprec.o)
                0x0810cd38                __multiply
 .text.__pow5mult
                0x0810ce7c       0xb4 /home/george/Desktop/Internship/makeself_dir_Ey9llo/STM32/plugins/com.st.stm32cube.ide.mcu.externaltools.gnu-tools-for-stm32.13.3.rel1.linux64_1.0.100.202509120712/tools/bin/../lib/gcc/arm-none-eabi/13.3.1/../../../../arm-none-eabi/lib/thumb/v7e-m+fp/hard/libc_nano.a(libc_a-mprec.o)
                0x0810ce7c                __pow5mult
 .text.__lshift
                0x0810cf30       0xd8 /home/george/Desktop/Internship/makeself_dir_Ey9llo/STM32/plugins/com.st.stm32cube.ide.mcu.externaltools.gnu-tools-for-stm32.13.3.rel1.linux64_1.0.100.202509120712/tools/bin/../lib/gcc/arm-none-eabi/13.3.1/../../../../arm-none-eabi/lib/thumb/v7e-m+fp/hard/libc_nano.a(libc_a-mprec.o)
                0x0810cf30                __lshift
 .text.__mcmp   0x0810d008       0x36 /home/george/Desktop/Internship/makeself_dir_Ey9llo/STM32/plugins/com.st.stm32cube.ide.mcu.externaltools.gnu-tools-for-stm32.13.3.rel1.linux64_1.0.100.202509120712/tools/bin/../lib/gcc/arm-none-eabi/13.3.1/../../../../arm-none-eabi/lib/thumb/v7e-m+fp/hard/libc_nano.a(libc_a-mprec.o)
                0x0810d008                __mcmp
 *fill*         0x0810d03e        0x2 
 .text.__mdiff  0x0810d040      0x128 /home/george/Desktop/Internship/makeself_dir_Ey9llo/STM32/plugins/com.st.stm32cube.ide.mcu.externaltools.gnu-tools-for-stm32.13.3.rel1.linux64_1.0.100.202509120712/tools/bin/../lib/gcc/arm-none-eabi/13.3.1/../../../../arm-none-eabi/lib/thumb/v7e-m+fp/hard/libc_nano.a(libc_a-mprec.o)
                0x0810d040                __mdiff
 .text.__ulp    0x0810d168       0x4c /home/george/Desktop/Internship/makeself_dir_Ey9llo/STM32/plugins/com.st.stm32cube.ide.mcu.externaltools.gnu-tools-for-stm32.13.3.rel1.linux64_1.0.100.202509120712/tools/bin/../lib/gcc/arm-none-eabi/13.3.1/../../../../arm-none-eabi/lib/thumb/v7e-m+fp/hard/libc_nano.a(libc_a-mprec.o)
                0x0810d168                __ulp
 .text.__b2d    0x0810d1b4       0x94 /home/george/Desktop/Internship/makeself_dir_Ey9llo/STM32/plugins/com.st.stm32cube.ide.mcu.externaltools.gnu-tools-for-stm32.13.3.rel1.linux64_1.0.100.202509120712/tools/bin/../lib/gcc/arm-none-eabi/13.3.1/../../../../arm-none-eabi/lib/thumb/v7e-m+fp/hard/libc_nano.a(libc_a-mprec.o)
                0x0810d1b4                __b2d
 .text.__d2b    0x0810d248       0xb0 /home/george/Desktop/Internship/makeself_dir_Ey9llo/STM32/plugins/com.st.stm32cube.ide.mcu.externaltools.gnu-tools-for-stm32.13.3.rel1.linux64_1.0.100.202509120712/tools/bin/../lib/gcc/arm-none-eabi/13.3.1/../../../../arm-none-eabi/lib/thumb/v7e-m+fp/hard/libc_nano.a(libc_a-mprec.o)
                0x0810d248                __d2b
 .text.__ratio  0x0810d2f8       0x64 /home/george/Desktop/Internship/makeself_dir_Ey9llo/STM32/plugins/com.st.stm32cube.ide.mcu.externaltools.gnu-tools-for-stm32.13.3.rel1.linux64_1.0.100.202509120712/tools/bin/../lib/gcc/arm-none-eabi/13.3.1/../../../../arm-none-eabi/lib/thumb/v7e-m+fp/hard/libc_nano.a(libc_a-mprec.o)
                0x0810d2f8                __ratio
 .text.__copybits
                0x0810d35c       0x46 /home/george/Desktop/Internship/makeself_dir_Ey9llo/STM32/plugins/com.st.stm32cube.ide.mcu.externaltools.gnu-tools-for-stm32.13.3.rel1.linux64_1.0.100.202509120712/tools/bin/../lib/gcc/arm-none-eabi/13.3.1/../../../../arm-none-eabi/lib/thumb/v7e-m+fp/hard/libc_nano.a(libc_a-mprec.o)
                0x0810d35c                __copybits
 .text.__any_on
                0x0810d3a2       0x42 /home/george/Desktop/Internship/makeself_dir_Ey9llo/STM32/plugins/com.st.stm32cube.ide.mcu.externaltools.gnu-tools-for-stm32.13.3.rel1.linux64_1.0.100.202509120712/tools/bin/../lib/gcc/arm-none-eabi/13.3.1/../../../../arm-none-eabi/lib/thumb/v7e-m+fp/hard/libc_nano.a(libc_a-mprec.o)
                0x0810d3a2                __any_on
 .text.sulp     0x0810d3e4       0x3c /home/george/Desktop/Internship/makeself_dir_Ey9llo/STM32/plugins/com.st.stm32cube.ide.mcu.externaltools.gnu-tools-for-stm32.13.3.rel1.linux64_1.0.100.202509120712/tools/bin/../lib/gcc/arm-none-eabi/13.3.1/../../../../arm-none-eabi/lib/thumb/v7e-m+fp/hard/libc_nano.a(libc_a-strtod.o)
 .text._strtod_l
                0x0810d420      0xbc8 /home/george/Desktop/Internship/makeself_dir_Ey9llo/STM32/plugins/com.st.stm32cube.ide.mcu.externaltools.gnu-tools-for-stm32.13.3.rel1.linux64_1.0.100.202509120712/tools/bin/../lib/gcc/arm-none-eabi/13.3.1/../../../../arm-none-eabi/lib/thumb/v7e-m+fp/hard/libc_nano.a(libc_a-strtod.o)
                0x0810d420                _strtod_l
 .text._strtod_r
                0x0810dfe8        0xc /home/george/Desktop/Internship/makeself_dir_Ey9llo/STM32/plugins/com.st.stm32cube.ide.mcu.externaltools.gnu-tools-for-stm32.13.3.rel1.linux64_1.0.100.202509120712/tools/bin/../lib/gcc/arm-none-eabi/13.3.1/../../../../arm-none-eabi/lib/thumb/v7e-m+fp/hard/libc_nano.a(libc_a-strtod.o)
                0x0810dfe8                _strtod_r
 .text._strtol_l.isra.0
                0x0810dff4       0xf4 /home/george/Desktop/Internship/makeself_dir_Ey9llo/STM32/plugins/com.st.stm32cube.ide.mcu.externaltools.gnu-tools-for-stm32.13.3.rel1.linux64_1.0.100.202509120712/tools/bin/../lib/gcc/arm-none-eabi/13.3.1/../../../../arm-none-eabi/lib/thumb/v7e-m+fp/hard/libc_nano.a(libc_a-strtol.o)
 .text._strtol_r
                0x0810e0e8        0x4 /home/george/Desktop/Internship/makeself_dir_Ey9llo/STM32/plugins/com.st.stm32cube.ide.mcu.externaltools.gnu-tools-for-stm32.13.3.rel1.linux64_1.0.100.202509120712/tools/bin/../lib/gcc/arm-none-eabi/13.3.1/../../../../arm-none-eabi/lib/thumb/v7e-m+fp/hard/libc_nano.a(libc_a-strtol.o)
                0x0810e0e8                _strtol_r
 .text.__ssputs_r
                0x0810e0ec       0xb6 /home/george/Desktop/Internship/makeself_dir_Ey9llo/STM32/plugins/com.st.stm32cube.ide.mcu.externaltools.gnu-tools-for-stm32.13.3.rel1.linux64_1.0.100.202509120712/tools/bin/../lib/gcc/arm-none-eabi/13.3.1/../../../../arm-none-eabi/lib/thumb/v7e-m+fp/hard/libc_nano.a(libc_a-nano-svfprintf.o)
                0x0810e0ec                __ssputs_r
 *fill*         0x0810e1a2        0x2 
 .text._svfprintf_r
                0x0810e1a4      0x1f8 /home/george/Desktop/Internship/makeself_dir_Ey9llo/STM32/plugins/com.st.stm32cube.ide.mcu.externaltools.gnu-tools-for-stm32.13.3.rel1.linux64_1.0.100.202509120712/tools/bin/../lib/gcc/arm-none-eabi/13.3.1/../../../../arm-none-eabi/lib/thumb/v7e-m+fp/hard/libc_nano.a(libc_a-nano-svfprintf.o)
                0x0810e1a4                _svfprintf_r
                0x0810e1a4                _svfiprintf_r
 .text.__sfputc_r
                0x0810e39c       0x2e /home/george/Desktop/Internship/makeself_dir_Ey9llo/STM32/plugins/com.st.stm32cube.ide.mcu.externaltools.gnu-tools-for-stm32.13.3.rel1.linux64_1.0.100.202509120712/tools/bin/../lib/gcc/arm-none-eabi/13.3.1/../../../../arm-none-eabi/lib/thumb/v7e-m+fp/hard/libc_nano.a(libc_a-nano-vfprintf.o)
 .text.__sfputs_r
                0x0810e3ca       0x24 /home/george/Desktop/Internship/makeself_dir_Ey9llo/STM32/plugins/com.st.stm32cube.ide.mcu.externaltools.gnu-tools-for-stm32.13.3.rel1.linux64_1.0.100.202509120712/tools/bin/../lib/gcc/arm-none-eabi/13.3.1/../../../../arm-none-eabi/lib/thumb/v7e-m+fp/hard/libc_nano.a(libc_a-nano-vfprintf.o)
                0x0810e3ca                __sfputs_r
 *fill*         0x0810e3ee        0x2 
 .text._vfprintf_r
                0x0810e3f0      0x230 /home/george/Desktop/Internship/makeself_dir_Ey9llo/STM32/plugins/com.st.stm32cube.ide.mcu.externaltools.gnu-tools-for-stm32.13.3.rel1.linux64_1.0.100.202509120712/tools/bin/../lib/gcc/arm-none-eabi/13.3.1/../../../../arm-none-eabi/lib/thumb/v7e-m+fp/hard/libc_nano.a(libc_a-nano-vfprintf.o)
                0x0810e3f0                _vfiprintf_r
                0x0810e3f0                _vfprintf_r
 .text.__sflush_r
                0x0810e620      0x108 /home/george/Desktop/Internship/makeself_dir_Ey9llo/STM32/plugins/com.st.stm32cube.ide.mcu.externaltools.gnu-tools-for-stm32.13.3.rel1.linux64_1.0.100.202509120712/tools/bin/../lib/gcc/arm-none-eabi/13.3.1/../../../../arm-none-eabi/lib/thumb/v7e-m+fp/hard/libc_nano.a(libc_a-fflush.o)
                0x0810e620                __sflush_r
 .text._fflush_r
                0x0810e728       0x50 /home/george/Desktop/Internship/makeself_dir_Ey9llo/STM32/plugins/com.st.stm32cube.ide.mcu.externaltools.gnu-tools-for-stm32.13.3.rel1.linux64_1.0.100.202509120712/tools/bin/../lib/gcc/arm-none-eabi/13.3.1/../../../../arm-none-eabi/lib/thumb/v7e-m+fp/hard/libc_nano.a(libc_a-fflush.o)
                0x0810e728                _fflush_r
 .text.__swbuf_r
                0x0810e778       0x7c /home/george/Desktop/Internship/makeself_dir_Ey9llo/STM32/plugins/com.st.stm32cube.ide.mcu.externaltools.gnu-tools-for-stm32.13.3.rel1.linux64_1.0.100.202509120712/tools/bin/../lib/gcc/arm-none-eabi/13.3.1/../../../../arm-none-eabi/lib/thumb/v7e-m+fp/hard/libc_nano.a(libc_a-wbuf.o)
                0x0810e778                __swbuf_r
 .text.__swsetup_r
                0x0810e7f4       0xac /home/george/Desktop/Internship/makeself_dir_Ey9llo/STM32/plugins/com.st.stm32cube.ide.mcu.externaltools.gnu-tools-for-stm32.13.3.rel1.linux64_1.0.100.202509120712/tools/bin/../lib/gcc/arm-none-eabi/13.3.1/../../../../arm-none-eabi/lib/thumb/v7e-m+fp/hard/libc_nano.a(libc_a-wsetup.o)
                0x0810e7f4                __swsetup_r
 .text.memmove  0x0810e8a0       0x34 /home/george/Desktop/Internship/makeself_dir_Ey9llo/STM32/plugins/com.st.stm32cube.ide.mcu.externaltools.gnu-tools-for-stm32.13.3.rel1.linux64_1.0.100.202509120712/tools/bin/../lib/gcc/arm-none-eabi/13.3.1/../../../../arm-none-eabi/lib/thumb/v7e-m+fp/hard/libc_nano.a(libc_a-memmove.o)
                0x0810e8a0                memmove
 .text.strncmp  0x0810e8d4       0x24 /home/george/Desktop/Internship/makeself_dir_Ey9llo/STM32/plugins/com.st.stm32cube.ide.mcu.externaltools.gnu-tools-for-stm32.13.3.rel1.linux64_1.0.100.202509120712/tools/bin/../lib/gcc/arm-none-eabi/13.3.1/../../../../arm-none-eabi/lib/thumb/v7e-m+fp/hard/libc_nano.a(libc_a-strncmp.o)
                0x0810e8d4                strncmp
 .text._sbrk_r  0x0810e8f8       0x20 /home/george/Desktop/Internship/makeself_dir_Ey9llo/STM32/plugins/com.st.stm32cube.ide.mcu.externaltools.gnu-tools-for-stm32.13.3.rel1.linux64_1.0.100.202509120712/tools/bin/../lib/gcc/arm-none-eabi/13.3.1/../../../../arm-none-eabi/lib/thumb/v7e-m+fp/hard/libc_nano.a(libc_a-sbrkr.o)
                0x0810e8f8                _sbrk_r
 .text.nan      0x0810e918       0x10 /home/george/Desktop/Internship/makeself_dir_Ey9llo/STM32/plugins/com.st.stm32cube.ide.mcu.externaltools.gnu-tools-for-stm32.13.3.rel1.linux64_1.0.100.202509120712/tools/bin/../lib/gcc/arm-none-eabi/13.3.1/../../../../arm-none-eabi/lib/thumb/v7e-m+fp/hard/libc_nano.a(libm_a-s_nan.o)
                0x0810e918                nan
 .text.__assert_func
                0x0810e928       0x3c /home/george/Desktop/Internship/makeself_dir_Ey9llo/STM32/plugins/com.st.stm32cube.ide.mcu.externaltools.gnu-tools-for-stm32.13.3.rel1.linux64_1.0.100.202509120712/tools/bin/../lib/gcc/arm-none-eabi/13.3.1/../../../../arm-none-eabi/lib/thumb/v7e-m+fp/hard/libc_nano.a(libc_a-assert.o)
                0x0810e928                __assert_func
 .text._calloc_r
                0x0810e964       0x28 /home/george/Desktop/Internship/makeself_dir_Ey9llo/STM32/plugins/com.st.stm32cube.ide.mcu.externaltools.gnu-tools-for-stm32.13.3.rel1.linux64_1.0.100.202509120712/tools/bin/../lib/gcc/arm-none-eabi/13.3.1/../../../../arm-none-eabi/lib/thumb/v7e-m+fp/hard/libc_nano.a(libc_a-callocr.o)
                0x0810e964                _calloc_r
 .text.rshift   0x0810e98c       0xa4 /home/george/Desktop/Internship/makeself_dir_Ey9llo/STM32/plugins/com.st.stm32cube.ide.mcu.externaltools.gnu-tools-for-stm32.13.3.rel1.linux64_1.0.100.202509120712/tools/bin/../lib/gcc/arm-none-eabi/13.3.1/../../../../arm-none-eabi/lib/thumb/v7e-m+fp/hard/libc_nano.a(libc_a-gdtoa-gethex.o)
 .text.__hexdig_fun
                0x0810ea30       0x2a /home/george/Desktop/Internship/makeself_dir_Ey9llo/STM32/plugins/com.st.stm32cube.ide.mcu.externaltools.gnu-tools-for-stm32.13.3.rel1.linux64_1.0.100.202509120712/tools/bin/../lib/gcc/arm-none-eabi/13.3.1/../../../../arm-none-eabi/lib/thumb/v7e-m+fp/hard/libc_nano.a(libc_a-gdtoa-gethex.o)
                0x0810ea30                __hexdig_fun
 *fill*         0x0810ea5a        0x2 
 .text.__gethex
                0x0810ea5c      0x420 /home/george/Desktop/Internship/makeself_dir_Ey9llo/STM32/plugins/com.st.stm32cube.ide.mcu.externaltools.gnu-tools-for-stm32.13.3.rel1.linux64_1.0.100.202509120712/tools/bin/../lib/gcc/arm-none-eabi/13.3.1/../../../../arm-none-eabi/lib/thumb/v7e-m+fp/hard/libc_nano.a(libc_a-gdtoa-gethex.o)
                0x0810ea5c                __gethex
 .text.L_shift  0x0810ee7c       0x24 /home/george/Desktop/Internship/makeself_dir_Ey9llo/STM32/plugins/com.st.stm32cube.ide.mcu.externaltools.gnu-tools-for-stm32.13.3.rel1.linux64_1.0.100.202509120712/tools/bin/../lib/gcc/arm-none-eabi/13.3.1/../../../../arm-none-eabi/lib/thumb/v7e-m+fp/hard/libc_nano.a(libc_a-gdtoa-hexnan.o)
 .text.__match  0x0810eea0       0x28 /home/george/Desktop/Internship/makeself_dir_Ey9llo/STM32/plugins/com.st.stm32cube.ide.mcu.externaltools.gnu-tools-for-stm32.13.3.rel1.linux64_1.0.100.202509120712/tools/bin/../lib/gcc/arm-none-eabi/13.3.1/../../../../arm-none-eabi/lib/thumb/v7e-m+fp/hard/libc_nano.a(libc_a-gdtoa-hexnan.o)
                0x0810eea0                __match
 .text.__hexnan
                0x0810eec8      0x136 /home/george/Desktop/Internship/makeself_dir_Ey9llo/STM32/plugins/com.st.stm32cube.ide.mcu.externaltools.gnu-tools-for-stm32.13.3.rel1.linux64_1.0.100.202509120712/tools/bin/../lib/gcc/arm-none-eabi/13.3.1/../../../../arm-none-eabi/lib/thumb/v7e-m+fp/hard/libc_nano.a(libc_a-gdtoa-hexnan.o)
                0x0810eec8                __hexnan
 .text.__ascii_mbtowc
                0x0810effe       0x24 /home/george/Desktop/Internship/makeself_dir_Ey9llo/STM32/plugins/com.st.stm32cube.ide.mcu.externaltools.gnu-tools-for-stm32.13.3.rel1.linux64_1.0.100.202509120712/tools/bin/../lib/gcc/arm-none-eabi/13.3.1/../../../../arm-none-eabi/lib/thumb/v7e-m+fp/hard/libc_nano.a(libc_a-mbtowc_r.o)
                0x0810effe                __ascii_mbtowc
 .text._realloc_r
                0x0810f022       0x5c /home/george/Desktop/Internship/makeself_dir_Ey9llo/STM32/plugins/com.st.stm32cube.ide.mcu.externaltools.gnu-tools-for-stm32.13.3.rel1.linux64_1.0.100.202509120712/tools/bin/../lib/gcc/arm-none-eabi/13.3.1/../../../../arm-none-eabi/lib/thumb/v7e-m+fp/hard/libc_nano.a(libc_a-reallocr.o)
                0x0810f022                _realloc_r
 .text.__ascii_wctomb
                0x0810f07e       0x1a /home/george/Desktop/Internship/makeself_dir_Ey9llo/STM32/plugins/com.st.stm32cube.ide.mcu.externaltools.gnu-tools-for-stm32.13.3.rel1.linux64_1.0.100.202509120712/tools/bin/../lib/gcc/arm-none-eabi/13.3.1/../../../../arm-none-eabi/lib/thumb/v7e-m+fp/hard/libc_nano.a(libc_a-wctomb_r.o)
                0x0810f07e                __ascii_wctomb
 .text.fprintf  0x0810f098       0x24 /home/george/Desktop/Internship/makeself_dir_Ey9llo/STM32/plugins/com.st.stm32cube.ide.mcu.externaltools.gnu-tools-for-stm32.13.3.rel1.linux64_1.0.100.202509120712/tools/bin/../lib/gcc/arm-none-eabi/13.3.1/../../../../arm-none-eabi/lib/thumb/v7e-m+fp/hard/libc_nano.a(libc_a-fprintf.o)
                0x0810f098                fprintf
                0x0810f098                fiprintf
 .text.__swhatbuf_r
                0x0810f0bc       0x4c /home/george/Desktop/Internship/makeself_dir_Ey9llo/STM32/plugins/com.st.stm32cube.ide.mcu.externaltools.gnu-tools-for-stm32.13.3.rel1.linux64_1.0.100.202509120712/tools/bin/../lib/gcc/arm-none-eabi/13.3.1/../../../../arm-none-eabi/lib/thumb/v7e-m+fp/hard/libc_nano.a(libc_a-makebuf.o)
                0x0810f0bc                __swhatbuf_r
 .text.__smakebuf_r
                0x0810f108       0x78 /home/george/Desktop/Internship/makeself_dir_Ey9llo/STM32/plugins/com.st.stm32cube.ide.mcu.externaltools.gnu-tools-for-stm32.13.3.rel1.linux64_1.0.100.202509120712/tools/bin/../lib/gcc/arm-none-eabi/13.3.1/../../../../arm-none-eabi/lib/thumb/v7e-m+fp/hard/libc_nano.a(libc_a-makebuf.o)
                0x0810f108                __smakebuf_r
 .text._fstat_r
                0x0810f180       0x24 /home/george/Desktop/Internship/makeself_dir_Ey9llo/STM32/plugins/com.st.stm32cube.ide.mcu.externaltools.gnu-tools-for-stm32.13.3.rel1.linux64_1.0.100.202509120712/tools/bin/../lib/gcc/arm-none-eabi/13.3.1/../../../../arm-none-eabi/lib/thumb/v7e-m+fp/hard/libc_nano.a(libc_a-fstatr.o)
                0x0810f180                _fstat_r
 .text._isatty_r
                0x0810f1a4       0x20 /home/george/Desktop/Internship/makeself_dir_Ey9llo/STM32/plugins/com.st.stm32cube.ide.mcu.externaltools.gnu-tools-for-stm32.13.3.rel1.linux64_1.0.100.202509120712/tools/bin/../lib/gcc/arm-none-eabi/13.3.1/../../../../arm-none-eabi/lib/thumb/v7e-m+fp/hard/libc_nano.a(libc_a-isattyr.o)
                0x0810f1a4                _isatty_r
 .text.abort    0x0810f1c4        0xe /home/george/Desktop/Internship/makeself_dir_Ey9llo/STM32/plugins/com.st.stm32cube.ide.mcu.externaltools.gnu-tools-for-stm32.13.3.rel1.linux64_1.0.100.202509120712/tools/bin/../lib/gcc/arm-none-eabi/13.3.1/../../../../arm-none-eabi/lib/thumb/v7e-m+fp/hard/libc_nano.a(libc_a-abort.o)
                0x0810f1c4                abort
 .text._malloc_usable_size_r
                0x0810f1d2       0x10 /home/george/Desktop/Internship/makeself_dir_Ey9llo/STM32/plugins/com.st.stm32cube.ide.mcu.externaltools.gnu-tools-for-stm32.13.3.rel1.linux64_1.0.100.202509120712/tools/bin/../lib/gcc/arm-none-eabi/13.3.1/../../../../arm-none-eabi/lib/thumb/v7e-m+fp/hard/libc_nano.a(libc_a-msizer.o)
                0x0810f1d2                _malloc_usable_size_r
 .text._raise_r
                0x0810f1e2       0x50 /home/george/Desktop/Internship/makeself_dir_Ey9llo/STM32/plugins/com.st.stm32cube.ide.mcu.externaltools.gnu-tools-for-stm32.13.3.rel1.linux64_1.0.100.202509120712/tools/bin/../lib/gcc/arm-none-eabi/13.3.1/../../../../arm-none-eabi/lib/thumb/v7e-m+fp/hard/libc_nano.a(libc_a-signal.o)
                0x0810f1e2                _raise_r
 *fill*         0x0810f232        0x2 
 .text.raise    0x0810f234       0x10 /home/george/Desktop/Internship/makeself_dir_Ey9llo/STM32/plugins/com.st.stm32cube.ide.mcu.externaltools.gnu-tools-for-stm32.13.3.rel1.linux64_1.0.100.202509120712/tools/bin/../lib/gcc/arm-none-eabi/13.3.1/../../../../arm-none-eabi/lib/thumb/v7e-m+fp/hard/libc_nano.a(libc_a-signal.o)
                0x0810f234                raise
 .text._kill_r  0x0810f244       0x24 /home/george/Desktop/Internship/makeself_dir_Ey9llo/STM32/plugins/com.st.stm32cube.ide.mcu.externaltools.gnu-tools-for-stm32.13.3.rel1.linux64_1.0.100.202509120712/tools/bin/../lib/gcc/arm-none-eabi/13.3.1/../../../../arm-none-eabi/lib/thumb/v7e-m+fp/hard/libc_nano.a(libc_a-signalr.o)
                0x0810f244                _kill_r
 .text._getpid_r
                0x0810f268        0x4 /home/george/Desktop/Internship/makeself_dir_Ey9llo/STM32/plugins/com.st.stm32cube.ide.mcu.externaltools.gnu-tools-for-stm32.13.3.rel1.linux64_1.0.100.202509120712/tools/bin/../lib/gcc/arm-none-eabi/13.3.1/../../../../arm-none-eabi/lib/thumb/v7e-m+fp/hard/libc_nano.a(libc_a-signalr.o)
                0x0810f268                _getpid_r
 *(.glue_7)
 .glue_7        0x0810f26c        0x0 linker stubs
 *(.glue_7t)
 .glue_7t       0x0810f26c        0x0 linker stubs
 *(.eh_frame)
 .eh_frame      0x0810f26c        0x0 /home/george/Desktop/Internship/makeself_dir_Ey9llo/STM32/plugins/com.st.stm32cube.ide.mcu.externaltools.gnu-tools-for-stm32.13.3.rel1.linux64_1.0.100.202509120712/tools/bin/../lib/gcc/arm-none-eabi/13.3.1/thumb/v7e-m+fp/hard/crtbegin.o
 *(.init)
 .init          0x0810f26c        0x4 /home/george/Desktop/Internship/makeself_dir_Ey9llo/STM32/plugins/com.st.stm32cube.ide.mcu.externaltools.gnu-tools-for-stm32.13.3.rel1.linux64_1.0.100.202509120712/tools/bin/../lib/gcc/arm-none-eabi/13.3.1/thumb/v7e-m+fp/hard/crti.o
                0x0810f26c                _init
 .init          0x0810f270        0x8 /home/george/Desktop/Internship/makeself_dir_Ey9llo/STM32/plugins/com.st.stm32cube.ide.mcu.externaltools.gnu-tools-for-stm32.13.3.rel1.linux64_1.0.100.202509120712/tools/bin/../lib/gcc/arm-none-eabi/13.3.1/thumb/v7e-m+fp/hard/crtn.o
 *(.fini)
 .fini          0x0810f278        0x4 /home/george/Desktop/Internship/makeself_dir_Ey9llo/STM32/plugins/com.st.stm32cube.ide.mcu.externaltools.gnu-tools-for-stm32.13.3.rel1.linux64_1.0.100.202509120712/tools/bin/../lib/gcc/arm-none-eabi/13.3.1/thumb/v7e-m+fp/hard/crti.o
                0x0810f278                _fini