Archive member included to satisfy reference by file (symbol)

/opt/st/stm32cubeide_2.0.0/plugins/com.st.stm32cube.ide.mcu.externaltools.gnu-tools-for-stm32.13.3.rel1.linux64_1.0.100.202509120712/tools/bin/../lib/gcc/arm-none-eabi/13.3.1/../../../../arm-none-eabi/lib/thumb/v7e-m+fp/hard/libc_nano.a(libc_a-exit.o)
                              /opt/st/stm32cubeide_2.0.0/plugins/com.st.stm32cube.ide.mcu.externaltools.gnu-tools-for-stm32.13.3.rel1.linux64_1.0.100.202509120712/tools/bin/../lib/gcc/arm-none-eabi/13.3.1/../../../../arm-none-eabi/lib/thumb/v7e-m+fp/hard/crt0.o (exit)
/opt/st/stm32cubeide_2.0.0/plugins/com.st.stm32cube.ide.mcu.externaltools.gnu-tools-for-stm32.13.3.rel1.linux64_1.0.100.202509120712/tools/bin/../lib/gcc/arm-none-eabi/13.3.1/../../../../arm-none-eabi/lib/thumb/v7e-m+fp/hard/libc_nano.a(libc_a-nano-vfprintf_float.o)
                              (_printf_float)
/opt/st/stm32cubeide_2.0.0/plugins/com.st.stm32cube.ide.mcu.externaltools.gnu-tools-for-stm32.13.3.rel1.linux64_1.0.100.202509120712/tools/bin/../lib/gcc/arm-none-eabi/13.3.1/../../../../arm-none-eabi/lib/thumb/v7e-m+fp/hard/libc_nano.a(libc_a-nano-vfprintf_i.o)
                              /opt/st/stm32cubeide_2.0.0/plugins/com.st.stm32cube.ide.mcu.externaltools.gnu-tools-for-stm32.13.3.rel1.linux64_1.0.100.202509120712/tools/bin/../lib/gcc/arm-none-eabi/13.3.1/../../../../arm-none-eabi/lib/thumb/v7e-m+fp/hard/libc_nano.a(libc_a-nano-vfprintf_float.o) (_printf_common)
/opt/st/stm32cubeide_2.0.0/plugins/com.st.stm32cube.ide.mcu.externaltools.gnu-tools-for-stm32.13.3.rel1.linux64_1.0.100.202509120712/tools/bin/../lib/gcc/arm-none-eabi/13.3.1/../../../../arm-none-eabi/lib/thumb/v7e-m+fp/hard/libc_nano.a(libc_a-nano-vfscanf_float.o)
                              (_scanf_float)
/opt/st/stm32cubeide_2.0.0/plugins/com.st.stm32cube.ide.mcu.externaltools.gnu-tools-for-stm32.13.3.rel1.linux64_1.0.100.202509120712/tools/bin/../lib/gcc/arm-none-eabi/13.3.1/../../../../arm-none-eabi/lib/thumb/v7e-m+fp/hard/libc_nano.a(libc_a-findfp.o)
                              /opt/st/stm32cubeide_2.0.0/plugins/com.st.stm32cube.ide.mcu.externaltools.gnu-tools-for-stm32.13.3.rel1.linux64_1.0.100.202509120712/tools/bin/../lib/gcc/arm-none-eabi/13.3.1/../../../../arm-none-eabi/lib/thumb/v7e-m+fp/hard/libc_nano.a(libc_a-exit.o) (__stdio_exit_handler)
/opt/st/stm32cubeide_2.0.0/plugins/com.st.stm32cube.ide.mcu.externaltools.gnu-tools-for-stm32.13.3.rel1.linux64_1.0.100.202509120712/tools/bin/../lib/gcc/arm-none-eabi/13.3.1/../../../../arm-none-eabi/lib/thumb/v7e-m+fp/hard/libc_nano.a(libc_a-fwalk.o)
                              /opt/st/stm32cubeide_2.0.0/plugins/com.st.stm32cube.ide.mcu.externaltools.gnu-tools-for-stm32.13.3.rel1.linux64_1.0.100.202509120712/tools/bin/../lib/gcc/arm-none-eabi/13.3.1/../../../../arm-none-eabi/lib/thumb/v7e-m+fp/hard/libc_nano.a(libc_a-findfp.o) (_fwalk_sglue)
/opt/st/stm32cubeide_2.0.0/plugins/com.st.stm32cube.ide.mcu.externaltools.gnu-tools-for-stm32.13.3.rel1.linux64_1.0.100.202509120712/tools/bin/../lib/gcc/arm-none-eabi/13.3.1/../../../../arm-none-eabi/lib/thumb/v7e-m+fp/hard/libc_nano.a(libc_a-printf.o)
                              ./Application/User/Core/freertos.o (printf)
/opt/st/stm32cubeide_2.0.0/plugins/com.st.stm32cube.ide.mcu.externaltools.gnu-tools-for-stm32.13.3.rel1.linux64_1.0.100.202509120712/tools/bin/../lib/gcc/arm-none-eabi/13.3.1/../../../../arm-none-eabi/lib/thumb/v7e-m+fp/hard/libc_nano.a(libc_a-snprintf.o)
                              ./Application/User/Core/freertos.o (snprintf)
/opt/st/stm32cubeide_2.0.0/plugins/com.st.stm32cube.ide.mcu.externaltools.gnu-tools-for-stm32.13.3.rel1.linux64_1.0.100.202509120712/tools/bin/../lib/gcc/arm-none-eabi/13.3.1/../../../../arm-none-eabi/lib/thumb/v7e-m+fp/hard/libc_nano.a(libc_a-sprintf.o)
                              /opt/st/stm32cubeide_2.0.0/plugins/com.st.stm32cube.ide.mcu.externaltools.gnu-tools-for-stm32.13.3.rel1.linux64_1.0.100.202509120712/tools/bin/../lib/gcc/arm-none-eabi/13.3.1/../../../../arm-none-eabi/lib/thumb/v7e-m+fp/hard/libc_nano.a(libc_a-nano-vfscanf_float.o) (sprintf)
/opt/st/stm32cubeide_2.0.0/plugins/com.st.stm32cube.ide.mcu.externaltools.gnu-tools-for-stm32.13.3.rel1.linux64_1.0.100.202509120712/tools/bin/../lib/gcc/arm-none-eabi/13.3.1/../../../../arm-none-eabi/lib/thumb/v7e-m+fp/hard/libc_nano.a(libc_a-stdio.o)
                              /opt/st/stm32cubeide_2.0.0/plugins/com.st.stm32cube.ide.mcu.externaltools.gnu-tools-for-stm32.13.3.rel1.linux64_1.0.100.202509120712/tools/bin/../lib/gcc/arm-none-eabi/13.3.1/../../../../arm-none-eabi/lib/thumb/v7e-m+fp/hard/libc_nano.a(libc_a-findfp.o) (__sread)
/opt/st/stm32cubeide_2.0.0/plugins/com.st.stm32cube.ide.mcu.externaltools.gnu-tools-for-stm32.13.3.rel1.linux64_1.0.100.202509120712/tools/bin/../lib/gcc/arm-none-eabi/13.3.1/../../../../arm-none-eabi/lib/thumb/v7e-m+fp/hard/libc_nano.a(libc_a-memset.o)
[...]
Memory Configuration

Name             Origin             Length             Attributes
FLASH            0x08100000         0x00100000         xr
RAM              0x10000000         0x00048000         xrw
SHARED_RAM       0x38000000         0x00001000         xrw
*default*        0x00000000         0xffffffff

Linker script and memory map

LOAD /opt/st/stm32cubeide_2.0.0/plugins/com.st.stm32cube.ide.mcu.externaltools.gnu-tools-for-stm32.13.3.rel1.linux64_1.0.100.202509120712/tools/bin/../lib/gcc/arm-none-eabi/13.3.1/thumb/v7e-m+fp/hard/crti.o
LOAD /opt/st/stm32cubeide_2.0.0/plugins/com.st.stm32cube.ide.mcu.externaltools.gnu-tools-for-stm32.13.3.rel1.linux64_1.0.100.202509120712/tools/bin/../lib/gcc/arm-none-eabi/13.3.1/thumb/v7e-m+fp/hard/crtbegin.o
LOAD /opt/st/stm32cubeide_2.0.0/plugins/com.st.stm32cube.ide.mcu.externaltools.gnu-tools-for-stm32.13.3.rel1.linux64_1.0.100.202509120712/tools/bin/../lib/gcc/arm-none-eabi/13.3.1/../../../../arm-none-eabi/lib/thumb/v7e-m+fp/hard/crt0.o
LOAD ./Application/User/Core/freertos.o
LOAD ./Application/User/Core/gpio.o
LOAD ./Application/User/Core/main.o
LOAD ./Application/User/Core/stm32h7xx_hal_msp.o
LOAD ./Application/User/Core/stm32h7xx_hal_timebase_tim.o
LOAD ./Application/User/Core/stm32h7xx_it.o
LOAD ./Application/User/Core/syscalls.o
LOAD ./Application/User/Core/sysmem.o
LOAD ./Application/User/Core/tim.o
LOAD ./Application/User/Core/usart.o
LOAD ./Application/User/Startup/startup_stm32h755zitx.o
LOAD ./Drivers/CMSIS/system_stm32h7xx_dualcore_boot_cm4_cm7.o
LOAD ./Drivers/STM32H7xx_HAL_Driver/stm32h7xx_hal.o
LOAD ./Drivers/STM32H7xx_HAL_Driver/stm32h7xx_hal_cortex.o
LOAD ./Drivers/STM32H7xx_HAL_Driver/stm32h7xx_hal_dma.o
LOAD ./Drivers/STM32H7xx_HAL_Driver/stm32h7xx_hal_dma_ex.o
LOAD ./Drivers/STM32H7xx_HAL_Driver/stm32h7xx_hal_exti.o
LOAD ./Drivers/STM32H7xx_HAL_Driver/stm32h7xx_hal_flash.o
LOAD ./Drivers/STM32H7xx_HAL_Driver/stm32h7xx_hal_flash_ex.o
LOAD ./Drivers/STM32H7xx_HAL_Driver/stm32h7xx_hal_gpio.o
LOAD ./Drivers/STM32H7xx_HAL_Driver/stm32h7xx_hal_hsem.o
LOAD ./Drivers/STM32H7xx_HAL_Driver/stm32h7xx_hal_i2c.o
LOAD ./Drivers/STM32H7xx_HAL_Driver/stm32h7xx_hal_i2c_ex.o
LOAD ./Drivers/STM32H7xx_HAL_Driver/stm32h7xx_hal_mdma.o
LOAD ./Drivers/STM32H7xx_HAL_Driver/stm32h7xx_hal_pwr.o
LOAD ./Drivers/STM32H7xx_HAL_Driver/stm32h7xx_hal_pwr_ex.o
LOAD ./Drivers/STM32H7xx_HAL_Driver/stm32h7xx_hal_rcc.o
LOAD ./Drivers/STM32H7xx_HAL_Driver/stm32h7xx_hal_rcc_ex.o
LOAD ./Drivers/STM32H7xx_HAL_Driver/stm32h7xx_hal_tim.o
LOAD ./Drivers/STM32H7xx_HAL_Driver/stm32h7xx_hal_tim_ex.o
LOAD ./Drivers/STM32H7xx_HAL_Driver/stm32h7xx_hal_uart.o
LOAD ./Drivers/STM32H7xx_HAL_Driver/stm32h7xx_hal_uart_ex.o
LOAD ./Middlewares/FreeRTOS/cmsis_os2.o
LOAD ./Middlewares/FreeRTOS/croutine.o
LOAD ./Middlewares/FreeRTOS/event_groups.o
LOAD ./Middlewares/FreeRTOS/heap_4.o
LOAD ./Middlewares/FreeRTOS/list.o
LOAD ./Middlewares/FreeRTOS/port.o
LOAD ./Middlewares/FreeRTOS/queue.o
LOAD ./Middlewares/FreeRTOS/stream_buffer.o
LOAD ./Middlewares/FreeRTOS/tasks.o
LOAD ./Middlewares/FreeRTOS/timers.o
START GROUP
LOAD /opt/st/stm32cubeide_2.0.0/plugins/com.st.stm32cube.ide.mcu.externaltools.gnu-tools-for-stm32.13.3.rel1.linux64_1.0.100.202509120712/tools/bin/../lib/gcc/arm-none-eabi/13.3.1/../../../../arm-none-eabi/lib/thumb/v7e-m+fp/hard/libc_nano.a
LOAD /opt/st/stm32cubeide_2.0.0/plugins/com.st.stm32cube.ide.mcu.externaltools.gnu-tools-for-stm32.13.3.rel1.linux64_1.0.100.202509120712/tools/bin/../lib/gcc/arm-none-eabi/13.3.1/../../../../arm-none-eabi/lib/thumb/v7e-m+fp/hard/libm.a
END GROUP
START GROUP
LOAD /opt/st/stm32cubeide_2.0.0/plugins/com.st.stm32cube.ide.mcu.externaltools.gnu-tools-for-stm32.13.3.rel1.linux64_1.0.100.202509120712/tools/bin/../lib/gcc/arm-none-eabi/13.3.1/thumb/v7e-m+fp/hard/libgcc.a
LOAD /opt/st/stm32cubeide_2.0.0/plugins/com.st.stm32cube.ide.mcu.externaltools.gnu-tools-for-stm32.13.3.rel1.linux64_1.0.100.202509120712/tools/bin/../lib/gcc/arm-none-eabi/13.3.1/../../../../arm-none-eabi/lib/thumb/v7e-m+fp/hard/libc_nano.a
END GROUP
START GROUP
LOAD /opt/st/stm32cubeide_2.0.0/plugins/com.st.stm32cube.ide.mcu.externaltools.gnu-tools-for-stm32.13.3.rel1.linux64_1.0.100.202509120712/tools/bin/../lib/gcc/arm-none-eabi/13.3.1/thumb/v7e-m+fp/hard/libgcc.a
LOAD /opt/st/stm32cubeide_2.0.0/plugins/com.st.stm32cube.ide.mcu.externaltools.gnu-tools-for-stm32.13.3.rel1.linux64_1.0.100.202509120712/tools/bin/../lib/gcc/arm-none-eabi/13.3.1/../../../../arm-none-eabi/lib/thumb/v7e-m+fp/hard/libc_nano.a
LOAD /opt/st/stm32cubeide_2.0.0/plugins/com.st.stm32cube.ide.mcu.externaltools.gnu-tools-for-stm32.13.3.rel1.linux64_1.0.100.202509120712/tools/bin/../lib/gcc/arm-none-eabi/13.3.1/../../../../arm-none-eabi/lib/thumb/v7e-m+fp/hard/libnosys.a
END GROUP
START GROUP
LOAD /opt/st/stm32cubeide_2.0.0/plugins/com.st.stm32cube.ide.mcu.externaltools.gnu-tools-for-stm32.13.3.rel1.linux64_1.0.100.202509120712/tools/bin/../lib/gcc/arm-none-eabi/13.3.1/thumb/v7e-m+fp/hard/libgcc.a
LOAD /opt/st/stm32cubeide_2.0.0/plugins/com.st.stm32cube.ide.mcu.externaltools.gnu-tools-for-stm32.13.3.rel1.linux64_1.0.100.202509120712/tools/bin/../lib/gcc/arm-none-eabi/13.3.1/../../../../arm-none-eabi/lib/thumb/v7e-m+fp/hard/libc_nano.a
LOAD /opt/st/stm32cubeide_2.0.0/plugins/com.st.stm32cube.ide.mcu.externaltools.gnu-tools-for-stm32.13.3.rel1.linux64_1.0.100.202509120712/tools/bin/../lib/gcc/arm-none-eabi/13.3.1/../../../../arm-none-eabi/lib/thumb/v7e-m+fp/hard/libnosys.a
END GROUP
LOAD /opt/st/stm32cubeide_2.0.0/plugins/com.st.stm32cube.ide.mcu.externaltools.gnu-tools-for-stm32.13.3.rel1.linux64_1.0.100.202509120712/tools/bin/../lib/gcc/arm-none-eabi/13.3.1/thumb/v7e-m+fp/hard/crtend.o
LOAD /opt/st/stm32cubeide_2.0.0/plugins/com.st.stm32cube.ide.mcu.externaltools.gnu-tools-for-stm32.13.3.rel1.linux64_1.0.100.202509120712/tools/bin/../lib/gcc/arm-none-eabi/13.3.1/thumb/v7e-m+fp/hard/crtn.o
                0x10048000                        _estack = (ORIGIN (RAM) + LENGTH (RAM))
                0x00000200                        _Min_Heap_Size = 0x200
                0x00000400                        _Min_Stack_Size = 0x400

.isr_vector     0x08100000      0x298
                0x08100000                        . = ALIGN (0x4)
 *(.isr_vector)
 .isr_vector    0x08100000      0x298 ./Application/User/Startup/startup_stm32h755zitx.o
                0x08100000                g_pfnVectors
                0x08100298                        . = ALIGN (0x4)

.text           0x081002a0     0xf164
                0x081002a0                        . = ALIGN (0x4)
 *(.text)
 .text          0x081002a0       0x40 /opt/st/stm32cubeide_2.0.0/plugins/com.st.stm32cube.ide.mcu.externaltools.gnu-tools-for-stm32.13.3.rel1.linux64_1.0.100.202509120712/tools/bin/../lib/gcc/arm-none-eabi/13.3.1/thumb/v7e-m+fp/hard/crtbegin.o
 .text          0x081002e0       0xa0 /opt/st/stm32cubeide_2.0.0/plugins/com.st.stm32cube.ide.mcu.externaltools.gnu-tools-for-stm32.13.3.rel1.linux64_1.0.100.202509120712/tools/bin/../lib/gcc/arm-none-eabi/13.3.1/../../../../arm-none-eabi/lib/thumb/v7e-m+fp/hard/libc_nano.a(libc_a-memchr.o)
                0x081002e0                memchr
 .text          0x08100380       0x10 /opt/st/stm32cubeide_2.0.0/plugins/com.st.stm32cube.ide.mcu.externaltools.gnu-tools-for-stm32.13.3.rel1.linux64_1.0.100.202509120712/tools/bin/../lib/gcc/arm-none-eabi/13.3.1/../../../../arm-none-eabi/lib/thumb/v7e-m+fp/hard/libc_nano.a(libc_a-strlen.o)
                0x08100380                strlen
 .text          0x08100390      0x378 /opt/st/stm32cubeide_2.0.0/plugins/com.st.stm32cube.ide.mcu.externaltools.gnu-tools-for-stm32.13.3.rel1.linux64_1.0.100.202509120712/tools/bin/../lib/gcc/arm-none-eabi/13.3.1/thumb/v7e-m+fp/hard/libgcc.a(_arm_addsubdf3.o)
                0x08100390                __aeabi_drsub
                0x08100398                __aeabi_dsub
                0x08100398                __subdf3
                0x0810039c                __adddf3
                0x0810039c                __aeabi_dadd
                0x08100614                __aeabi_ui2d
                0x08100614                __floatunsidf
                0x08100634                __floatsidf
                0x08100634                __aeabi_i2d
                0x08100658                __extendsfdf2
                0x08100658                __aeabi_f2d
                0x0810069c                __aeabi_ul2d
                0x0810069c                __floatundidf
                0x081006ac                __floatdidf
                0x081006ac                __aeabi_l2d
 .text          0x08100708      0x424 /opt/st/stm32cubeide_2.0.0/plugins/com.st.stm32cube.ide.mcu.externaltools.gnu-tools-for-stm32.13.3.rel1.linux64_1.0.100.202509120712/tools/bin/../lib/gcc/arm-none-eabi/13.3.1/thumb/v7e-m+fp/hard/libgcc.a(_arm_muldivdf3.o)
                0x08100708                __aeabi_dmul
                0x08100708                __muldf3
                0x0810095c                __aeabi_ddiv
                0x0810095c                __divdf3
 .text          0x08100b2c      0x110 /opt/st/stm32cubeide_2.0.0/plugins/com.st.stm32cube.ide.mcu.externaltools.gnu-tools-for-stm32.13.3.rel1.linux64_1.0.100.202509120712/tools/bin/../lib/gcc/arm-none-eabi/13.3.1/thumb/v7e-m+fp/hard/libgcc.a(_arm_cmpdf2.o)
                0x08100b2c                __gtdf2
                0x08100b2c                __gedf2
                0x08100b34                __ltdf2
                0x08100b34                __ledf2
                0x08100b3c                __cmpdf2
                0x08100b3c                __eqdf2
                0x08100b3c                __nedf2
                0x08100bb8                __aeabi_cdrcmple
                0x08100bc8                __aeabi_cdcmple
                0x08100bc8                __aeabi_cdcmpeq
                0x08100bd8                __aeabi_dcmpeq
                0x08100bec                __aeabi_dcmplt
                0x08100c00                __aeabi_dcmple
                0x08100c14                __aeabi_dcmpge
                0x08100c28                __aeabi_dcmpgt
 .text          0x08100c3c       0x2c /opt/st/stm32cubeide_2.0.0/plugins/com.st.stm32cube.ide.mcu.externaltools.gnu-tools-for-stm32.13.3.rel1.linux64_1.0.100.202509120712/tools/bin/../lib/gcc/arm-none-eabi/13.3.1/thumb/v7e-m+fp/hard/libgcc.a(_arm_unorddf2.o)
                0x08100c3c                __aeabi_dcmpun
                0x08100c3c                __unorddf2
 .text          0x08100c68       0x50 /opt/st/stm32cubeide_2.0.0/plugins/com.st.stm32cube.ide.mcu.externaltools.gnu-tools-for-stm32.13.3.rel1.linux64_1.0.100.202509120712/tools/bin/../lib/gcc/arm-none-eabi/13.3.1/thumb/v7e-m+fp/hard/libgcc.a(_arm_fixdfsi.o)
                0x08100c68                __fixdfsi
                0x08100c68                __aeabi_d2iz
 .text          0x08100cb8       0x40 /opt/st/stm32cubeide_2.0.0/plugins/com.st.stm32cube.ide.mcu.externaltools.gnu-tools-for-stm32.13.3.rel1.linux64_1.0.100.202509120712/tools/bin/../lib/gcc/arm-none-eabi/13.3.1/thumb/v7e-m+fp/hard/libgcc.a(_arm_fixunsdfsi.o)
                0x08100cb8                __fixunsdfsi
                0x08100cb8                __aeabi_d2uiz
 .text          0x08100cf8       0xa0 /opt/st/stm32cubeide_2.0.0/plugins/com.st.stm32cube.ide.mcu.externaltools.gnu-tools-for-stm32.13.3.rel1.linux64_1.0.100.202509120712/tools/bin/../lib/gcc/arm-none-eabi/13.3.1/thumb/v7e-m+fp/hard/libgcc.a(_arm_truncdfsf2.o)
                0x08100cf8                __aeabi_d2f
                0x08100cf8                __truncdfsf2
 .text          0x08100d98       0x30 /opt/st/stm32cubeide_2.0.0/plugins/com.st.stm32cube.ide.mcu.externaltools.gnu-tools-for-stm32.13.3.rel1.linux64_1.0.100.202509120712/tools/bin/../lib/gcc/arm-none-eabi/13.3.1/thumb/v7e-m+fp/hard/libgcc.a(_aeabi_uldivmod.o)
                0x08100d98                __aeabi_uldivmod
 .text          0x08100dc8       0x30 /opt/st/stm32cubeide_2.0.0/plugins/com.st.stm32cube.ide.mcu.externaltools.gnu-tools-for-stm32.13.3.rel1.linux64_1.0.100.202509120712/tools/bin/../lib/gcc/arm-none-eabi/13.3.1/thumb/v7e-m+fp/hard/libgcc.a(_fixdfdi.o)
                0x08100dc8                __aeabi_d2lz
                0x08100dc8                __fixdfdi
 .text          0x08100df8       0x3c /opt/st/stm32cubeide_2.0.0/plugins/com.st.stm32cube.ide.mcu.externaltools.gnu-tools-for-stm32.13.3.rel1.linux64_1.0.100.202509120712/tools/bin/../lib/gcc/arm-none-eabi/13.3.1/thumb/v7e-m+fp/hard/libgcc.a(_fixunsdfdi.o)
                0x08100df8                __aeabi_d2ulz
                0x08100df8                __fixunsdfdi
 .text          0x08100e34      0x2f8 /opt/st/stm32cubeide_2.0.0/plugins/com.st.stm32cube.ide.mcu.externaltools.gnu-tools-for-stm32.13.3.rel1.linux64_1.0.100.202509120712/tools/bin/../lib/gcc/arm-none-eabi/13.3.1/thumb/v7e-m+fp/hard/libgcc.a(_udivmoddi4.o)
                0x08100e34                __udivmoddi4
 .text          0x0810112c        0x4 /opt/st/stm32cubeide_2.0.0/plugins/com.st.stm32cube.ide.mcu.externaltools.gnu-tools-for-stm32.13.3.rel1.linux64_1.0.100.202509120712/tools/bin/../lib/gcc/arm-none-eabi/13.3.1/thumb/v7e-m+fp/hard/libgcc.a(_dvmd_tls.o)
                0x0810112c                __aeabi_ldiv0
                0x0810112c                __aeabi_idiv0
 *(.text*)
 .text.MX_FREERTOS_Init
                0x08101130       0x58 ./Application/User/Core/freertos.o
                0x08101130                MX_FREERTOS_Init
 .text.StartDefaultTask
                0x08101188       0x10 ./Application/User/Core/freertos.o
                0x08101188                StartDefaultTask
 .text.Encodetransmit
                0x08101198       0x50 ./Application/User/Core/freertos.o
                0x08101198                Encodetransmit
 .text.Board1_M4_transmit
                0x081011e8       0x8c ./Application/User/Core/freertos.o
                0x081011e8                Board1_M4_transmit
 .text.Notify_M7_via_HSEM
                0x08101274       0x26 ./Application/User/Core/freertos.o
 *fill*         0x0810129a        0x2 
 .text.HAL_GPIO_EXTI_Callback
                0x0810129c      0x118 ./Application/User/Core/freertos.o
                0x0810129c                HAL_GPIO_EXTI_Callback
 .text.MX_GPIO_Init
                0x081013b4       0xfc ./Application/User/Core/gpio.o
                0x081013b4                MX_GPIO_Init
 .text.main     0x081014b0       0x98 ./Application/User/Core/main.o
                0x081014b0                main
 .text.HAL_TIM_PeriodElapsedCallback
                0x08101548       0x3c ./Application/User/Core/main.o
                0x08101548                HAL_TIM_PeriodElapsedCallback
 .text.Error_Handler
                0x08101584        0xc ./Application/User/Core/main.o
                0x08101584                Error_Handler
 .text.HAL_MspInit
                0x08101590       0x4c ./Application/User/Core/stm32h7xx_hal_msp.o
                0x08101590                HAL_MspInit
 .text.HAL_InitTick
                0x081015dc       0xd8 ./Application/User/Core/stm32h7xx_hal_timebase_tim.o
                0x081015dc                HAL_InitTick
 .text.NMI_Handler
                0x081016b4        0x8 ./Application/User/Core/stm32h7xx_it.o
                0x081016b4                NMI_Handler
 .text.HardFault_Handler
                0x081016bc        0x8 ./Application/User/Core/stm32h7xx_it.o
                0x081016bc                HardFault_Handler
 .text.MemManage_Handler
                0x081016c4        0x8 ./Application/User/Core/stm32h7xx_it.o
                0x081016c4                MemManage_Handler
 .text.BusFault_Handler
                0x081016cc        0x8 ./Application/User/Core/stm32h7xx_it.o
                0x081016cc                BusFault_Handler
 .text.UsageFault_Handler
                0x081016d4        0x8 ./Application/User/Core/stm32h7xx_it.o
                0x081016d4                UsageFault_Handler
 .text.DebugMon_Handler
                0x081016dc        0xe ./Application/User/Core/stm32h7xx_it.o
                0x081016dc                DebugMon_Handler
 .text.EXTI9_5_IRQHandler
                0x081016ea       0x10 ./Application/User/Core/stm32h7xx_it.o
                0x081016ea                EXTI9_5_IRQHandler
 *fill*         0x081016fa        0x2 
 .text.TIM2_IRQHandler
                0x081016fc       0x14 ./Application/User/Core/stm32h7xx_it.o
                0x081016fc                TIM2_IRQHandler
 .text.TIM4_IRQHandler
                0x08101710       0x14 ./Application/User/Core/stm32h7xx_it.o
                0x08101710                TIM4_IRQHandler
 .text.USART2_IRQHandler
                0x08101724       0x14 ./Application/User/Core/stm32h7xx_it.o
                0x08101724                USART2_IRQHandler
 .text.EXTI15_10_IRQHandler
                0x08101738       0x20 ./Application/User/Core/stm32h7xx_it.o
                0x08101738                EXTI15_10_IRQHandler
 .text.HSEM2_IRQHandler
                0x08101758        0xc ./Application/User/Core/stm32h7xx_it.o
                0x08101758                HSEM2_IRQHandler
 .text._getpid  0x08101764       0x10 ./Application/User/Core/syscalls.o
                0x08101764                _getpid
 .text._kill    0x08101774       0x20 ./Application/User/Core/syscalls.o
                0x08101774                _kill
 .text._exit    0x08101794       0x16 ./Application/User/Core/syscalls.o
                0x08101794                _exit
 .text._read    0x081017aa       0x3a ./Application/User/Core/syscalls.o
                0x081017aa                _read
 .text._close   0x081017e4       0x18 ./Application/User/Core/syscalls.o
                0x081017e4                _close
 .text._fstat   0x081017fc       0x20 ./Application/User/Core/syscalls.o
                0x081017fc                _fstat
 .text._isatty  0x0810181c       0x16 ./Application/User/Core/syscalls.o
                0x0810181c                _isatty
 .text._lseek   0x08101832       0x1a ./Application/User/Core/syscalls.o
                0x08101832                _lseek
 .text._sbrk    0x0810184c       0x6c ./Application/User/Core/sysmem.o
                0x0810184c                _sbrk
 .text.MX_TIM2_Init
                0x081018b8       0xa4 ./Application/User/Core/tim.o
                0x081018b8                MX_TIM2_Init
 .text.HAL_TIM_Base_MspInit
                0x0810195c       0x4c ./Application/User/Core/tim.o
                0x0810195c                HAL_TIM_Base_MspInit
 .text.MX_USART2_UART_Init
                0x081019a8       0x98 ./Application/User/Core/usart.o
                0x081019a8                MX_USART2_UART_Init
 .text.MX_USART3_UART_Init
                0x08101a40       0x98 ./Application/User/Core/usart.o
                0x08101a40                MX_USART3_UART_Init
 .text.HAL_UART_MspInit
                0x08101ad8      0x1cc ./Application/User/Core/usart.o
                0x08101ad8                HAL_UART_MspInit
 .text._write   0x08101ca4       0x2c ./Application/User/Core/usart.o
                0x08101ca4                _write
 .text.Reset_Handler
                0x08101cd0       0x54 ./Application/User/Startup/startup_stm32h755zitx.o
                0x08101cd0                Reset_Handler
 .text.Default_Handler
                0x08101d24        0x2 ./Application/User/Startup/startup_stm32h755zitx.o
                0x08101d24                RTC_Alarm_IRQHandler
                0x08101d24                HASH_RNG_IRQHandler
                0x08101d24                EXTI2_IRQHandler
                0x08101d24                TIM8_CC_IRQHandler
                0x08101d24                HRTIM1_Master_IRQHandler
                0x08101d24                UART8_IRQHandler
                0x08101d24                SPI4_IRQHandler
                0x08101d24                TIM1_CC_IRQHandler
                0x08101d24                BDMA_Channel6_IRQHandler
                0x08101d24                DMA2_Stream5_IRQHandler
                0x08101d24                HRTIM1_FLT_IRQHandler
                0x08101d24                JPEG_IRQHandler
                0x08101d24                DMA1_Stream5_IRQHandler
                0x08101d24                BDMA_Channel1_IRQHandler
                0x08101d24                HRTIM1_TIMD_IRQHandler
                0x08101d24                TAMP_STAMP_IRQHandler
                0x08101d24                EXTI3_IRQHandler
                0x08101d24                LPTIM4_IRQHandler
                0x08101d24                TIM8_TRG_COM_TIM14_IRQHandler
                0x08101d24                LPTIM2_IRQHandler
                0x08101d24                DFSDM1_FLT1_IRQHandler
                0x08101d24                DMAMUX2_OVR_IRQHandler
                0x08101d24                TIM8_UP_TIM13_IRQHandler
                0x08101d24                I2C3_ER_IRQHandler
                0x08101d24                DFSDM1_FLT2_IRQHandler
                0x08101d24                MDMA_IRQHandler
                0x08101d24                LPTIM3_IRQHandler
                0x08101d24                HSEM1_IRQHandler
                0x08101d24                EXTI0_IRQHandler
                0x08101d24                I2C2_EV_IRQHandler
                0x08101d24                DMA1_Stream2_IRQHandler
                0x08101d24                FPU_IRQHandler
                0x08101d24                OTG_HS_WKUP_IRQHandler
                0x08101d24                FDCAN1_IT1_IRQHandler
                0x08101d24                LTDC_ER_IRQHandler
                0x08101d24                DMA2_Stream2_IRQHandler
                0x08101d24                HRTIM1_TIME_IRQHandler
                0x08101d24                SPI1_IRQHandler
                0x08101d24                TIM6_DAC_IRQHandler
                0x08101d24                DCMI_IRQHandler
                0x08101d24                HRTIM1_TIMC_IRQHandler
                0x08101d24                DMA2_Stream3_IRQHandler
                0x08101d24                SAI2_IRQHandler
                0x08101d24                DFSDM1_FLT3_IRQHandler
                0x08101d24                USART6_IRQHandler
                0x08101d24                TIM17_IRQHandler
                0x08101d24                USART3_IRQHandler
                0x08101d24                BDMA_Channel7_IRQHandler
                0x08101d24                CRYP_IRQHandler
                0x08101d24                LPTIM5_IRQHandler
                0x08101d24                UART5_IRQHandler
                0x08101d24                ADC3_IRQHandler
                0x08101d24                DMA2_Stream0_IRQHandler
                0x08101d24                BDMA_Channel2_IRQHandler
                0x08101d24                QUADSPI_IRQHandler
                0x08101d24                I2C1_EV_IRQHandler
                0x08101d24                DMA1_Stream6_IRQHandler
                0x08101d24                DMAMUX1_OVR_IRQHandler
                0x08101d24                DMA1_Stream1_IRQHandler
                0x08101d24                TIM16_IRQHandler
                0x08101d24                UART4_IRQHandler
                0x08101d24                BDMA_Channel5_IRQHandler
                0x08101d24                TIM3_IRQHandler
                0x08101d24                RCC_IRQHandler
                0x08101d24                TIM8_BRK_TIM12_IRQHandler
                0x08101d24                TIM1_TRG_COM_IRQHandler
                0x08101d24                Default_Handler
                0x08101d24                ECC_IRQHandler
                0x08101d24                CEC_IRQHandler
                0x08101d24                BDMA_Channel0_IRQHandler
                0x08101d24                ADC_IRQHandler
                0x08101d24                DMA1_Stream7_IRQHandler
                0x08101d24                HRTIM1_TIMA_IRQHandler
                0x08101d24                SPI5_IRQHandler
                0x08101d24                TIM7_IRQHandler
                0x08101d24                SDMMC1_IRQHandler
                0x08101d24                TIM5_IRQHandler
                0x08101d24                DMA2_Stream7_IRQHandler
                0x08101d24                TIM15_IRQHandler
                0x08101d24                PVD_AVD_IRQHandler
                0x08101d24                I2C3_EV_IRQHandler
                0x08101d24                RTC_WKUP_IRQHandler
                0x08101d24                LTDC_IRQHandler
                0x08101d24                SAI3_IRQHandler
                0x08101d24                ETH_WKUP_IRQHandler
                0x08101d24                SPDIF_RX_IRQHandler
                0x08101d24                SPI2_IRQHandler
                0x08101d24                OTG_HS_EP1_IN_IRQHandler
                0x08101d24                DMA1_Stream0_IRQHandler
                0x08101d24                CRS_IRQHandler
                0x08101d24                CM7_SEV_IRQHandler
                0x08101d24                EXTI4_IRQHandler
                0x08101d24                CM4_SEV_IRQHandler
                0x08101d24                HRTIM1_TIMB_IRQHandler
                0x08101d24                FDCAN2_IT1_IRQHandler
                0x08101d24                ETH_IRQHandler
                0x08101d24                TIM1_UP_IRQHandler
                0x08101d24                WWDG_RST_IRQHandler
                0x08101d24                BDMA_Channel4_IRQHandler
                0x08101d24                OTG_HS_EP1_OUT_IRQHandler
                0x08101d24                WWDG_IRQHandler
                0x08101d24                SPI6_IRQHandler
                0x08101d24                MDIOS_IRQHandler
                0x08101d24                I2C4_EV_IRQHandler
                0x08101d24                FDCAN2_IT0_IRQHandler
                0x08101d24                LPUART1_IRQHandler
                0x08101d24                FDCAN1_IT0_IRQHandler
                0x08101d24                OTG_FS_WKUP_IRQHandler
                0x08101d24                OTG_HS_IRQHandler
                0x08101d24                DMA2D_IRQHandler
                0x08101d24                TIM1_BRK_IRQHandler
                0x08101d24                EXTI1_IRQHandler
                0x08101d24                SDMMC2_IRQHandler
                0x08101d24                OTG_FS_EP1_OUT_IRQHandler
                0x08101d24                BDMA_Channel3_IRQHandler
                0x08101d24                HOLD_CORE_IRQHandler
                0x08101d24                UART7_IRQHandler
                0x08101d24                MDIOS_WKUP_IRQHandler
                0x08101d24                DFSDM1_FLT0_IRQHandler
                0x08101d24                SAI4_IRQHandler
                0x08101d24                I2C2_ER_IRQHandler
                0x08101d24                DMA2_Stream1_IRQHandler
                0x08101d24                FLASH_IRQHandler
                0x08101d24                DMA2_Stream4_IRQHandler
                0x08101d24                USART1_IRQHandler
                0x08101d24                OTG_FS_IRQHandler
                0x08101d24                SPI3_IRQHandler
                0x08101d24                WAKEUP_PIN_IRQHandler
                0x08101d24                DMA1_Stream4_IRQHandler
                0x08101d24                OTG_FS_EP1_IN_IRQHandler
                0x08101d24                I2C1_ER_IRQHandler
                0x08101d24                FMC_IRQHandler
                0x08101d24                FDCAN_CAL_IRQHandler
                0x08101d24                SWPMI1_IRQHandler
                0x08101d24                COMP1_IRQHandler
                0x08101d24                LPTIM1_IRQHandler
                0x08101d24                I2C4_ER_IRQHandler
                0x08101d24                DMA2_Stream6_IRQHandler
                0x08101d24                SAI1_IRQHandler
                0x08101d24                DMA1_Stream3_IRQHandler
 *fill*         0x08101d26        0x2 
 .text.SystemInit
                0x08101d28       0x30 ./Drivers/CMSIS/system_stm32h7xx_dualcore_boot_cm4_cm7.o
                0x08101d28                SystemInit
 .text.ExitRun0Mode
                0x08101d58       0x30 ./Drivers/CMSIS/system_stm32h7xx_dualcore_boot_cm4_cm7.o
                0x08101d58                ExitRun0Mode
 .text.HAL_Init
                0x08101d88       0xbc ./Drivers/STM32H7xx_HAL_Driver/stm32h7xx_hal.o
                0x08101d88                HAL_Init
 .text.HAL_IncTick
                0x08101e44       0x28 ./Drivers/STM32H7xx_HAL_Driver/stm32h7xx_hal.o
                0x08101e44                HAL_IncTick
 .text.HAL_GetTick
                0x08101e6c       0x18 ./Drivers/STM32H7xx_HAL_Driver/stm32h7xx_hal.o
                0x08101e6c                HAL_GetTick
 .text.__NVIC_SetPriorityGrouping
                0x08101e84       0x48 ./Drivers/STM32H7xx_HAL_Driver/stm32h7xx_hal_cortex.o
 .text.__NVIC_GetPriorityGrouping
                0x08101ecc       0x1c ./Drivers/STM32H7xx_HAL_Driver/stm32h7xx_hal_cortex.o
 .text.__NVIC_EnableIRQ
                0x08101ee8       0x3c ./Drivers/STM32H7xx_HAL_Driver/stm32h7xx_hal_cortex.o
 .text.__NVIC_SetPriority
                0x08101f24       0x54 ./Drivers/STM32H7xx_HAL_Driver/stm32h7xx_hal_cortex.o
 .text.NVIC_EncodePriority
                0x08101f78       0x66 ./Drivers/STM32H7xx_HAL_Driver/stm32h7xx_hal_cortex.o
 .text.HAL_NVIC_SetPriorityGrouping
                0x08101fde       0x16 ./Drivers/STM32H7xx_HAL_Driver/stm32h7xx_hal_cortex.o
                0x08101fde                HAL_NVIC_SetPriorityGrouping
 .text.HAL_NVIC_SetPriority
                0x08101ff4       0x34 ./Drivers/STM32H7xx_HAL_Driver/stm32h7xx_hal_cortex.o
                0x08101ff4                HAL_NVIC_SetPriority
 .text.HAL_NVIC_EnableIRQ
                0x08102028       0x1c ./Drivers/STM32H7xx_HAL_Driver/stm32h7xx_hal_cortex.o
                0x08102028                HAL_NVIC_EnableIRQ
 .text.HAL_GetCurrentCPUID
                0x08102044       0x24 ./Drivers/STM32H7xx_HAL_Driver/stm32h7xx_hal_cortex.o
                0x08102044                HAL_GetCurrentCPUID
 .text.HAL_DMA_Abort
                0x08102068      0x63c ./Drivers/STM32H7xx_HAL_Driver/stm32h7xx_hal_dma.o
                0x08102068                HAL_DMA_Abort
 .text.HAL_DMA_Abort_IT
                0x081026a4      0x48c ./Drivers/STM32H7xx_HAL_Driver/stm32h7xx_hal_dma.o
                0x081026a4                HAL_DMA_Abort_IT
 .text.HAL_GPIO_Init
                0x08102b30      0x360 ./Drivers/STM32H7xx_HAL_Driver/stm32h7xx_hal_gpio.o
                0x08102b30                HAL_GPIO_Init
 .text.HAL_GPIO_EXTI_IRQHandler
                0x08102e90       0x34 ./Drivers/STM32H7xx_HAL_Driver/stm32h7xx_hal_gpio.o
                0x08102e90                HAL_GPIO_EXTI_IRQHandler
 .text.HAL_HSEM_FastTake
                0x08102ec4       0x34 ./Drivers/STM32H7xx_HAL_Driver/stm32h7xx_hal_hsem.o
                0x08102ec4                HAL_HSEM_FastTake
 .text.HAL_HSEM_Release
                0x08102ef8       0x28 ./Drivers/STM32H7xx_HAL_Driver/stm32h7xx_hal_hsem.o
                0x08102ef8                HAL_HSEM_Release
 .text.HAL_HSEM_ActivateNotification
                0x08102f20       0x24 ./Drivers/STM32H7xx_HAL_Driver/stm32h7xx_hal_hsem.o
                0x08102f20                HAL_HSEM_ActivateNotification
 .text.HAL_HSEM_IRQHandler
                0x08102f44       0x34 ./Drivers/STM32H7xx_HAL_Driver/stm32h7xx_hal_hsem.o
                0x08102f44                HAL_HSEM_IRQHandler
 .text.HAL_HSEM_FreeCallback
                0x08102f78       0x14 ./Drivers/STM32H7xx_HAL_Driver/stm32h7xx_hal_hsem.o
                0x08102f78                HAL_HSEM_FreeCallback
 .text.HAL_PWREx_EnterSTOPMode
                0x08102f8c       0xf4 ./Drivers/STM32H7xx_HAL_Driver/stm32h7xx_hal_pwr_ex.o
                0x08102f8c                HAL_PWREx_EnterSTOPMode
 .text.HAL_PWREx_ClearPendingEvent
                0x08103080       0x1a ./Drivers/STM32H7xx_HAL_Driver/stm32h7xx_hal_pwr_ex.o
                0x08103080                HAL_PWREx_ClearPendingEvent
 *fill*         0x0810309a        0x2 
 .text.HAL_RCC_GetSysClockFreq
                0x0810309c      0x2f4 ./Drivers/STM32H7xx_HAL_Driver/stm32h7xx_hal_rcc.o
                0x0810309c                HAL_RCC_GetSysClockFreq
 .text.HAL_RCC_GetHCLKFreq
                0x08103390       0x64 ./Drivers/STM32H7xx_HAL_Driver/stm32h7xx_hal_rcc.o
                0x08103390                HAL_RCC_GetHCLKFreq
 .text.HAL_RCC_GetPCLK1Freq
                0x081033f4       0x2c ./Drivers/STM32H7xx_HAL_Driver/stm32h7xx_hal_rcc.o
                0x081033f4                HAL_RCC_GetPCLK1Freq
 .text.HAL_RCC_GetPCLK2Freq
                0x08103420       0x2c ./Drivers/STM32H7xx_HAL_Driver/stm32h7xx_hal_rcc.o
                0x08103420                HAL_RCC_GetPCLK2Freq
 .text.HAL_RCC_GetClockConfig
                0x0810344c       0x84 ./Drivers/STM32H7xx_HAL_Driver/stm32h7xx_hal_rcc.o
                0x0810344c                HAL_RCC_GetClockConfig
 .text.HAL_RCCEx_PeriphCLKConfig
                0x081034d0     0x1414 ./Drivers/STM32H7xx_HAL_Driver/stm32h7xx_hal_rcc_ex.o
                0x081034d0                HAL_RCCEx_PeriphCLKConfig
 .text.HAL_RCCEx_GetD3PCLK1Freq
                0x081048e4       0x2c ./Drivers/STM32H7xx_HAL_Driver/stm32h7xx_hal_rcc_ex.o
                0x081048e4                HAL_RCCEx_GetD3PCLK1Freq
 .text.HAL_RCCEx_GetPLL2ClockFreq
                0x08104910      0x2a8 ./Drivers/STM32H7xx_HAL_Driver/stm32h7xx_hal_rcc_ex.o
                0x08104910                HAL_RCCEx_GetPLL2ClockFreq
 .text.HAL_RCCEx_GetPLL3ClockFreq
                0x08104bb8      0x2a8 ./Drivers/STM32H7xx_HAL_Driver/stm32h7xx_hal_rcc_ex.o
                0x08104bb8                HAL_RCCEx_GetPLL3ClockFreq
 .text.RCCEx_PLL2_Config
                0x08104e60      0x164 ./Drivers/STM32H7xx_HAL_Driver/stm32h7xx_hal_rcc_ex.o
 .text.RCCEx_PLL3_Config
                0x08104fc4      0x164 ./Drivers/STM32H7xx_HAL_Driver/stm32h7xx_hal_rcc_ex.o
 .text.HAL_TIM_Base_Init
                0x08105128       0xae ./Drivers/STM32H7xx_HAL_Driver/stm32h7xx_hal_tim.o
                0x08105128                HAL_TIM_Base_Init
 *fill*         0x081051d6        0x2 
 .text.HAL_TIM_Base_Start_IT
                0x081051d8       0xf0 ./Drivers/STM32H7xx_HAL_Driver/stm32h7xx_hal_tim.o
                0x081051d8                HAL_TIM_Base_Start_IT
 .text.HAL_TIM_IRQHandler
                0x081052c8      0x20e ./Drivers/STM32H7xx_HAL_Driver/stm32h7xx_hal_tim.o
                0x081052c8                HAL_TIM_IRQHandler
 *fill*         0x081054d6        0x2 
 .text.HAL_TIM_ConfigClockSource
                0x081054d8      0x1f0 ./Drivers/STM32H7xx_HAL_Driver/stm32h7xx_hal_tim.o
                0x081054d8                HAL_TIM_ConfigClockSource
 .text.HAL_TIM_OC_DelayElapsedCallback
                0x081056c8       0x14 ./Drivers/STM32H7xx_HAL_Driver/stm32h7xx_hal_tim.o
                0x081056c8                HAL_TIM_OC_DelayElapsedCallback
 .text.HAL_TIM_IC_CaptureCallback
                0x081056dc       0x14 ./Drivers/STM32H7xx_HAL_Driver/stm32h7xx_hal_tim.o
                0x081056dc                HAL_TIM_IC_CaptureCallback
 .text.HAL_TIM_PWM_PulseFinishedCallback
                0x081056f0       0x14 ./Drivers/STM32H7xx_HAL_Driver/stm32h7xx_hal_tim.o
                0x081056f0                HAL_TIM_PWM_PulseFinishedCallback
 .text.HAL_TIM_TriggerCallback
                0x08105704       0x14 ./Drivers/STM32H7xx_HAL_Driver/stm32h7xx_hal_tim.o
                0x08105704                HAL_TIM_TriggerCallback
 .text.TIM_Base_SetConfig
                0x08105718      0x140 ./Drivers/STM32H7xx_HAL_Driver/stm32h7xx_hal_tim.o
                0x08105718                TIM_Base_SetConfig
 .text.TIM_TI1_ConfigInputStage
                0x08105858       0x5e ./Drivers/STM32H7xx_HAL_Driver/stm32h7xx_hal_tim.o
 .text.TIM_TI2_ConfigInputStage
                0x081058b6       0x60 ./Drivers/STM32H7xx_HAL_Driver/stm32h7xx_hal_tim.o
 .text.TIM_ITRx_SetConfig
                0x08105916       0x3a ./Drivers/STM32H7xx_HAL_Driver/stm32h7xx_hal_tim.o
 .text.TIM_ETR_SetConfig
                0x08105950       0x40 ./Drivers/STM32H7xx_HAL_Driver/stm32h7xx_hal_tim.o
                0x08105950                TIM_ETR_SetConfig
 .text.HAL_TIMEx_MasterConfigSynchronization
                0x08105990      0x11c ./Drivers/STM32H7xx_HAL_Driver/stm32h7xx_hal_tim_ex.o
                0x08105990                HAL_TIMEx_MasterConfigSynchronization
 .text.HAL_TIMEx_CommutCallback
                0x08105aac       0x14 ./Drivers/STM32H7xx_HAL_Driver/stm32h7xx_hal_tim_ex.o
                0x08105aac                HAL_TIMEx_CommutCallback
 .text.HAL_TIMEx_BreakCallback
                0x08105ac0       0x14 ./Drivers/STM32H7xx_HAL_Driver/stm32h7xx_hal_tim_ex.o
                0x08105ac0                HAL_TIMEx_BreakCallback
 .text.HAL_TIMEx_Break2Callback
                0x08105ad4       0x14 ./Drivers/STM32H7xx_HAL_Driver/stm32h7xx_hal_tim_ex.o
                0x08105ad4                HAL_TIMEx_Break2Callback
 .text.HAL_UART_Init
                0x08105ae8       0xa0 ./Drivers/STM32H7xx_HAL_Driver/stm32h7xx_hal_uart.o
                0x08105ae8                HAL_UART_Init
 .text.HAL_UART_Transmit
                0x08105b88      0x11c ./Drivers/STM32H7xx_HAL_Driver/stm32h7xx_hal_uart.o
                0x08105b88                HAL_UART_Transmit
 .text.HAL_UART_IRQHandler
                0x08105ca4      0x7ac ./Drivers/STM32H7xx_HAL_Driver/stm32h7xx_hal_uart.o
                0x08105ca4                HAL_UART_IRQHandler
 .text.HAL_UART_TxCpltCallback
                0x08106450       0x14 ./Drivers/STM32H7xx_HAL_Driver/stm32h7xx_hal_uart.o
                0x08106450                HAL_UART_TxCpltCallback
 .text.HAL_UART_ErrorCallback
                0x08106464       0x14 ./Drivers/STM32H7xx_HAL_Driver/stm32h7xx_hal_uart.o
                0x08106464                HAL_UART_ErrorCallback
 .text.HAL_UARTEx_RxEventCallback
                0x08106478       0x18 ./Drivers/STM32H7xx_HAL_Driver/stm32h7xx_hal_uart.o
                0x08106478                HAL_UARTEx_RxEventCallback
 .text.UART_SetConfig
                0x08106490      0xad0 ./Drivers/STM32H7xx_HAL_Driver/stm32h7xx_hal_uart.o
                0x08106490                UART_SetConfig
 .text.UART_AdvFeatureConfig
                0x08106f60      0x144 ./Drivers/STM32H7xx_HAL_Driver/stm32h7xx_hal_uart.o
                0x08106f60                UART_AdvFeatureConfig
 .text.UART_CheckIdleState
                0x081070a4      0x154 ./Drivers/STM32H7xx_HAL_Driver/stm32h7xx_hal_uart.o
                0x081070a4                UART_CheckIdleState
 .text.UART_WaitOnFlagUntilTimeout
                0x081071f8       0xda ./Drivers/STM32H7xx_HAL_Driver/stm32h7xx_hal_uart.o
                0x081071f8                UART_WaitOnFlagUntilTimeout
 .text.UART_EndRxTransfer
                0x081072d2       0xcc ./Drivers/STM32H7xx_HAL_Driver/stm32h7xx_hal_uart.o
 .text.UART_DMAAbortOnError
                0x0810739e       0x24 ./Drivers/STM32H7xx_HAL_Driver/stm32h7xx_hal_uart.o
 .text.UART_EndTransmit_IT
                0x081073c2       0x56 ./Drivers/STM32H7xx_HAL_Driver/stm32h7xx_hal_uart.o
 .text.HAL_UARTEx_WakeupCallback
                0x08107418       0x14 ./Drivers/STM32H7xx_HAL_Driver/stm32h7xx_hal_uart_ex.o
                0x08107418                HAL_UARTEx_WakeupCallback
 .text.HAL_UARTEx_RxFifoFullCallback
                0x0810742c       0x14 ./Drivers/STM32H7xx_HAL_Driver/stm32h7xx_hal_uart_ex.o
                0x0810742c                HAL_UARTEx_RxFifoFullCallback
 .text.HAL_UARTEx_TxFifoEmptyCallback
                0x08107440       0x14 ./Drivers/STM32H7xx_HAL_Driver/stm32h7xx_hal_uart_ex.o
                0x08107440                HAL_UARTEx_TxFifoEmptyCallback
 .text.HAL_UARTEx_DisableFifoMode
                0x08107454       0x72 ./Drivers/STM32H7xx_HAL_Driver/stm32h7xx_hal_uart_ex.o
                0x08107454                HAL_UARTEx_DisableFifoMode
 .text.HAL_UARTEx_SetTxFifoThreshold
                0x081074c6       0x7c ./Drivers/STM32H7xx_HAL_Driver/stm32h7xx_hal_uart_ex.o
                0x081074c6                HAL_UARTEx_SetTxFifoThreshold
 .text.HAL_UARTEx_SetRxFifoThreshold
                0x08107542       0x7c ./Drivers/STM32H7xx_HAL_Driver/stm32h7xx_hal_uart_ex.o
                0x08107542                HAL_UARTEx_SetRxFifoThreshold
 *fill*         0x081075be        0x2 
 .text.UARTEx_SetNbDataToProcess
                0x081075c0       0x9c ./Drivers/STM32H7xx_HAL_Driver/stm32h7xx_hal_uart_ex.o
 .text.__NVIC_SetPriority
                0x0810765c       0x54 ./Middlewares/FreeRTOS/cmsis_os2.o
 .text.SysTick_Handler
                0x081076b0       0x20 ./Middlewares/FreeRTOS/cmsis_os2.o
                0x081076b0                SysTick_Handler
 .text.SVC_Setup
                0x081076d0       0x12 ./Middlewares/FreeRTOS/cmsis_os2.o
 *fill*         0x081076e2        0x2 
 .text.osKernelInitialize
                0x081076e4       0x48 ./Middlewares/FreeRTOS/cmsis_os2.o
                0x081076e4                osKernelInitialize
 .text.osKernelStart
                0x0810772c       0x4c ./Middlewares/FreeRTOS/cmsis_os2.o
                0x0810772c                osKernelStart
 .text.osThreadNew
                0x08107778      0x126 ./Middlewares/FreeRTOS/cmsis_os2.o
                0x08107778                osThreadNew
 .text.osDelay  0x0810789e       0x36 ./Middlewares/FreeRTOS/cmsis_os2.o
                0x0810789e                osDelay
 .text.osSemaphoreNew
                0x081078d4      0x112 ./Middlewares/FreeRTOS/cmsis_os2.o
                0x081078d4                osSemaphoreNew
 *fill*         0x081079e6        0x2 
 .text.osSemaphoreAcquire
                0x081079e8       0xa4 ./Middlewares/FreeRTOS/cmsis_os2.o
                0x081079e8                osSemaphoreAcquire
 .text.osSemaphoreRelease
                0x08107a8c       0x88 ./Middlewares/FreeRTOS/cmsis_os2.o
                0x08107a8c                osSemaphoreRelease
 .text.vApplicationGetIdleTaskMemory
                0x08107b14       0x34 ./Middlewares/FreeRTOS/cmsis_os2.o
                0x08107b14                vApplicationGetIdleTaskMemory
 .text.vApplicationGetTimerTaskMemory
                0x08107b48       0x34 ./Middlewares/FreeRTOS/cmsis_os2.o
                0x08107b48                vApplicationGetTimerTaskMemory
 .text.pvPortMalloc
                0x08107b7c      0x19c ./Middlewares/FreeRTOS/heap_4.o
                0x08107b7c                pvPortMalloc
 .text.vPortFree
                0x08107d18       0xc8 ./Middlewares/FreeRTOS/heap_4.o
                0x08107d18                vPortFree
 .text.prvHeapInit
                0x08107de0       0xc4 ./Middlewares/FreeRTOS/heap_4.o
 .text.prvInsertBlockIntoFreeList
                0x08107ea4       0xb4 ./Middlewares/FreeRTOS/heap_4.o
 .text.vListInitialise
                0x08107f58       0x40 ./Middlewares/FreeRTOS/list.o
                0x08107f58                vListInitialise
 .text.vListInitialiseItem
                0x08107f98       0x1a ./Middlewares/FreeRTOS/list.o
                0x08107f98                vListInitialiseItem
 .text.vListInsertEnd
                0x08107fb2       0x48 ./Middlewares/FreeRTOS/list.o
                0x08107fb2                vListInsertEnd
 .text.vListInsert
                0x08107ffa       0x72 ./Middlewares/FreeRTOS/list.o
                0x08107ffa                vListInsert
 .text.uxListRemove
                0x0810806c       0x54 ./Middlewares/FreeRTOS/list.o
                0x0810806c                uxListRemove
 .text.pxPortInitialiseStack
                0x081080c0       0x68 ./Middlewares/FreeRTOS/port.o
                0x081080c0                pxPortInitialiseStack
 .text.prvTaskExitError
                0x08108128       0x5c ./Middlewares/FreeRTOS/port.o
 *fill*         0x08108184        0xc 
 .text.SVC_Handler
                0x08108190       0x28 ./Middlewares/FreeRTOS/port.o
                0x08108190                SVC_Handler
 .text.prvPortStartFirstTask
                0x081081b8       0x28 ./Middlewares/FreeRTOS/port.o
 .text.xPortStartScheduler
                0x081081e0      0x148 ./Middlewares/FreeRTOS/port.o
                0x081081e0                xPortStartScheduler
 .text.vPortEnterCritical
                0x08108328       0x64 ./Middlewares/FreeRTOS/port.o
                0x08108328                vPortEnterCritical
 .text.vPortExitCritical
                0x0810838c       0x54 ./Middlewares/FreeRTOS/port.o
                0x0810838c                vPortExitCritical
 .text.PendSV_Handler
                0x081083e0       0x68 ./Middlewares/FreeRTOS/port.o
                0x081083e0                PendSV_Handler
 .text.xPortSysTickHandler
                0x08108448       0x44 ./Middlewares/FreeRTOS/port.o
                0x08108448                xPortSysTickHandler
 .text.vPortSetupTimerInterrupt
                0x0810848c       0x48 ./Middlewares/FreeRTOS/port.o
                0x0810848c                vPortSetupTimerInterrupt
 .text.vPortEnableVFP
                0x081084d4       0x14 ./Middlewares/FreeRTOS/port.o
 .text.vPortValidateInterruptPriority
                0x081084e8       0x84 ./Middlewares/FreeRTOS/port.o
                0x081084e8                vPortValidateInterruptPriority
 .text.xQueueGenericReset
                0x0810856c       0xd4 ./Middlewares/FreeRTOS/queue.o
                0x0810856c                xQueueGenericReset
 .text.xQueueGenericCreateStatic
                0x08108640       0xfa ./Middlewares/FreeRTOS/queue.o
                0x08108640                xQueueGenericCreateStatic
 .text.xQueueGenericCreate
                0x0810873a       0x76 ./Middlewares/FreeRTOS/queue.o
                0x0810873a                xQueueGenericCreate
 .text.prvInitialiseNewQueue
                0x081087b0       0x46 ./Middlewares/FreeRTOS/queue.o
 .text.xQueueCreateCountingSemaphoreStatic
                0x081087f6       0x72 ./Middlewares/FreeRTOS/queue.o
                0x081087f6                xQueueCreateCountingSemaphoreStatic
 .text.xQueueCreateCountingSemaphore
                0x08108868       0x6a ./Middlewares/FreeRTOS/queue.o
                0x08108868                xQueueCreateCountingSemaphore
 *fill*         0x081088d2        0x2 
 .text.xQueueGenericSend
                0x081088d4      0x204 ./Middlewares/FreeRTOS/queue.o
                0x081088d4                xQueueGenericSend
 .text.xQueueGenericSendFromISR
                0x08108ad8      0x13c ./Middlewares/FreeRTOS/queue.o
                0x08108ad8                xQueueGenericSendFromISR
 .text.xQueueGiveFromISR
                0x08108c14      0x120 ./Middlewares/FreeRTOS/queue.o
                0x08108c14                xQueueGiveFromISR
 .text.xQueueReceive
                0x08108d34      0x1c4 ./Middlewares/FreeRTOS/queue.o
                0x08108d34                xQueueReceive
 .text.xQueueSemaphoreTake
                0x08108ef8      0x220 ./Middlewares/FreeRTOS/queue.o
                0x08108ef8                xQueueSemaphoreTake
 .text.xQueueReceiveFromISR
                0x08109118      0x104 ./Middlewares/FreeRTOS/queue.o
                0x08109118                xQueueReceiveFromISR
 .text.vQueueDelete
                0x0810921c       0x48 ./Middlewares/FreeRTOS/queue.o
                0x0810921c                vQueueDelete
 .text.prvGetDisinheritPriorityAfterTimeout
                0x08109264       0x30 ./Middlewares/FreeRTOS/queue.o
 .text.prvCopyDataToQueue
                0x08109294       0xd4 ./Middlewares/FreeRTOS/queue.o
 .text.prvCopyDataFromQueue
                0x08109368       0x4c ./Middlewares/FreeRTOS/queue.o
 .text.prvUnlockQueue
                0x081093b4       0xa4 ./Middlewares/FreeRTOS/queue.o
 .text.prvIsQueueEmpty
                0x08109458       0x2c ./Middlewares/FreeRTOS/queue.o
 .text.prvIsQueueFull
                0x08109484       0x30 ./Middlewares/FreeRTOS/queue.o
 .text.vQueueAddToRegistry
                0x081094b4       0x54 ./Middlewares/FreeRTOS/queue.o
                0x081094b4                vQueueAddToRegistry
 .text.vQueueUnregisterQueue
                0x08109508       0x54 ./Middlewares/FreeRTOS/queue.o
                0x08109508                vQueueUnregisterQueue
 .text.vQueueWaitForMessageRestricted
                0x0810955c       0x68 ./Middlewares/FreeRTOS/queue.o
                0x0810955c                vQueueWaitForMessageRestricted
 .text.xTaskCreateStatic
                0x081095c4       0xc0 ./Middlewares/FreeRTOS/tasks.o
                0x081095c4                xTaskCreateStatic
 .text.xTaskCreate
                0x08109684       0x8a ./Middlewares/FreeRTOS/tasks.o
                0x08109684                xTaskCreate
 .text.prvInitialiseNewTask
                0x0810970e      0x120 ./Middlewares/FreeRTOS/tasks.o
 *fill*         0x0810982e        0x2 
 .text.prvAddNewTaskToReadyList
                0x08109830       0xe0 ./Middlewares/FreeRTOS/tasks.o
 .text.vTaskDelay
                0x08109910       0x6c ./Middlewares/FreeRTOS/tasks.o
                0x08109910                vTaskDelay
 .text.vTaskStartScheduler
                0x0810997c       0xd0 ./Middlewares/FreeRTOS/tasks.o
                0x0810997c                vTaskStartScheduler
 .text.vTaskSuspendAll
                0x08109a4c       0x1c ./Middlewares/FreeRTOS/tasks.o
                0x08109a4c                vTaskSuspendAll
 .text.xTaskResumeAll
                0x08109a68      0x13c ./Middlewares/FreeRTOS/tasks.o
                0x08109a68                xTaskResumeAll
 .text.xTaskGetTickCount
                0x08109ba4       0x20 ./Middlewares/FreeRTOS/tasks.o
                0x08109ba4                xTaskGetTickCount
 .text.xTaskIncrementTick
                0x08109bc4      0x174 ./Middlewares/FreeRTOS/tasks.o
                0x08109bc4                xTaskIncrementTick
 .text.vTaskSwitchContext
                0x08109d38       0xbc ./Middlewares/FreeRTOS/tasks.o
                0x08109d38                vTaskSwitchContext
 .text.vTaskPlaceOnEventList
                0x08109df4       0x4c ./Middlewares/FreeRTOS/tasks.o
                0x08109df4                vTaskPlaceOnEventList
 .text.vTaskPlaceOnEventListRestricted
                0x08109e40       0x58 ./Middlewares/FreeRTOS/tasks.o
                0x08109e40                vTaskPlaceOnEventListRestricted
 .text.xTaskRemoveFromEventList
                0x08109e98       0xc8 ./Middlewares/FreeRTOS/tasks.o
                0x08109e98                xTaskRemoveFromEventList
 .text.vTaskInternalSetTimeOutState
                0x08109f60       0x2c ./Middlewares/FreeRTOS/tasks.o
                0x08109f60                vTaskInternalSetTimeOutState
 .text.xTaskCheckForTimeOut
                0x08109f8c       0xc8 ./Middlewares/FreeRTOS/tasks.o
                0x08109f8c                xTaskCheckForTimeOut
 .text.vTaskMissedYield
                0x0810a054       0x18 ./Middlewares/FreeRTOS/tasks.o
                0x0810a054                vTaskMissedYield
 .text.prvIdleTask
                0x0810a06c       0x30 ./Middlewares/FreeRTOS/tasks.o
 .text.prvInitialiseTaskLists
                0x0810a09c       0x80 ./Middlewares/FreeRTOS/tasks.o
 .text.prvCheckTasksWaitingTermination
                0x0810a11c       0x5c ./Middlewares/FreeRTOS/tasks.o
 .text.prvDeleteTCB
                0x0810a178       0x60 ./Middlewares/FreeRTOS/tasks.o
 .text.prvResetNextTaskUnblockTime
                0x0810a1d8       0x40 ./Middlewares/FreeRTOS/tasks.o
 .text.xTaskGetSchedulerState
                0x0810a218       0x3c ./Middlewares/FreeRTOS/tasks.o
                0x0810a218                xTaskGetSchedulerState
 .text.xTaskPriorityInherit
                0x0810a254       0xd0 ./Middlewares/FreeRTOS/tasks.o
                0x0810a254                xTaskPriorityInherit
 .text.xTaskPriorityDisinherit
                0x0810a324       0xe0 ./Middlewares/FreeRTOS/tasks.o
                0x0810a324                xTaskPriorityDisinherit
 .text.vTaskPriorityDisinheritAfterTimeout
                0x0810a404      0x108 ./Middlewares/FreeRTOS/tasks.o
                0x0810a404                vTaskPriorityDisinheritAfterTimeout
 .text.pvTaskIncrementMutexHeldCount
                0x0810a50c       0x28 ./Middlewares/FreeRTOS/tasks.o
                0x0810a50c                pvTaskIncrementMutexHeldCount
 .text.prvAddCurrentTaskToDelayedList
                0x0810a534       0xa8 ./Middlewares/FreeRTOS/tasks.o
 .text.xTimerCreateTimerTask
                0x0810a5dc       0x94 ./Middlewares/FreeRTOS/timers.o
                0x0810a5dc                xTimerCreateTimerTask
 .text.xTimerGenericCommand
                0x0810a670       0x9c ./Middlewares/FreeRTOS/timers.o
                0x0810a670                xTimerGenericCommand
 .text.prvProcessExpiredTimer
                0x0810a70c       0x9c ./Middlewares/FreeRTOS/timers.o
 .text.prvTimerTask
                0x0810a7a8       0x26 ./Middlewares/FreeRTOS/timers.o
 *fill*         0x0810a7ce        0x2 
 .text.prvProcessTimerOrBlockTask
                0x0810a7d0       0x9c ./Middlewares/FreeRTOS/timers.o
 .text.prvGetNextExpireTime
                0x0810a86c       0x48 ./Middlewares/FreeRTOS/timers.o
 .text.prvSampleTimeNow
                0x0810a8b4       0x40 ./Middlewares/FreeRTOS/timers.o
 .text.prvInsertTimerInActiveList
                0x0810a8f4       0x84 ./Middlewares/FreeRTOS/timers.o
 .text.prvProcessReceivedCommands
                0x0810a978      0x1cc ./Middlewares/FreeRTOS/timers.o
 .text.prvSwitchTimerLists
                0x0810ab44       0xcc ./Middlewares/FreeRTOS/timers.o
 .text.prvCheckForValidListAndQueue
                0x0810ac10       0x80 ./Middlewares/FreeRTOS/timers.o
 .text.__cvt    0x0810ac90       0xca /opt/st/stm32cubeide_2.0.0/plugins/com.st.stm32cube.ide.mcu.externaltools.gnu-tools-for-stm32.13.3.rel1.linux64_1.0.100.202509120712/tools/bin/../lib/gcc/arm-none-eabi/13.3.1/../../../../arm-none-eabi/lib/thumb/v7e-m+fp/hard/libc_nano.a(libc_a-nano-vfprintf_float.o)
                0x0810ac90                __cvt
 .text.__exponent
                0x0810ad5a       0x74 /opt/st/stm32cubeide_2.0.0/plugins/com.st.stm32cube.ide.mcu.externaltools.gnu-tools-for-stm32.13.3.rel1.linux64_1.0.100.202509120712/tools/bin/../lib/gcc/arm-none-eabi/13.3.1/../../../../arm-none-eabi/lib/thumb/v7e-m+fp/hard/libc_nano.a(libc_a-nano-vfprintf_float.o)
                0x0810ad5a                __exponent
 *fill*         0x0810adce        0x2 
 .text._printf_float
                0x0810add0      0x454 /opt/st/stm32cubeide_2.0.0/plugins/com.st.stm32cube.ide.mcu.externaltools.gnu-tools-for-stm32.13.3.rel1.linux64_1.0.100.202509120712/tools/bin/../lib/gcc/arm-none-eabi/13.3.1/../../../../arm-none-eabi/lib/thumb/v7e-m+fp/hard/libc_nano.a(libc_a-nano-vfprintf_float.o)
                0x0810add0                _printf_float
 .text._printf_common
                0x0810b224       0xda /opt/st/stm32cubeide_2.0.0/plugins/com.st.stm32cube.ide.mcu.externaltools.gnu-tools-for-stm32.13.3.rel1.linux64_1.0.100.202509120712/tools/bin/../lib/gcc/arm-none-eabi/13.3.1/../../../../arm-none-eabi/lib/thumb/v7e-m+fp/hard/libc_nano.a(libc_a-nano-vfprintf_i.o)
                0x0810b224                _printf_common
 *fill*         0x0810b2fe        0x2 
 .text._printf_i
                0x0810b300      0x23c /opt/st/stm32cubeide_2.0.0/plugins/com.st.stm32cube.ide.mcu.externaltools.gnu-tools-for-stm32.13.3.rel1.linux64_1.0.100.202509120712/tools/bin/../lib/gcc/arm-none-eabi/13.3.1/../../../../arm-none-eabi/lib/thumb/v7e-m+fp/hard/libc_nano.a(libc_a-nano-vfprintf_i.o)
                0x0810b300                _printf_i
 .text._scanf_float
                0x0810b53c      0x41c /opt/st/stm32cubeide_2.0.0/plugins/com.st.stm32cube.ide.mcu.externaltools.gnu-tools-for-stm32.13.3.rel1.linux64_1.0.100.202509120712/tools/bin/../lib/gcc/arm-none-eabi/13.3.1/../../../../arm-none-eabi/lib/thumb/v7e-m+fp/hard/libc_nano.a(libc_a-nano-vfscanf_float.o)
                0x0810b53c                _scanf_float
 .text.std      0x0810b958       0x6c /opt/st/stm32cubeide_2.0.0/plugins/com.st.stm32cube.ide.mcu.externaltools.gnu-tools-for-stm32.13.3.rel1.linux64_1.0.100.202509120712/tools/bin/../lib/gcc/arm-none-eabi/13.3.1/../../../../arm-none-eabi/lib/thumb/v7e-m+fp/hard/libc_nano.a(libc_a-findfp.o)
 .text.stdio_exit_handler
                0x0810b9c4       0x18 /opt/st/stm32cubeide_2.0.0/plugins/com.st.stm32cube.ide.mcu.externaltools.gnu-tools-for-stm32.13.3.rel1.linux64_1.0.100.202509120712/tools/bin/../lib/gcc/arm-none-eabi/13.3.1/../../../../arm-none-eabi/lib/thumb/v7e-m+fp/hard/libc_nano.a(libc_a-findfp.o)
 .text.cleanup_stdio
                0x0810b9dc       0x40 /opt/st/stm32cubeide_2.0.0/plugins/com.st.stm32cube.ide.mcu.externaltools.gnu-tools-for-stm32.13.3.rel1.linux64_1.0.100.202509120712/tools/bin/../lib/gcc/arm-none-eabi/13.3.1/../../../../arm-none-eabi/lib/thumb/v7e-m+fp/hard/libc_nano.a(libc_a-findfp.o)
 .text.global_stdio_init.part.0
                0x0810ba1c       0x3c /opt/st/stm32cubeide_2.0.0/plugins/com.st.stm32cube.ide.mcu.externaltools.gnu-tools-for-stm32.13.3.rel1.linux64_1.0.100.202509120712/tools/bin/../lib/gcc/arm-none-eabi/13.3.1/../../../../arm-none-eabi/lib/thumb/v7e-m+fp/hard/libc_nano.a(libc_a-findfp.o)
 .text.__sfp_lock_acquire
                0x0810ba58        0xc /opt/st/stm32cubeide_2.0.0/plugins/com.st.stm32cube.ide.mcu.externaltools.gnu-tools-for-stm32.13.3.rel1.linux64_1.0.100.202509120712/tools/bin/../lib/gcc/arm-none-eabi/13.3.1/../../../../arm-none-eabi/lib/thumb/v7e-m+fp/hard/libc_nano.a(libc_a-findfp.o)
                0x0810ba58                __sfp_lock_acquire
 .text.__sfp_lock_release
                0x0810ba64        0xc /opt/st/stm32cubeide_2.0.0/plugins/com.st.stm32cube.ide.mcu.externaltools.gnu-tools-for-stm32.13.3.rel1.linux64_1.0.100.202509120712/tools/bin/../lib/gcc/arm-none-eabi/13.3.1/../../../../arm-none-eabi/lib/thumb/v7e-m+fp/hard/libc_nano.a(libc_a-findfp.o)
                0x0810ba64                __sfp_lock_release
 .text.__sinit  0x0810ba70       0x30 /opt/st/stm32cubeide_2.0.0/plugins/com.st.stm32cube.ide.mcu.externaltools.gnu-tools-for-stm32.13.3.rel1.linux64_1.0.100.202509120712/tools/bin/../lib/gcc/arm-none-eabi/13.3.1/../../../../arm-none-eabi/lib/thumb/v7e-m+fp/hard/libc_nano.a(libc_a-findfp.o)
                0x0810ba70                __sinit
 .text._fwalk_sglue
                0x0810baa0       0x3c /opt/st/stm32cubeide_2.0.0/plugins/com.st.stm32cube.ide.mcu.externaltools.gnu-tools-for-stm32.13.3.rel1.linux64_1.0.100.202509120712/tools/bin/../lib/gcc/arm-none-eabi/13.3.1/../../../../arm-none-eabi/lib/thumb/v7e-m+fp/hard/libc_nano.a(libc_a-fwalk.o)
                0x0810baa0                _fwalk_sglue
 .text.printf   0x0810badc       0x24 /opt/st/stm32cubeide_2.0.0/plugins/com.st.stm32cube.ide.mcu.externaltools.gnu-tools-for-stm32.13.3.rel1.linux64_1.0.100.202509120712/tools/bin/../lib/gcc/arm-none-eabi/13.3.1/../../../../arm-none-eabi/lib/thumb/v7e-m+fp/hard/libc_nano.a(libc_a-printf.o)
                0x0810badc                printf
                0x0810badc                iprintf
 .text.snprintf
                0x0810bb00       0x6c /opt/st/stm32cubeide_2.0.0/plugins/com.st.stm32cube.ide.mcu.externaltools.gnu-tools-for-stm32.13.3.rel1.linux64_1.0.100.202509120712/tools/bin/../lib/gcc/arm-none-eabi/13.3.1/../../../../arm-none-eabi/lib/thumb/v7e-m+fp/hard/libc_nano.a(libc_a-snprintf.o)
                0x0810bb00                snprintf
                0x0810bb00                sniprintf
 .text.sprintf  0x0810bb6c       0x44 /opt/st/stm32cubeide_2.0.0/plugins/com.st.stm32cube.ide.mcu.externaltools.gnu-tools-for-stm32.13.3.rel1.linux64_1.0.100.202509120712/tools/bin/../lib/gcc/arm-none-eabi/13.3.1/../../../../arm-none-eabi/lib/thumb/v7e-m+fp/hard/libc_nano.a(libc_a-sprintf.o)
                0x0810bb6c                sprintf
                0x0810bb6c                siprintf
 .text.__sread  0x0810bbb0       0x22 /opt/st/stm32cubeide_2.0.0/plugins/com.st.stm32cube.ide.mcu.externaltools.gnu-tools-for-stm32.13.3.rel1.linux64_1.0.100.202509120712/tools/bin/../lib/gcc/arm-none-eabi/13.3.1/../../../../arm-none-eabi/lib/thumb/v7e-m+fp/hard/libc_nano.a(libc_a-stdio.o)
                0x0810bbb0                __sread
 .text.__swrite
                0x0810bbd2       0x38 /opt/st/stm32cubeide_2.0.0/plugins/com.st.stm32cube.ide.mcu.externaltools.gnu-tools-for-stm32.13.3.rel1.linux64_1.0.100.202509120712/tools/bin/../lib/gcc/arm-none-eabi/13.3.1/../../../../arm-none-eabi/lib/thumb/v7e-m+fp/hard/libc_nano.a(libc_a-stdio.o)
                0x0810bbd2                __swrite
 .text.__sseek  0x0810bc0a       0x24 /opt/st/stm32cubeide_2.0.0/plugins/com.st.stm32cube.ide.mcu.externaltools.gnu-tools-for-stm32.13.3.rel1.linux64_1.0.100.202509120712/tools/bin/../lib/gcc/arm-none-eabi/13.3.1/../../../../arm-none-eabi/lib/thumb/v7e-m+fp/hard/libc_nano.a(libc_a-stdio.o)
                0x0810bc0a                __sseek
 .text.__sclose
                0x0810bc2e        0x8 /opt/st/stm32cubeide_2.0.0/plugins/com.st.stm32cube.ide.mcu.externaltools.gnu-tools-for-stm32.13.3.rel1.linux64_1.0.100.202509120712/tools/bin/../lib/gcc/arm-none-eabi/13.3.1/../../../../arm-none-eabi/lib/thumb/v7e-m+fp/hard/libc_nano.a(libc_a-stdio.o)
                0x0810bc2e                __sclose
 .text.memset   0x0810bc36       0x10 /opt/st/stm32cubeide_2.0.0/plugins/com.st.stm32cube.ide.mcu.externaltools.gnu-tools-for-stm32.13.3.rel1.linux64_1.0.100.202509120712/tools/bin/../lib/gcc/arm-none-eabi/13.3.1/../../../../arm-none-eabi/lib/thumb/v7e-m+fp/hard/libc_nano.a(libc_a-memset.o)
                0x0810bc36                memset
 *fill*         0x0810bc46        0x2 
 .text._localeconv_r
                0x0810bc48        0x8 /opt/st/stm32cubeide_2.0.0/plugins/com.st.stm32cube.ide.mcu.externaltools.gnu-tools-for-stm32.13.3.rel1.linux64_1.0.100.202509120712/tools/bin/../lib/gcc/arm-none-eabi/13.3.1/../../../../arm-none-eabi/lib/thumb/v7e-m+fp/hard/libc_nano.a(libc_a-localeconv.o)
                0x0810bc48                _localeconv_r
 .text._close_r
                0x0810bc50       0x20 /opt/st/stm32cubeide_2.0.0/plugins/com.st.stm32cube.ide.mcu.externaltools.gnu-tools-for-stm32.13.3.rel1.linux64_1.0.100.202509120712/tools/bin/../lib/gcc/arm-none-eabi/13.3.1/../../../../arm-none-eabi/lib/thumb/v7e-m+fp/hard/libc_nano.a(libc_a-closer.o)
                0x0810bc50                _close_r
 .text._lseek_r
                0x0810bc70       0x24 /opt/st/stm32cubeide_2.0.0/plugins/com.st.stm32cube.ide.mcu.externaltools.gnu-tools-for-stm32.13.3.rel1.linux64_1.0.100.202509120712/tools/bin/../lib/gcc/arm-none-eabi/13.3.1/../../../../arm-none-eabi/lib/thumb/v7e-m+fp/hard/libc_nano.a(libc_a-lseekr.o)
                0x0810bc70                _lseek_r
 .text._read_r  0x0810bc94       0x24 /opt/st/stm32cubeide_2.0.0/plugins/com.st.stm32cube.ide.mcu.externaltools.gnu-tools-for-stm32.13.3.rel1.linux64_1.0.100.202509120712/tools/bin/../lib/gcc/arm-none-eabi/13.3.1/../../../../arm-none-eabi/lib/thumb/v7e-m+fp/hard/libc_nano.a(libc_a-readr.o)
                0x0810bc94                _read_r
 .text._write_r
                0x0810bcb8       0x24 /opt/st/stm32cubeide_2.0.0/plugins/com.st.stm32cube.ide.mcu.externaltools.gnu-tools-for-stm32.13.3.rel1.linux64_1.0.100.202509120712/tools/bin/../lib/gcc/arm-none-eabi/13.3.1/../../../../arm-none-eabi/lib/thumb/v7e-m+fp/hard/libc_nano.a(libc_a-writer.o)
                0x0810bcb8                _write_r
 .text.__errno  0x0810bcdc        0xc /opt/st/stm32cubeide_2.0.0/plugins/com.st.stm32cube.ide.mcu.externaltools.gnu-tools-for-stm32.13.3.rel1.linux64_1.0.100.202509120712/tools/bin/../lib/gcc/arm-none-eabi/13.3.1/../../../../arm-none-eabi/lib/thumb/v7e-m+fp/hard/libc_nano.a(libc_a-errno.o)
                0x0810bcdc                __errno
 .text.__libc_init_array
                0x0810bce8       0x48 /opt/st/stm32cubeide_2.0.0/plugins/com.st.stm32cube.ide.mcu.externaltools.gnu-tools-for-stm32.13.3.rel1.linux64_1.0.100.202509120712/tools/bin/../lib/gcc/arm-none-eabi/13.3.1/../../../../arm-none-eabi/lib/thumb/v7e-m+fp/hard/libc_nano.a(libc_a-init.o)
                0x0810bce8                __libc_init_array
 .text.__retarget_lock_init_recursive
                0x0810bd30        0x2 /opt/st/stm32cubeide_2.0.0/plugins/com.st.stm32cube.ide.mcu.externaltools.gnu-tools-for-stm32.13.3.rel1.linux64_1.0.100.202509120712/tools/bin/../lib/gcc/arm-none-eabi/13.3.1/../../../../arm-none-eabi/lib/thumb/v7e-m+fp/hard/libc_nano.a(libc_a-lock.o)
                0x0810bd30                __retarget_lock_init_recursive
 .text.__retarget_lock_acquire_recursive
                0x0810bd32        0x2 /opt/st/stm32cubeide_2.0.0/plugins/com.st.stm32cube.ide.mcu.externaltools.gnu-tools-for-stm32.13.3.rel1.linux64_1.0.100.202509120712/tools/bin/../lib/gcc/arm-none-eabi/13.3.1/../../../../arm-none-eabi/lib/thumb/v7e-m+fp/hard/libc_nano.a(libc_a-lock.o)
                0x0810bd32                __retarget_lock_acquire_recursive
 .text.__retarget_lock_release_recursive
                0x0810bd34        0x2 /opt/st/stm32cubeide_2.0.0/plugins/com.st.stm32cube.ide.mcu.externaltools.gnu-tools-for-stm32.13.3.rel1.linux64_1.0.100.202509120712/tools/bin/../lib/gcc/arm-none-eabi/13.3.1/../../../../arm-none-eabi/lib/thumb/v7e-m+fp/hard/libc_nano.a(libc_a-lock.o)
                0x0810bd34                __retarget_lock_release_recursive
 .text.memcpy   0x0810bd36       0x1c /opt/st/stm32cubeide_2.0.0/plugins/com.st.stm32cube.ide.mcu.externaltools.gnu-tools-for-stm32.13.3.rel1.linux64_1.0.100.202509120712/tools/bin/../lib/gcc/arm-none-eabi/13.3.1/../../../../arm-none-eabi/lib/thumb/v7e-m+fp/hard/libc_nano.a(libc_a-memcpy-stub.o)
                0x0810bd36                memcpy
 *fill*         0x0810bd52        0x2 
 .text.nanf     0x0810bd54        0xc /opt/st/stm32cubeide_2.0.0/plugins/com.st.stm32cube.ide.mcu.externaltools.gnu-tools-for-stm32.13.3.rel1.linux64_1.0.100.202509120712/tools/bin/../lib/gcc/arm-none-eabi/13.3.1/../../../../arm-none-eabi/lib/thumb/v7e-m+fp/hard/libc_nano.a(libm_a-sf_nan.o)
                0x0810bd54                nanf
 .text.quorem   0x0810bd60      0x110 /opt/st/stm32cubeide_2.0.0/plugins/com.st.stm32cube.ide.mcu.externaltools.gnu-tools-for-stm32.13.3.rel1.linux64_1.0.100.202509120712/tools/bin/../lib/gcc/arm-none-eabi/13.3.1/../../../../arm-none-eabi/lib/thumb/v7e-m+fp/hard/libc_nano.a(libc_a-dtoa.o)
 .text._dtoa_r  0x0810be70      0xba0 /opt/st/stm32cubeide_2.0.0/plugins/com.st.stm32cube.ide.mcu.externaltools.gnu-tools-for-stm32.13.3.rel1.linux64_1.0.100.202509120712/tools/bin/../lib/gcc/arm-none-eabi/13.3.1/../../../../arm-none-eabi/lib/thumb/v7e-m+fp/hard/libc_nano.a(libc_a-dtoa.o)
                0x0810be70                _dtoa_r
 .text._free_r  0x0810ca10       0x94 /opt/st/stm32cubeide_2.0.0/plugins/com.st.stm32cube.ide.mcu.externaltools.gnu-tools-for-stm32.13.3.rel1.linux64_1.0.100.202509120712/tools/bin/../lib/gcc/arm-none-eabi/13.3.1/../../../../arm-none-eabi/lib/thumb/v7e-m+fp/hard/libc_nano.a(libc_a-freer.o)
                0x0810ca10                _free_r
 .text.malloc   0x0810caa4       0x10 /opt/st/stm32cubeide_2.0.0/plugins/com.st.stm32cube.ide.mcu.externaltools.gnu-tools-for-stm32.13.3.rel1.linux64_1.0.100.202509120712/tools/bin/../lib/gcc/arm-none-eabi/13.3.1/../../../../arm-none-eabi/lib/thumb/v7e-m+fp/hard/libc_nano.a(libc_a-malloc.o)
                0x0810caa4                malloc
 .text.sbrk_aligned
                0x0810cab4       0x44 /opt/st/stm32cubeide_2.0.0/plugins/com.st.stm32cube.ide.mcu.externaltools.gnu-tools-for-stm32.13.3.rel1.linux64_1.0.100.202509120712/tools/bin/../lib/gcc/arm-none-eabi/13.3.1/../../../../arm-none-eabi/lib/thumb/v7e-m+fp/hard/libc_nano.a(libc_a-mallocr.o)
 .text._malloc_r
                0x0810caf8      0x100 /opt/st/stm32cubeide_2.0.0/plugins/com.st.stm32cube.ide.mcu.externaltools.gnu-tools-for-stm32.13.3.rel1.linux64_1.0.100.202509120712/tools/bin/../lib/gcc/arm-none-eabi/13.3.1/../../../../arm-none-eabi/lib/thumb/v7e-m+fp/hard/libc_nano.a(libc_a-mallocr.o)
                0x0810caf8                _malloc_r
 .text.__malloc_lock
                0x0810cbf8        0xc /opt/st/stm32cubeide_2.0.0/plugins/com.st.stm32cube.ide.mcu.externaltools.gnu-tools-for-stm32.13.3.rel1.linux64_1.0.100.202509120712/tools/bin/../lib/gcc/arm-none-eabi/13.3.1/../../../../arm-none-eabi/lib/thumb/v7e-m+fp/hard/libc_nano.a(libc_a-mlock.o)
                0x0810cbf8                __malloc_lock
 .text.__malloc_unlock
                0x0810cc04        0xc /opt/st/stm32cubeide_2.0.0/plugins/com.st.stm32cube.ide.mcu.externaltools.gnu-tools-for-stm32.13.3.rel1.linux64_1.0.100.202509120712/tools/bin/../lib/gcc/arm-none-eabi/13.3.1/../../../../arm-none-eabi/lib/thumb/v7e-m+fp/hard/libc_nano.a(libc_a-mlock.o)
                0x0810cc04                __malloc_unlock
 .text._Balloc  0x0810cc10       0x80 /opt/st/stm32cubeide_2.0.0/plugins/com.st.stm32cube.ide.mcu.externaltools.gnu-tools-for-stm32.13.3.rel1.linux64_1.0.100.202509120712/tools/bin/../lib/gcc/arm-none-eabi/13.3.1/../../../../arm-none-eabi/lib/thumb/v7e-m+fp/hard/libc_nano.a(libc_a-mprec.o)
                0x0810cc10                _Balloc
 .text._Bfree   0x0810cc90       0x44 /opt/st/stm32cubeide_2.0.0/plugins/com.st.stm32cube.ide.mcu.externaltools.gnu-tools-for-stm32.13.3.rel1.linux64_1.0.100.202509120712/tools/bin/../lib/gcc/arm-none-eabi/13.3.1/../../../../arm-none-eabi/lib/thumb/v7e-m+fp/hard/libc_nano.a(libc_a-mprec.o)
                0x0810cc90                _Bfree
 .text.__multadd
                0x0810ccd4       0x8c /opt/st/stm32cubeide_2.0.0/plugins/com.st.stm32cube.ide.mcu.externaltools.gnu-tools-for-stm32.13.3.rel1.linux64_1.0.100.202509120712/tools/bin/../lib/gcc/arm-none-eabi/13.3.1/../../../../arm-none-eabi/lib/thumb/v7e-m+fp/hard/libc_nano.a(libc_a-mprec.o)
                0x0810ccd4                __multadd
 .text.__s2b    0x0810cd60       0x94 /opt/st/stm32cubeide_2.0.0/plugins/com.st.stm32cube.ide.mcu.externaltools.gnu-tools-for-stm32.13.3.rel1.linux64_1.0.100.202509120712/tools/bin/../lib/gcc/arm-none-eabi/13.3.1/../../../../arm-none-eabi/lib/thumb/v7e-m+fp/hard/libc_nano.a(libc_a-mprec.o)
                0x0810cd60                __s2b
 .text.__hi0bits
                0x0810cdf4       0x3e /opt/st/stm32cubeide_2.0.0/plugins/com.st.stm32cube.ide.mcu.externaltools.gnu-tools-for-stm32.13.3.rel1.linux64_1.0.100.202509120712/tools/bin/../lib/gcc/arm-none-eabi/13.3.1/../../../../arm-none-eabi/lib/thumb/v7e-m+fp/hard/libc_nano.a(libc_a-mprec.o)
                0x0810cdf4                __hi0bits
 .text.__lo0bits
                0x0810ce32       0x5a /opt/st/stm32cubeide_2.0.0/plugins/com.st.stm32cube.ide.mcu.externaltools.gnu-tools-for-stm32.13.3.rel1.linux64_1.0.100.202509120712/tools/bin/../lib/gcc/arm-none-eabi/13.3.1/../../../../arm-none-eabi/lib/thumb/v7e-m+fp/hard/libc_nano.a(libc_a-mprec.o)
                0x0810ce32                __lo0bits
 .text.__i2b    0x0810ce8c       0x2c /opt/st/stm32cubeide_2.0.0/plugins/com.st.stm32cube.ide.mcu.externaltools.gnu-tools-for-stm32.13.3.rel1.linux64_1.0.100.202509120712/tools/bin/../lib/gcc/arm-none-eabi/13.3.1/../../../../arm-none-eabi/lib/thumb/v7e-m+fp/hard/libc_nano.a(libc_a-mprec.o)
                0x0810ce8c                __i2b
 .text.__multiply
                0x0810ceb8      0x144 /opt/st/stm32cubeide_2.0.0/plugins/com.st.stm32cube.ide.mcu.externaltools.gnu-tools-for-stm32.13.3.rel1.linux64_1.0.100.202509120712/tools/bin/../lib/gcc/arm-none-eabi/13.3.1/../../../../arm-none-eabi/lib/thumb/v7e-m+fp/hard/libc_nano.a(libc_a-mprec.o)
                0x0810ceb8                __multiply
 .text.__pow5mult
                0x0810cffc       0xb4 /opt/st/stm32cubeide_2.0.0/plugins/com.st.stm32cube.ide.mcu.externaltools.gnu-tools-for-stm32.13.3.rel1.linux64_1.0.100.202509120712/tools/bin/../lib/gcc/arm-none-eabi/13.3.1/../../../../arm-none-eabi/lib/thumb/v7e-m+fp/hard/libc_nano.a(libc_a-mprec.o)
                0x0810cffc                __pow5mult
 .text.__lshift
                0x0810d0b0       0xd8 /opt/st/stm32cubeide_2.0.0/plugins/com.st.stm32cube.ide.mcu.externaltools.gnu-tools-for-stm32.13.3.rel1.linux64_1.0.100.202509120712/tools/bin/../lib/gcc/arm-none-eabi/13.3.1/../../../../arm-none-eabi/lib/thumb/v7e-m+fp/hard/libc_nano.a(libc_a-mprec.o)
                0x0810d0b0                __lshift
 .text.__mcmp   0x0810d188       0x36 /opt/st/stm32cubeide_2.0.0/plugins/com.st.stm32cube.ide.mcu.externaltools.gnu-tools-for-stm32.13.3.rel1.linux64_1.0.100.202509120712/tools/bin/../lib/gcc/arm-none-eabi/13.3.1/../../../../arm-none-eabi/lib/thumb/v7e-m+fp/hard/libc_nano.a(libc_a-mprec.o)
                0x0810d188                __mcmp
 *fill*         0x0810d1be        0x2 
 .text.__mdiff  0x0810d1c0      0x128 /opt/st/stm32cubeide_2.0.0/plugins/com.st.stm32cube.ide.mcu.externaltools.gnu-tools-for-stm32.13.3.rel1.linux64_1.0.100.202509120712/tools/bin/../lib/gcc/arm-none-eabi/13.3.1/../../../../arm-none-eabi/lib/thumb/v7e-m+fp/hard/libc_nano.a(libc_a-mprec.o)
                0x0810d1c0                __mdiff
 .text.__ulp    0x0810d2e8       0x4c /opt/st/stm32cubeide_2.0.0/plugins/com.st.stm32cube.ide.mcu.externaltools.gnu-tools-for-stm32.13.3.rel1.linux64_1.0.100.202509120712/tools/bin/../lib/gcc/arm-none-eabi/13.3.1/../../../../arm-none-eabi/lib/thumb/v7e-m+fp/hard/libc_nano.a(libc_a-mprec.o)
                0x0810d2e8                __ulp
 .text.__b2d    0x0810d334       0x94 /opt/st/stm32cubeide_2.0.0/plugins/com.st.stm32cube.ide.mcu.externaltools.gnu-tools-for-stm32.13.3.rel1.linux64_1.0.100.202509120712/tools/bin/../lib/gcc/arm-none-eabi/13.3.1/../../../../arm-none-eabi/lib/thumb/v7e-m+fp/hard/libc_nano.a(libc_a-mprec.o)
                0x0810d334                __b2d
 .text.__d2b    0x0810d3c8       0xb0 /opt/st/stm32cubeide_2.0.0/plugins/com.st.stm32cube.ide.mcu.externaltools.gnu-tools-for-stm32.13.3.rel1.linux64_1.0.100.202509120712/tools/bin/../lib/gcc/arm-none-eabi/13.3.1/../../../../arm-none-eabi/lib/thumb/v7e-m+fp/hard/libc_nano.a(libc_a-mprec.o)
                0x0810d3c8                __d2b
 .text.__ratio  0x0810d478       0x64 /opt/st/stm32cubeide_2.0.0/plugins/com.st.stm32cube.ide.mcu.externaltools.gnu-tools-for-stm32.13.3.rel1.linux64_1.0.100.202509120712/tools/bin/../lib/gcc/arm-none-eabi/13.3.1/../../../../arm-none-eabi/lib/thumb/v7e-m+fp/hard/libc_nano.a(libc_a-mprec.o)
                0x0810d478                __ratio
 .text.__copybits
                0x0810d4dc       0x46 /opt/st/stm32cubeide_2.0.0/plugins/com.st.stm32cube.ide.mcu.externaltools.gnu-tools-for-stm32.13.3.rel1.linux64_1.0.100.202509120712/tools/bin/../lib/gcc/arm-none-eabi/13.3.1/../../../../arm-none-eabi/lib/thumb/v7e-m+fp/hard/libc_nano.a(libc_a-mprec.o)
                0x0810d4dc                __copybits
 .text.__any_on
                0x0810d522       0x42 /opt/st/stm32cubeide_2.0.0/plugins/com.st.stm32cube.ide.mcu.externaltools.gnu-tools-for-stm32.13.3.rel1.linux64_1.0.100.202509120712/tools/bin/../lib/gcc/arm-none-eabi/13.3.1/../../../../arm-none-eabi/lib/thumb/v7e-m+fp/hard/libc_nano.a(libc_a-mprec.o)
                0x0810d522                __any_on
 .text.sulp     0x0810d564       0x3c /opt/st/stm32cubeide_2.0.0/plugins/com.st.stm32cube.ide.mcu.externaltools.gnu-tools-for-stm32.13.3.rel1.linux64_1.0.100.202509120712/tools/bin/../lib/gcc/arm-none-eabi/13.3.1/../../../../arm-none-eabi/lib/thumb/v7e-m+fp/hard/libc_nano.a(libc_a-strtod.o)
 .text._strtod_l
                0x0810d5a0      0xbc8 /opt/st/stm32cubeide_2.0.0/plugins/com.st.stm32cube.ide.mcu.externaltools.gnu-tools-for-stm32.13.3.rel1.linux64_1.0.100.202509120712/tools/bin/../lib/gcc/arm-none-eabi/13.3.1/../../../../arm-none-eabi/lib/thumb/v7e-m+fp/hard/libc_nano.a(libc_a-strtod.o)
                0x0810d5a0                _strtod_l
 .text._strtod_r
                0x0810e168        0xc /opt/st/stm32cubeide_2.0.0/plugins/com.st.stm32cube.ide.mcu.externaltools.gnu-tools-for-stm32.13.3.rel1.linux64_1.0.100.202509120712/tools/bin/../lib/gcc/arm-none-eabi/13.3.1/../../../../arm-none-eabi/lib/thumb/v7e-m+fp/hard/libc_nano.a(libc_a-strtod.o)
                0x0810e168                _strtod_r
 .text._strtol_l.isra.0
                0x0810e174       0xf4 /opt/st/stm32cubeide_2.0.0/plugins/com.st.stm32cube.ide.mcu.externaltools.gnu-tools-for-stm32.13.3.rel1.linux64_1.0.100.202509120712/tools/bin/../lib/gcc/arm-none-eabi/13.3.1/../../../../arm-none-eabi/lib/thumb/v7e-m+fp/hard/libc_nano.a(libc_a-strtol.o)
 .text._strtol_r
                0x0810e268        0x4 /opt/st/stm32cubeide_2.0.0/plugins/com.st.stm32cube.ide.mcu.externaltools.gnu-tools-for-stm32.13.3.rel1.linux64_1.0.100.202509120712/tools/bin/../lib/gcc/arm-none-eabi/13.3.1/../../../../arm-none-eabi/lib/thumb/v7e-m+fp/hard/libc_nano.a(libc_a-strtol.o)
                0x0810e268                _strtol_r
 .text.__ssputs_r
                0x0810e26c       0xb6 /opt/st/stm32cubeide_2.0.0/plugins/com.st.stm32cube.ide.mcu.externaltools.gnu-tools-for-stm32.13.3.rel1.linux64_1.0.100.202509120712/tools/bin/../lib/gcc/arm-none-eabi/13.3.1/../../../../arm-none-eabi/lib/thumb/v7e-m+fp/hard/libc_nano.a(libc_a-nano-svfprintf.o)
                0x0810e26c                __ssputs_r
 *fill*         0x0810e322        0x2 
 .text._svfprintf_r
                0x0810e324      0x1f8 /opt/st/stm32cubeide_2.0.0/plugins/com.st.stm32cube.ide.mcu.externaltools.gnu-tools-for-stm32.13.3.rel1.linux64_1.0.100.202509120712/tools/bin/../lib/gcc/arm-none-eabi/13.3.1/../../../../arm-none-eabi/lib/thumb/v7e-m+fp/hard/libc_nano.a(libc_a-nano-svfprintf.o)
                0x0810e324                _svfprintf_r
                0x0810e324                _svfiprintf_r
 .text.__sfputc_r
                0x0810e51c       0x2e /opt/st/stm32cubeide_2.0.0/plugins/com.st.stm32cube.ide.mcu.externaltools.gnu-tools-for-stm32.13.3.rel1.linux64_1.0.100.202509120712/tools/bin/../lib/gcc/arm-none-eabi/13.3.1/../../../../arm-none-eabi/lib/thumb/v7e-m+fp/hard/libc_nano.a(libc_a-nano-vfprintf.o)
 .text.__sfputs_r
                0x0810e54a       0x24 /opt/st/stm32cubeide_2.0.0/plugins/com.st.stm32cube.ide.mcu.externaltools.gnu-tools-for-stm32.13.3.rel1.linux64_1.0.100.202509120712/tools/bin/../lib/gcc/arm-none-eabi/13.3.1/../../../../arm-none-eabi/lib/thumb/v7e-m+fp/hard/libc_nano.a(libc_a-nano-vfprintf.o)
                0x0810e54a                __sfputs_r
 *fill*         0x0810e56e        0x2 
 .text._vfprintf_r
                0x0810e570      0x230 /opt/st/stm32cubeide_2.0.0/plugins/com.st.stm32cube.ide.mcu.externaltools.gnu-tools-for-stm32.13.3.rel1.linux64_1.0.100.202509120712/tools/bin/../lib/gcc/arm-none-eabi/13.3.1/../../../../arm-none-eabi/lib/thumb/v7e-m+fp/hard/libc_nano.a(libc_a-nano-vfprintf.o)
                0x0810e570                _vfiprintf_r
                0x0810e570                _vfprintf_r
 .text.__sflush_r
                0x0810e7a0      0x108 /opt/st/stm32cubeide_2.0.0/plugins/com.st.stm32cube.ide.mcu.externaltools.gnu-tools-for-stm32.13.3.rel1.linux64_1.0.100.202509120712/tools/bin/../lib/gcc/arm-none-eabi/13.3.1/../../../../arm-none-eabi/lib/thumb/v7e-m+fp/hard/libc_nano.a(libc_a-fflush.o)
                0x0810e7a0                __sflush_r
 .text._fflush_r
                0x0810e8a8       0x50 /opt/st/stm32cubeide_2.0.0/plugins/com.st.stm32cube.ide.mcu.externaltools.gnu-tools-for-stm32.13.3.rel1.linux64_1.0.100.202509120712/tools/bin/../lib/gcc/arm-none-eabi/13.3.1/../../../../arm-none-eabi/lib/thumb/v7e-m+fp/hard/libc_nano.a(libc_a-fflush.o)
                0x0810e8a8                _fflush_r
 .text.__swbuf_r
                0x0810e8f8       0x7c /opt/st/stm32cubeide_2.0.0/plugins/com.st.stm32cube.ide.mcu.externaltools.gnu-tools-for-stm32.13.3.rel1.linux64_1.0.100.202509120712/tools/bin/../lib/gcc/arm-none-eabi/13.3.1/../../../../arm-none-eabi/lib/thumb/v7e-m+fp/hard/libc_nano.a(libc_a-wbuf.o)
                0x0810e8f8                __swbuf_r
 .text.__swsetup_r
                0x0810e974       0xac /opt/st/stm32cubeide_2.0.0/plugins/com.st.stm32cube.ide.mcu.externaltools.gnu-tools-for-stm32.13.3.rel1.linux64_1.0.100.202509120712/tools/bin/../lib/gcc/arm-none-eabi/13.3.1/../../../../arm-none-eabi/lib/thumb/v7e-m+fp/hard/libc_nano.a(libc_a-wsetup.o)
                0x0810e974                __swsetup_r
 .text.memmove  0x0810ea20       0x34 /opt/st/stm32cubeide_2.0.0/plugins/com.st.stm32cube.ide.mcu.externaltools.gnu-tools-for-stm32.13.3.rel1.linux64_1.0.100.202509120712/tools/bin/../lib/gcc/arm-none-eabi/13.3.1/../../../../arm-none-eabi/lib/thumb/v7e-m+fp/hard/libc_nano.a(libc_a-memmove.o)
                0x0810ea20                memmove
 .text.strncmp  0x0810ea54       0x24 /opt/st/stm32cubeide_2.0.0/plugins/com.st.stm32cube.ide.mcu.externaltools.gnu-tools-for-stm32.13.3.rel1.linux64_1.0.100.202509120712/tools/bin/../lib/gcc/arm-none-eabi/13.3.1/../../../../arm-none-eabi/lib/thumb/v7e-m+fp/hard/libc_nano.a(libc_a-strncmp.o)
                0x0810ea54                strncmp
 .text._sbrk_r  0x0810ea78       0x20 /opt/st/stm32cubeide_2.0.0/plugins/com.st.stm32cube.ide.mcu.externaltools.gnu-tools-for-stm32.13.3.rel1.linux64_1.0.100.202509120712/tools/bin/../lib/gcc/arm-none-eabi/13.3.1/../../../../arm-none-eabi/lib/thumb/v7e-m+fp/hard/libc_nano.a(libc_a-sbrkr.o)
                0x0810ea78                _sbrk_r
 .text.nan      0x0810ea98       0x10 /opt/st/stm32cubeide_2.0.0/plugins/com.st.stm32cube.ide.mcu.externaltools.gnu-tools-for-stm32.13.3.rel1.linux64_1.0.100.202509120712/tools/bin/../lib/gcc/arm-none-eabi/13.3.1/../../../../arm-none-eabi/lib/thumb/v7e-m+fp/hard/libc_nano.a(libm_a-s_nan.o)
                0x0810ea98                nan
 .text.__assert_func
                0x0810eaa8       0x3c /opt/st/stm32cubeide_2.0.0/plugins/com.st.stm32cube.ide.mcu.externaltools.gnu-tools-for-stm32.13.3.rel1.linux64_1.0.100.202509120712/tools/bin/../lib/gcc/arm-none-eabi/13.3.1/../../../../arm-none-eabi/lib/thumb/v7e-m+fp/hard/libc_nano.a(libc_a-assert.o)
                0x0810eaa8                __assert_func
 .text._calloc_r
                0x0810eae4       0x28 /opt/st/stm32cubeide_2.0.0/plugins/com.st.stm32cube.ide.mcu.externaltools.gnu-tools-for-stm32.13.3.rel1.linux64_1.0.100.202509120712/tools/bin/../lib/gcc/arm-none-eabi/13.3.1/../../../../arm-none-eabi/lib/thumb/v7e-m+fp/hard/libc_nano.a(libc_a-callocr.o)
                0x0810eae4                _calloc_r
 .text.rshift   0x0810eb0c       0xa4 /opt/st/stm32cubeide_2.0.0/plugins/com.st.stm32cube.ide.mcu.externaltools.gnu-tools-for-stm32.13.3.rel1.linux64_1.0.100.202509120712/tools/bin/../lib/gcc/arm-none-eabi/13.3.1/../../../../arm-none-eabi/lib/thumb/v7e-m+fp/hard/libc_nano.a(libc_a-gdtoa-gethex.o)
 .text.__hexdig_fun
                0x0810ebb0       0x2a /opt/st/stm32cubeide_2.0.0/plugins/com.st.stm32cube.ide.mcu.externaltools.gnu-tools-for-stm32.13.3.rel1.linux64_1.0.100.202509120712/tools/bin/../lib/gcc/arm-none-eabi/13.3.1/../../../../arm-none-eabi/lib/thumb/v7e-m+fp/hard/libc_nano.a(libc_a-gdtoa-gethex.o)
                0x0810ebb0                __hexdig_fun
 *fill*         0x0810ebda        0x2 
 .text.__gethex
                0x0810ebdc      0x420 /opt/st/stm32cubeide_2.0.0/plugins/com.st.stm32cube.ide.mcu.externaltools.gnu-tools-for-stm32.13.3.rel1.linux64_1.0.100.202509120712/tools/bin/../lib/gcc/arm-none-eabi/13.3.1/../../../../arm-none-eabi/lib/thumb/v7e-m+fp/hard/libc_nano.a(libc_a-gdtoa-gethex.o)
                0x0810ebdc                __gethex
 .text.L_shift  0x0810effc       0x24 /opt/st/stm32cubeide_2.0.0/plugins/com.st.stm32cube.ide.mcu.externaltools.gnu-tools-for-stm32.13.3.rel1.linux64_1.0.100.202509120712/tools/bin/../lib/gcc/arm-none-eabi/13.3.1/../../../../arm-none-eabi/lib/thumb/v7e-m+fp/hard/libc_nano.a(libc_a-gdtoa-hexnan.o)
 .text.__match  0x0810f020       0x28 /opt/st/stm32cubeide_2.0.0/plugins/com.st.stm32cube.ide.mcu.externaltools.gnu-tools-for-stm32.13.3.rel1.linux64_1.0.100.202509120712/tools/bin/../lib/gcc/arm-none-eabi/13.3.1/../../../../arm-none-eabi/lib/thumb/v7e-m+fp/hard/libc_nano.a(libc_a-gdtoa-hexnan.o)
                0x0810f020                __match
 .text.__hexnan
                0x0810f048      0x136 /opt/st/stm32cubeide_2.0.0/plugins/com.st.stm32cube.ide.mcu.externaltools.gnu-tools-for-stm32.13.3.rel1.linux64_1.0.100.202509120712/tools/bin/../lib/gcc/arm-none-eabi/13.3.1/../../../../arm-none-eabi/lib/thumb/v7e-m+fp/hard/libc_nano.a(libc_a-gdtoa-hexnan.o)
                0x0810f048                __hexnan
 .text.__ascii_mbtowc
                0x0810f17e       0x24 /opt/st/stm32cubeide_2.0.0/plugins/com.st.stm32cube.ide.mcu.externaltools.gnu-tools-for-stm32.13.3.rel1.linux64_1.0.100.202509120712/tools/bin/../lib/gcc/arm-none-eabi/13.3.1/../../../../arm-none-eabi/lib/thumb/v7e-m+fp/hard/libc_nano.a(libc_a-mbtowc_r.o)
                0x0810f17e                __ascii_mbtowc
 .text._realloc_r
                0x0810f1a2       0x5c /opt/st/stm32cubeide_2.0.0/plugins/com.st.stm32cube.ide.mcu.externaltools.gnu-tools-for-stm32.13.3.rel1.linux64_1.0.100.202509120712/tools/bin/../lib/gcc/arm-none-eabi/13.3.1/../../../../arm-none-eabi/lib/thumb/v7e-m+fp/hard/libc_nano.a(libc_a-reallocr.o)
                0x0810f1a2                _realloc_r
 .text.__ascii_wctomb
                0x0810f1fe       0x1a /opt/st/stm32cubeide_2.0.0/plugins/com.st.stm32cube.ide.mcu.externaltools.gnu-tools-for-stm32.13.3.rel1.linux64_1.0.100.202509120712/tools/bin/../lib/gcc/arm-none-eabi/13.3.1/../../../../arm-none-eabi/lib/thumb/v7e-m+fp/hard/libc_nano.a(libc_a-wctomb_r.o)
                0x0810f1fe                __ascii_wctomb
 .text.fprintf  0x0810f218       0x24 /opt/st/stm32cubeide_2.0.0/plugins/com.st.stm32cube.ide.mcu.externaltools.gnu-tools-for-stm32.13.3.rel1.linux64_1.0.100.202509120712/tools/bin/../lib/gcc/arm-none-eabi/13.3.1/../../../../arm-none-eabi/lib/thumb/v7e-m+fp/hard/libc_nano.a(libc_a-fprintf.o)
                0x0810f218                fprintf
                0x0810f218                fiprintf
 .text.__swhatbuf_r
                0x0810f23c       0x4c /opt/st/stm32cubeide_2.0.0/plugins/com.st.stm32cube.ide.mcu.externaltools.gnu-tools-for-stm32.13.3.rel1.linux64_1.0.100.202509120712/tools/bin/../lib/gcc/arm-none-eabi/13.3.1/../../../../arm-none-eabi/lib/thumb/v7e-m+fp/hard/libc_nano.a(libc_a-makebuf.o)
                0x0810f23c                __swhatbuf_r
 .text.__smakebuf_r
                0x0810f288       0x78 /opt/st/stm32cubeide_2.0.0/plugins/com.st.stm32cube.ide.mcu.externaltools.gnu-tools-for-stm32.13.3.rel1.linux64_1.0.100.202509120712/tools/bin/../lib/gcc/arm-none-eabi/13.3.1/../../../../arm-none-eabi/lib/thumb/v7e-m+fp/hard/libc_nano.a(libc_a-makebuf.o)
                0x0810f288                __smakebuf_r
 .text._fstat_r
                0x0810f300       0x24 /opt/st/stm32cubeide_2.0.0/plugins/com.st.stm32cube.ide.mcu.externaltools.gnu-tools-for-stm32.13.3.rel1.linux64_1.0.100.202509120712/tools/bin/../lib/gcc/arm-none-eabi/13.3.1/../../../../arm-none-eabi/lib/thumb/v7e-m+fp/hard/libc_nano.a(libc_a-fstatr.o)
                0x0810f300                _fstat_r
 .text._isatty_r
                0x0810f324       0x20 /opt/st/stm32cubeide_2.0.0/plugins/com.st.stm32cube.ide.mcu.externaltools.gnu-tools-for-stm32.13.3.rel1.linux64_1.0.100.202509120712/tools/bin/../lib/gcc/arm-none-eabi/13.3.1/../../../../arm-none-eabi/lib/thumb/v7e-m+fp/hard/libc_nano.a(libc_a-isattyr.o)
                0x0810f324                _isatty_r
 .text.abort    0x0810f344        0xe /opt/st/stm32cubeide_2.0.0/plugins/com.st.stm32cube.ide.mcu.externaltools.gnu-tools-for-stm32.13.3.rel1.linux64_1.0.100.202509120712/tools/bin/../lib/gcc/arm-none-eabi/13.3.1/../../../../arm-none-eabi/lib/thumb/v7e-m+fp/hard/libc_nano.a(libc_a-abort.o)
                0x0810f344                abort
 .text._malloc_usable_size_r
                0x0810f352       0x10 /opt/st/stm32cubeide_2.0.0/plugins/com.st.stm32cube.ide.mcu.externaltools.gnu-tools-for-stm32.13.3.rel1.linux64_1.0.100.202509120712/tools/bin/../lib/gcc/arm-none-eabi/13.3.1/../../../../arm-none-eabi/lib/thumb/v7e-m+fp/hard/libc_nano.a(libc_a-msizer.o)
                0x0810f352                _malloc_usable_size_r
 .text._raise_r
                0x0810f362       0x50 /opt/st/stm32cubeide_2.0.0/plugins/com.st.stm32cube.ide.mcu.externaltools.gnu-tools-for-stm32.13.3.rel1.linux64_1.0.100.202509120712/tools/bin/../lib/gcc/arm-none-eabi/13.3.1/../../../../arm-none-eabi/lib/thumb/v7e-m+fp/hard/libc_nano.a(libc_a-signal.o)
                0x0810f362                _raise_r
 *fill*         0x0810f3b2        0x2 
 .text.raise    0x0810f3b4       0x10 /opt/st/stm32cubeide_2.0.0/plugins/com.st.stm32cube.ide.mcu.externaltools.gnu-tools-for-stm32.13.3.rel1.linux64_1.0.100.202509120712/tools/bin/../lib/gcc/arm-none-eabi/13.3.1/../../../../arm-none-eabi/lib/thumb/v7e-m+fp/hard/libc_nano.a(libc_a-signal.o)
                0x0810f3b4                raise
 .text._kill_r  0x0810f3c4       0x24 /opt/st/stm32cubeide_2.0.0/plugins/com.st.stm32cube.ide.mcu.externaltools.gnu-tools-for-stm32.13.3.rel1.linux64_1.0.100.202509120712/tools/bin/../lib/gcc/arm-none-eabi/13.3.1/../../../../arm-none-eabi/lib/thumb/v7e-m+fp/hard/libc_nano.a(libc_a-signalr.o)
                0x0810f3c4                _kill_r
 .text._getpid_r
                0x0810f3e8        0x4 /opt/st/stm32cubeide_2.0.0/plugins/com.st.stm32cube.ide.mcu.externaltools.gnu-tools-for-stm32.13.3.rel1.linux64_1.0.100.202509120712/tools/bin/../lib/gcc/arm-none-eabi/13.3.1/../../../../arm-none-eabi/lib/thumb/v7e-m+fp/hard/libc_nano.a(libc_a-signalr.o)
                0x0810f3e8                _getpid_r
 *(.glue_7)
 .glue_7        0x0810f3ec        0x0 linker stubs
 *(.glue_7t)
 .glue_7t       0x0810f3ec        0x0 linker stubs
 *(.eh_frame)
 .eh_frame      0x0810f3ec        0x0 /opt/st/stm32cubeide_2.0.0/plugins/com.st.stm32cube.ide.mcu.externaltools.gnu-tools-for-stm32.13.3.rel1.linux64_1.0.100.202509120712/tools/bin/../lib/gcc/arm-none-eabi/13.3.1/thumb/v7e-m+fp/hard/crtbegin.o
 *(.init)
 .init          0x0810f3ec        0x4 /opt/st/stm32cubeide_2.0.0/plugins/com.st.stm32cube.ide.mcu.externaltools.gnu-tools-for-stm32.13.3.rel1.linux64_1.0.100.202509120712/tools/bin/../lib/gcc/arm-none-eabi/13.3.1/thumb/v7e-m+fp/hard/crti.o
                0x0810f3ec                _init
 .init          0x0810f3f0        0x8 /opt/st/stm32cubeide_2.0.0/plugins/com.st.stm32cube.ide.mcu.externaltools.gnu-tools-for-stm32.13.3.rel1.linux64_1.0.100.202509120712/tools/bin/../lib/gcc/arm-none-eabi/13.3.1/thumb/v7e-m+fp/hard/crtn.o
 *(.fini)
 .fini          0x0810f3f8        0x4 /opt/st/stm32cubeide_2.0.0/plugins/com.st.stm32cube.ide.mcu.externaltools.gnu-tools-for-stm32.13.3.rel1.linux64_1.0.100.202509120712/tools/bin/../lib/gcc/arm-none-eabi/13.3.1/thumb/v7e-m+fp/hard/crti.o
                0x0810f3f8                _fini
 .fini          0x0810f3fc        0x8 /opt/st/stm32cubeide_2.0.0/plugins/com.st.stm32cube.ide.mcu.externaltools.gnu-tools-for-stm32.13.3.rel1.linux64_1.0.100.202509120712/tools/bin/../lib/gcc/arm-none-eabi/13.3.1/thumb/v7e-m+fp/hard/crtn.o
                0x0810f404                        . = ALIGN (0x4)
                0x0810f404                        _etext = .

.vfp11_veneer   0x0810f404        0x0
 .vfp11_veneer  0x0810f404        0x0 linker stubs

.v4_bx          0x0810f404        0x0
 .v4_bx         0x0810f404        0x0 linker stubs

.iplt           0x0810f404        0x0
 .iplt          0x0810f404        0x0 /opt/st/stm32cubeide_2.0.0/plugins/com.st.stm32cube.ide.mcu.externaltools.gnu-tools-for-stm32.13.3.rel1.linux64_1.0.100.202509120712/tools/bin/../lib/gcc/arm-none-eabi/13.3.1/thumb/v7e-m+fp/hard/crtbegin.o

.rodata         0x0810f408      0x524
                0x0810f408                        . = ALIGN (0x4)
 *(.rodata)
 .rodata        0x0810f408       0x54 ./Application/User/Core/freertos.o
 .rodata        0x0810f45c        0x5 ./Middlewares/FreeRTOS/tasks.o
 *fill*         0x0810f461        0x3 
 .rodata        0x0810f464        0xd ./Middlewares/FreeRTOS/timers.o
 *(.rodata*)
 *fill*         0x0810f471        0x3 
 .rodata.defaultTask_attributes
                0x0810f474       0x24 ./Application/User/Core/freertos.o
                0x0810f474                defaultTask_attributes
 .rodata.EncodeTransmit_attributes
                0x0810f498       0x24 ./Application/User/Core/freertos.o
                0x0810f498                EncodeTransmit_attributes
 .rodata.timerBinarySem01_attributes
                0x0810f4bc       0x10 ./Application/User/Core/freertos.o
                0x0810f4bc                timerBinarySem01_attributes
 .rodata.D1CorePrescTable
                0x0810f4cc       0x10 ./Drivers/CMSIS/system_stm32h7xx_dualcore_boot_cm4_cm7.o
                0x0810f4cc                D1CorePrescTable
 .rodata.UARTPrescTable
                0x0810f4dc       0x18 ./Drivers/STM32H7xx_HAL_Driver/stm32h7xx_hal_uart.o
                0x0810f4dc                UARTPrescTable
 .rodata.numerator.1
                0x0810f4f4        0x8 ./Drivers/STM32H7xx_HAL_Driver/stm32h7xx_hal_uart_ex.o
 .rodata.denominator.0
                0x0810f4fc        0x8 ./Drivers/STM32H7xx_HAL_Driver/stm32h7xx_hal_uart_ex.o
 .rodata._printf_float.str1.1
                0x0810f504      0x1d6 /opt/st/stm32cubeide_2.0.0/plugins/com.st.stm32cube.ide.mcu.externaltools.gnu-tools-for-stm32.13.3.rel1.linux64_1.0.100.202509120712/tools/bin/../lib/gcc/arm-none-eabi/13.3.1/../../../../arm-none-eabi/lib/thumb/v7e-m+fp/hard/libc_nano.a(libc_a-nano-vfprintf_float.o)
                                 0x12 (size before relaxing)
 .rodata._printf_i.str1.1
                0x0810f6da        0x0 /opt/st/stm32cubeide_2.0.0/plugins/com.st.stm32cube.ide.mcu.externaltools.gnu-tools-for-stm32.13.3.rel1.linux64_1.0.100.202509120712/tools/bin/../lib/gcc/arm-none-eabi/13.3.1/../../../../arm-none-eabi/lib/thumb/v7e-m+fp/hard/libc_nano.a(libc_a-nano-vfprintf_i.o)
                                 0x22 (size before relaxing)
 .rodata._scanf_float.str1.1
                0x0810f6da        0x0 /opt/st/stm32cubeide_2.0.0/plugins/com.st.stm32cube.ide.mcu.externaltools.gnu-tools-for-stm32.13.3.rel1.linux64_1.0.100.202509120712/tools/bin/../lib/gcc/arm-none-eabi/13.3.1/../../../../arm-none-eabi/lib/thumb/v7e-m+fp/hard/libc_nano.a(libc_a-nano-vfscanf_float.o)
                                  0x6 (size before relaxing)
 .rodata._dtoa_r.str1.1