/home/vijay/Documents/STM/team1project/CM7/Core/Src/freertos.c:84:7:findTemp	24	static
/home/vijay/Documents/STM/team1project/CM7/Core/Src/freertos.c:98:7:findAvg	24	static
/home/vijay/Documents/STM/team1project/CM7/Core/Src/freertos.c:109:6:leftShiftAndAdd	32	static
/home/vijay/Documents/STM/team1project/CM7/Core/Src/freertos.c:131:6:MX_FREERTOS_Init	8	static
/home/vijay/Documents/STM/team1project/CM7/Core/Src/freertos.c:173:6:StartDefaultTask	16	static
/home/vijay/Documents/STM/team1project/CM7/Core/Src/freertos.c:253:6:resetStats	4	static
/home/vijay/Documents/STM/team1project/CM7/Core/Src/freertos.c:263:6:HAL_HSEM_FreeCallback	16	static
/home/vijay/Documents/STM/team1project/CM7/Core/Src/freertos.c:279:6:getData	8	static
