/home/vijay/Documents/STM/team1project/CM7/Core/Src/freertos.c:83:7:findTemp	24	static
/home/vijay/Documents/STM/team1project/CM7/Core/Src/freertos.c:97:7:findAvg	24	static
/home/vijay/Documents/STM/team1project/CM7/Core/Src/freertos.c:108:6:leftShiftAndAdd	32	static
/home/vijay/Documents/STM/team1project/CM7/Core/Src/freertos.c:130:6:MX_FREERTOS_Init	8	static
/home/vijay/Documents/STM/team1project/CM7/Core/Src/freertos.c:172:6:StartDefaultTask	16	static
/home/vijay/Documents/STM/team1project/CM7/Core/Src/freertos.c:247:6:resetStats	4	static
/home/vijay/Documents/STM/team1project/CM7/Core/Src/freertos.c:257:6:HAL_HSEM_FreeCallback	16	static
